[    0.000000] Linux version 5.14.0-427.42.1.el9_4.x86_64 (mockbuild@x86-64-03.build.eng.rdu2.redhat.com) (gcc (GCC) 11.4.1 20231218 (Red Hat 11.4.1-3), GNU ld version 2.35.2-43.el9) #1 SMP PREEMPT_DYNAMIC Fri Oct 18 14:35:40 EDT 2024
[    0.000000] The list of certified hardware and cloud instances for Red Hat Enterprise Linux 9 can be viewed at the Red Hat Ecosystem Catalog, https://catalog.redhat.com.
[    0.000000] Command line: BOOT_IMAGE=(hd0,gpt3)/boot/ostree/rhcos-c6df9f54e97ea9a9502a6bf8c9d435cf8e8a2f2bbeb539920a76ae037d99f8f7/vmlinuz-5.14.0-427.42.1.el9_4.x86_64 rw ostree=/ostree/boot.0/rhcos/c6df9f54e97ea9a9502a6bf8c9d435cf8e8a2f2bbeb539920a76ae037d99f8f7/0 ignition.platform.id=gcp console=tty0 console=ttyS0,115200n8 root=UUID=33108d6c-f487-41ed-9a70-a396fd4f7295 rw rootflags=prjquota boot=UUID=1a69ab7f-5e69-4858-9a8c-c4c49182538d systemd.unified_cgroup_hierarchy=1 cgroup_no_v1=all psi=0
[    0.000000] [Firmware Bug]: TSC doesn't count with P0 frequency!
[    0.000000] x86/fpu: Supporting XSAVE feature 0x001: 'x87 floating point registers'
[    0.000000] x86/fpu: Supporting XSAVE feature 0x002: 'SSE registers'
[    0.000000] x86/fpu: Supporting XSAVE feature 0x004: 'AVX registers'
[    0.000000] x86/fpu: xstate_offset[2]:  576, xstate_sizes[2]:  256
[    0.000000] x86/fpu: Enabled xstate features 0x7, context size is 832 bytes, using 'compacted' format.
[    0.000000] signal: max sigframe size: 1776
[    0.000000] BIOS-provided physical RAM map:
[    0.000000] BIOS-e820: [mem 0x0000000000000000-0x0000000000000fff] reserved
[    0.000000] BIOS-e820: [mem 0x0000000000001000-0x0000000000054fff] usable
[    0.000000] BIOS-e820: [mem 0x0000000000055000-0x000000000005ffff] reserved
[    0.000000] BIOS-e820: [mem 0x0000000000060000-0x0000000000097fff] usable
[    0.000000] BIOS-e820: [mem 0x0000000000098000-0x000000000009ffff] reserved
[    0.000000] BIOS-e820: [mem 0x0000000000100000-0x00000000bf8ecfff] usable
[    0.000000] BIOS-e820: [mem 0x00000000bf8ed000-0x00000000bfb6cfff] reserved
[    0.000000] BIOS-e820: [mem 0x00000000bfb6d000-0x00000000bfb7efff] ACPI data
[    0.000000] BIOS-e820: [mem 0x00000000bfb7f000-0x00000000bfbfefff] ACPI NVS
[    0.000000] BIOS-e820: [mem 0x00000000bfbff000-0x00000000bffdffff] usable
[    0.000000] BIOS-e820: [mem 0x00000000bffe0000-0x00000000bfffffff] reserved
[    0.000000] BIOS-e820: [mem 0x0000000100000000-0x000000043fffffff] usable
[    0.000000] NX (Execute Disable) protection: active
[    0.000000] efi: EFI v2.7 by EDK II
[    0.000000] efi: TPMFinalLog=0xbfbf7000 ACPI=0xbfb7e000 ACPI 2.0=0xbfb7e014 SMBIOS=0xbf9e8000 MOKvar=0xbf9e6000 RNG=0xbfb73018 TPMEventLog=0xbd31e018 
[    0.000000] secureboot: Secure boot disabled
[    0.000000] SMBIOS 2.4 present.
[    0.000000] DMI: Google Google Compute Engine/Google Compute Engine, BIOS Google 09/13/2024
[    0.000000] Hypervisor detected: KVM
[    0.000000] kvm-clock: Using msrs 4b564d01 and 4b564d00
[    0.000001] kvm-clock: using sched offset of 16096029152 cycles
[    0.000003] clocksource: kvm-clock: mask: 0xffffffffffffffff max_cycles: 0x1cd42e4dffb, max_idle_ns: 881590591483 ns
[    0.000005] tsc: Detected 2249.998 MHz processor
[    0.000074] e820: update [mem 0x00000000-0x00000fff] usable ==> reserved
[    0.000076] e820: remove [mem 0x000a0000-0x000fffff] usable
[    0.000079] last_pfn = 0x440000 max_arch_pfn = 0x400000000
[    0.000112] MTRR map: 3 entries (2 fixed + 1 variable; max 18), built from 8 variable MTRRs
[    0.000115] x86/PAT: Configuration [0-7]: WB  WC  UC- UC  WB  WP  UC- WT  
[    0.000161] last_pfn = 0xbffe0 max_arch_pfn = 0x400000000
[    0.003778] Using GB pages for direct mapping
[    0.004009] secureboot: Secure boot disabled
[    0.004010] RAMDISK: [mem 0xb6689000-0xbbefefff]
[    0.004015] ACPI: Early table checksum verification disabled
[    0.004018] ACPI: RSDP 0x00000000BFB7E014 000024 (v02 Google)
[    0.004022] ACPI: XSDT 0x00000000BFB7D0E8 00005C (v01 Google GOOGFACP 00000001      01000013)
[    0.004027] ACPI: FACP 0x00000000BFB78000 0000F4 (v02 Google GOOGFACP 00000001 GOOG 00000001)
[    0.004032] ACPI: DSDT 0x00000000BFB79000 001A64 (v01 Google GOOGDSDT 00000001 GOOG 00000001)
[    0.004034] ACPI: FACS 0x00000000BFBF2000 000040
[    0.004036] ACPI: SSDT 0x00000000BFB7C000 000316 (v02 GOOGLE Tpm2Tabl 00001000 INTL 20240322)
[    0.004039] ACPI: TPM2 0x00000000BFB7B000 000034 (v04 GOOGLE          00000001 GOOG 00000001)
[    0.004042] ACPI: SRAT 0x00000000BFB77000 000108 (v03 Google GOOGSRAT 00000001 GOOG 00000001)
[    0.004044] ACPI: APIC 0x00000000BFB76000 000096 (v05 Google GOOGAPIC 00000001 GOOG 00000001)
[    0.004046] ACPI: SSDT 0x00000000BFB75000 000B04 (v01 Google GOOGSSDT 00000001 GOOG 00000001)
[    0.004048] ACPI: WAET 0x00000000BFB74000 000028 (v01 Google GOOGWAET 00000001 GOOG 00000001)
[    0.004050] ACPI: Reserving FACP table memory at [mem 0xbfb78000-0xbfb780f3]
[    0.004052] ACPI: Reserving DSDT table memory at [mem 0xbfb79000-0xbfb7aa63]
[    0.004052] ACPI: Reserving FACS table memory at [mem 0xbfbf2000-0xbfbf203f]
[    0.004053] ACPI: Reserving SSDT table memory at [mem 0xbfb7c000-0xbfb7c315]
[    0.004054] ACPI: Reserving TPM2 table memory at [mem 0xbfb7b000-0xbfb7b033]
[    0.004055] ACPI: Reserving SRAT table memory at [mem 0xbfb77000-0xbfb77107]
[    0.004056] ACPI: Reserving APIC table memory at [mem 0xbfb76000-0xbfb76095]
[    0.004056] ACPI: Reserving SSDT table memory at [mem 0xbfb75000-0xbfb75b03]
[    0.004057] ACPI: Reserving WAET table memory at [mem 0xbfb74000-0xbfb74027]
[    0.004109] SRAT: PXM 0 -> APIC 0x00 -> Node 0
[    0.004110] SRAT: PXM 0 -> APIC 0x01 -> Node 0
[    0.004111] SRAT: PXM 0 -> APIC 0x02 -> Node 0
[    0.004112] SRAT: PXM 0 -> APIC 0x03 -> Node 0
[    0.004112] SRAT: PXM 0 -> APIC 0x04 -> Node 0
[    0.004113] SRAT: PXM 0 -> APIC 0x05 -> Node 0
[    0.004114] ACPI: SRAT: Node 0 PXM 0 [mem 0x00000000-0x0009ffff]
[    0.004116] ACPI: SRAT: Node 0 PXM 0 [mem 0x00100000-0xbfffffff]
[    0.004117] ACPI: SRAT: Node 0 PXM 0 [mem 0x100000000-0x43fffffff]
[    0.004120] NUMA: Node 0 [mem 0x00000000-0x0009ffff] + [mem 0x00100000-0xbfffffff] -> [mem 0x00000000-0xbfffffff]
[    0.004122] NUMA: Node 0 [mem 0x00000000-0xbfffffff] + [mem 0x100000000-0x43fffffff] -> [mem 0x00000000-0x43fffffff]
[    0.004134] NODE_DATA(0) allocated [mem 0x43ffd5000-0x43fffffff]
[    0.004586] Zone ranges:
[    0.004586]   DMA      [mem 0x0000000000001000-0x0000000000ffffff]
[    0.004588]   DMA32    [mem 0x0000000001000000-0x00000000ffffffff]
[    0.004589]   Normal   [mem 0x0000000100000000-0x000000043fffffff]
[    0.004590]   Device   empty
[    0.004591] Movable zone start for each node
[    0.004593] Early memory node ranges
[    0.004594]   node   0: [mem 0x0000000000001000-0x0000000000054fff]
[    0.004595]   node   0: [mem 0x0000000000060000-0x0000000000097fff]
[    0.004596]   node   0: [mem 0x0000000000100000-0x00000000bf8ecfff]
[    0.004597]   node   0: [mem 0x00000000bfbff000-0x00000000bffdffff]
[    0.004598]   node   0: [mem 0x0000000100000000-0x000000043fffffff]
[    0.004600] Initmem setup node 0 [mem 0x0000000000001000-0x000000043fffffff]
[    0.004750] On node 0, zone DMA: 1 pages in unavailable ranges
[    0.004752] On node 0, zone DMA: 11 pages in unavailable ranges
[    0.004791] On node 0, zone DMA: 104 pages in unavailable ranges
[    0.013370] On node 0, zone DMA32: 786 pages in unavailable ranges
[    0.013734] On node 0, zone Normal: 32 pages in unavailable ranges
[    0.014054] ACPI: PM-Timer IO Port: 0xb008
[    0.014066] ACPI: LAPIC_NMI (acpi_id[0xff] dfl dfl lint[0x1])
[    0.014116] IOAPIC[0]: apic_id 0, version 17, address 0xfec00000, GSI 0-23
[    0.014118] ACPI: INT_SRC_OVR (bus 0 bus_irq 5 global_irq 5 high level)
[    0.014120] ACPI: INT_SRC_OVR (bus 0 bus_irq 9 global_irq 9 high level)
[    0.014121] ACPI: INT_SRC_OVR (bus 0 bus_irq 10 global_irq 10 high level)
[    0.014122] ACPI: INT_SRC_OVR (bus 0 bus_irq 11 global_irq 11 high level)
[    0.014125] ACPI: Using ACPI (MADT) for SMP configuration information
[    0.014130] smpboot: Allowing 6 CPUs, 0 hotplug CPUs
[    0.014158] PM: hibernation: Registered nosave memory: [mem 0x00000000-0x00000fff]
[    0.014159] PM: hibernation: Registered nosave memory: [mem 0x00055000-0x0005ffff]
[    0.014160] PM: hibernation: Registered nosave memory: [mem 0x00098000-0x0009ffff]
[    0.014161] PM: hibernation: Registered nosave memory: [mem 0x000a0000-0x000fffff]
[    0.014161] PM: hibernation: Registered nosave memory: [mem 0xbf8ed000-0xbfb6cfff]
[    0.014162] PM: hibernation: Registered nosave memory: [mem 0xbfb6d000-0xbfb7efff]
[    0.014162] PM: hibernation: Registered nosave memory: [mem 0xbfb7f000-0xbfbfefff]
[    0.014163] PM: hibernation: Registered nosave memory: [mem 0xbffe0000-0xbfffffff]
[    0.014164] PM: hibernation: Registered nosave memory: [mem 0xc0000000-0xffffffff]
[    0.014165] [mem 0xc0000000-0xffffffff] available for PCI devices
[    0.014167] Booting paravirtualized kernel on KVM
[    0.014169] clocksource: refined-jiffies: mask: 0xffffffff max_cycles: 0xffffffff, max_idle_ns: 1910969940391419 ns
[    0.018282] setup_percpu: NR_CPUS:8192 nr_cpumask_bits:6 nr_cpu_ids:6 nr_node_ids:1
[    0.018577] percpu: Embedded 63 pages/cpu s221184 r8192 d28672 u262144
[    0.018582] pcpu-alloc: s221184 r8192 d28672 u262144 alloc=1*2097152
[    0.018584] pcpu-alloc: [0] 0 1 2 3 4 5 - - 
[    0.018612] kvm-guest: PV spinlocks enabled
[    0.018614] PV qspinlock hash table entries: 256 (order: 0, 4096 bytes, linear)
[    0.018621] Fallback order for Node 0: 0 
[    0.018623] Built 1 zonelists, mobility grouping on.  Total pages: 4125688
[    0.018624] Policy zone: Normal
[    0.018625] Kernel command line: BOOT_IMAGE=(hd0,gpt3)/boot/ostree/rhcos-c6df9f54e97ea9a9502a6bf8c9d435cf8e8a2f2bbeb539920a76ae037d99f8f7/vmlinuz-5.14.0-427.42.1.el9_4.x86_64 rw ostree=/ostree/boot.0/rhcos/c6df9f54e97ea9a9502a6bf8c9d435cf8e8a2f2bbeb539920a76ae037d99f8f7/0 ignition.platform.id=gcp console=tty0 console=ttyS0,115200n8 root=UUID=33108d6c-f487-41ed-9a70-a396fd4f7295 rw rootflags=prjquota boot=UUID=1a69ab7f-5e69-4858-9a8c-c4c49182538d systemd.unified_cgroup_hierarchy=1 cgroup_no_v1=all psi=0
[    0.018757] Unknown kernel command line parameters "BOOT_IMAGE=(hd0,gpt3)/boot/ostree/rhcos-c6df9f54e97ea9a9502a6bf8c9d435cf8e8a2f2bbeb539920a76ae037d99f8f7/vmlinuz-5.14.0-427.42.1.el9_4.x86_64 ostree=/ostree/boot.0/rhcos/c6df9f54e97ea9a9502a6bf8c9d435cf8e8a2f2bbeb539920a76ae037d99f8f7/0 boot=UUID=1a69ab7f-5e69-4858-9a8c-c4c49182538d", will be passed to user space.
[    0.018788] random: crng init done
[    0.020451] Dentry cache hash table entries: 2097152 (order: 12, 16777216 bytes, linear)
[    0.021293] Inode-cache hash table entries: 1048576 (order: 11, 8388608 bytes, linear)
[    0.021552] mem auto-init: stack:off, heap alloc:off, heap free:off
[    0.021558] software IO TLB: area num 8.
[    0.044104] Memory: 3059712K/16773480K available (16384K kernel code, 5626K rwdata, 11760K rodata, 3892K init, 5956K bss, 553656K reserved, 0K cma-reserved)
[    0.044189] SLUB: HWalign=64, Order=0-3, MinObjects=0, CPUs=6, Nodes=1
[    0.044198] ftrace: allocating 46896 entries in 184 pages
[    0.065292] ftrace: allocated 184 pages with 4 groups
[    0.066075] Dynamic Preempt: voluntary
[    0.066315] rcu: Preemptible hierarchical RCU implementation.
[    0.066317] rcu: 	RCU restricting CPUs from NR_CPUS=8192 to nr_cpu_ids=6.
[    0.066319] 	Trampoline variant of Tasks RCU enabled.
[    0.066319] 	Rude variant of Tasks RCU enabled.
[    0.066319] 	Tracing variant of Tasks RCU enabled.
[    0.066320] rcu: RCU calculated value of scheduler-enlistment delay is 100 jiffies.
[    0.066321] rcu: Adjusting geometry for rcu_fanout_leaf=16, nr_cpu_ids=6
[    0.070034] NR_IRQS: 524544, nr_irqs: 472, preallocated irqs: 16
[    0.070232] rcu: srcu_init: Setting srcu_struct sizes based on contention.
[    0.070312] kfence: initialized - using 2097152 bytes for 255 objects at 0x(____ptrval____)-0x(____ptrval____)
[    0.070338] Console: colour dummy device 80x25
[    0.070559] printk: console [tty0] enabled
[    1.154657] printk: console [ttyS0] enabled
[    1.158983] ACPI: Core revision 20221020
[    1.163279] APIC: Switch to symmetric I/O mode setup
[    1.169146] x2apic enabled
[    1.176410] Switched APIC routing to physical x2apic.
[    1.187160] ..TIMER: vector=0x30 apic1=0 pin1=0 apic2=-1 pin2=-1
[    1.194353] clocksource: tsc-early: mask: 0xffffffffffffffff max_cycles: 0x206eb2111f5, max_idle_ns: 440795222471 ns
[    1.205054] Calibrating delay loop (skipped) preset value.. 4499.99 BogoMIPS (lpj=2249998)
[    1.206063] pid_max: default: 32768 minimum: 301
[    1.216516] LSM: initializing lsm=lockdown,capability,yama,integrity,selinux,bpf
[    1.218068] Yama: becoming mindful.
[    1.219081] SELinux:  Initializing.
[    1.220083] LSM support for eBPF active
[    1.221339] Mount-cache hash table entries: 32768 (order: 6, 262144 bytes, linear)
[    1.222074] Mountpoint-cache hash table entries: 32768 (order: 6, 262144 bytes, linear)
[    1.223225] Disabling cpuset control group subsystem in v1 mounts
[    1.224069] Disabling cpu control group subsystem in v1 mounts
[    1.225063] Disabling cpuacct control group subsystem in v1 mounts
[    1.226074] Disabling io control group subsystem in v1 mounts
[    1.227080] Disabling memory control group subsystem in v1 mounts
[    1.229070] Disabling devices control group subsystem in v1 mounts
[    1.230059] Disabling freezer control group subsystem in v1 mounts
[    1.231055] Disabling net_cls control group subsystem in v1 mounts
[    1.232063] Disabling perf_event control group subsystem in v1 mounts
[    1.233057] Disabling net_prio control group subsystem in v1 mounts
[    1.234060] Disabling hugetlb control group subsystem in v1 mounts
[    1.235060] Disabling pids control group subsystem in v1 mounts
[    1.236058] Disabling rdma control group subsystem in v1 mounts
[    1.237073] Disabling misc control group subsystem in v1 mounts
[    1.239104] x86/cpu: User Mode Instruction Prevention (UMIP) activated
[    1.240231] Last level iTLB entries: 4KB 1024, 2MB 1024, 4MB 512
[    1.241057] Last level dTLB entries: 4KB 2048, 2MB 2048, 4MB 1024, 1GB 0
[    1.242072] Spectre V1 : Mitigation: usercopy/swapgs barriers and __user pointer sanitization
[    1.243063] Spectre V2 : Mitigation: Retpolines
[    1.244064] Spectre V2 : Spectre v2 / SpectreRSB mitigation: Filling RSB on context switch
[    1.245060] Spectre V2 : Spectre v2 / SpectreRSB : Filling RSB on VMEXIT
[    1.246065] Spectre V2 : Enabling Speculation Barrier for firmware calls
[    1.247065] RETBleed: Mitigation: untrained return thunk
[    1.248059] Spectre V2 : mitigation: Enabling conditional Indirect Branch Prediction Barrier
[    1.249055] Spectre V2 : Selecting STIBP always-on mode to complement retbleed mitigation
[    1.250065] Spectre V2 : User space: Mitigation: STIBP always-on protection
[    1.251065] Speculative Store Bypass: Mitigation: Speculative Store Bypass disabled via prctl
[    1.252060] Speculative Return Stack Overflow: Mitigation: Safe RET
[    1.273099] Freeing SMP alternatives memory: 36K
[    1.377189] smpboot: CPU0: AMD EPYC 7B12 (family: 0x17, model: 0x31, stepping: 0x0)
[    1.378325] cblist_init_generic: Setting adjustable number of callback queues.
[    1.379054] cblist_init_generic: Setting shift to 3 and lim to 1.
[    1.380141] cblist_init_generic: Setting shift to 3 and lim to 1.
[    1.381113] cblist_init_generic: Setting shift to 3 and lim to 1.
[    1.382122] Performance Events: PMU not available due to virtualization, using software events only.
[    1.384180] rcu: Hierarchical SRCU implementation.
[    1.385067] rcu: 	Max phase no-delay instances is 400.
[    1.389219] NMI watchdog: Perf NMI watchdog permanently disabled
[    1.390269] smp: Bringing up secondary CPUs ...
[    1.391224] x86: Booting SMP configuration:
[    1.392058] .... node  #0, CPUs:      #1 #2 #3
[    1.395053] Spectre V2 : Update user space SMT mitigation: STIBP always-on
[    1.397316]  #4 #5
[    1.398641] smp: Brought up 1 node, 6 CPUs
[    1.400060] smpboot: Max logical packages: 1
[    1.401063] smpboot: Total of 6 processors activated (26999.97 BogoMIPS)
[    1.433109] node 0 deferred pages initialised in 30ms
[    1.439283] devtmpfs: initialized
[    1.442150] x86/mm: Memory block size: 128MB
[    1.449367] ACPI: PM: Registering ACPI NVS region [mem 0xbfb7f000-0xbfbfefff] (524288 bytes)
[    1.458184] clocksource: jiffies: mask: 0xffffffff max_cycles: 0xffffffff, max_idle_ns: 1911260446275000 ns
[    1.468072] futex hash table entries: 2048 (order: 5, 131072 bytes, linear)
[    1.475180] pinctrl core: initialized pinctrl subsystem
[    1.482198] NET: Registered PF_NETLINK/PF_ROUTE protocol family
[    1.488339] DMA: preallocated 2048 KiB GFP_KERNEL pool for atomic allocations
[    1.496077] DMA: preallocated 2048 KiB GFP_KERNEL|GFP_DMA pool for atomic allocations
[    1.504076] DMA: preallocated 2048 KiB GFP_KERNEL|GFP_DMA32 pool for atomic allocations
[    1.512110] audit: initializing netlink subsys (disabled)
[    1.518110] audit: type=2000 audit(1729774807.625:1): state=initialized audit_enabled=0 res=1
[    1.518231] thermal_sys: Registered thermal governor 'fair_share'
[    1.519070] thermal_sys: Registered thermal governor 'step_wise'
[    1.525063] thermal_sys: Registered thermal governor 'user_space'
[    1.532075] cpuidle: using governor menu
[    1.535402] acpiphp: ACPI Hot Plug PCI Controller Driver version: 0.5
[    1.542219] PCI: Using configuration type 1 for base access
[    1.548055] PCI: Using configuration type 1 for extended access
[    1.557125] kprobes: kprobe jump-optimization is enabled. All kprobes are optimized if possible.
[    1.567071] HugeTLB: registered 1.00 GiB page size, pre-allocated 0 pages
[    1.573064] HugeTLB: 16380 KiB vmemmap can be freed for a 1.00 GiB page
[    1.580065] HugeTLB: registered 2.00 MiB page size, pre-allocated 0 pages
[    1.587061] HugeTLB: 28 KiB vmemmap can be freed for a 2.00 MiB page
[    1.595127] cryptd: max_cpu_qlen set to 1000
[    1.600193] ACPI: Added _OSI(Module Device)
[    1.605063] ACPI: Added _OSI(Processor Device)
[    1.610066] ACPI: Added _OSI(3.0 _SCP Extensions)
[    1.615068] ACPI: Added _OSI(Processor Aggregator Device)
[    1.621062] ACPI: Added _OSI(Linux-Dell-Video)
[    1.626066] ACPI: Added _OSI(Linux-Lenovo-NV-HDMI-Audio)
[    1.632069] ACPI: Added _OSI(Linux-HPI-Hybrid-Graphics)
[    1.638621] ACPI: 3 ACPI AML tables successfully acquired and loaded
[    1.647605] ACPI: Interpreter enabled
[    1.652089] ACPI: PM: (supports S0 S3 S4 S5)
[    1.657065] ACPI: Using IOAPIC for interrupt routing
[    1.664166] PCI: Using host bridge windows from ACPI; if necessary, use "pci=nocrs" and report a bug
[    1.674067] PCI: Ignoring E820 reservations for host bridge windows
[    1.680317] ACPI: Enabled 16 GPEs in block 00 to 0F
[    1.690502] ACPI: PCI Root Bridge [PCI0] (domain 0000 [bus 00-ff])
[    1.697081] acpi PNP0A03:00: _OSC: OS supports [ExtendedConfig ASPM ClockPM Segments MSI EDR HPX-Type3]
[    1.708719] PCI host bridge to bus 0000:00
[    1.713072] pci_bus 0000:00: root bus resource [io  0x0000-0x0cf7 window]
[    1.721076] pci_bus 0000:00: root bus resource [io  0x0d00-0xffff window]
[    1.729073] pci_bus 0000:00: root bus resource [mem 0x000a0000-0x000bffff window]
[    1.737071] pci_bus 0000:00: root bus resource [mem 0xc0000000-0xfebfefff window]
[    1.745071] pci_bus 0000:00: root bus resource [bus 00-ff]
[    1.751228] pci 0000:00:00.0: [8086:1237] type 00 class 0x060000
[    1.760236] pci 0000:00:01.0: [8086:7110] type 00 class 0x060100
[    1.785228] pci 0000:00:01.3: [8086:7113] type 00 class 0x068000
[    1.811149] pci 0000:00:01.3: quirk: [io  0xb000-0xb03f] claimed by PIIX4 ACPI
[    1.819425] pci 0000:00:03.0: [1af4:1004] type 00 class 0x000000
[    1.835056] pci 0000:00:03.0: reg 0x10: [io  0xc040-0xc07f]
[    1.844057] pci 0000:00:03.0: reg 0x14: [mem 0xc0001000-0xc000107f]
[    1.863428] pci 0000:00:04.0: [1af4:1000] type 00 class 0x020000
[    1.875058] pci 0000:00:04.0: reg 0x10: [io  0xc000-0xc03f]
[    1.886057] pci 0000:00:04.0: reg 0x14: [mem 0xc0000000-0xc00000ff]
[    1.905281] pci 0000:00:05.0: [1af4:1002] type 00 class 0x00ff00
[    1.920058] pci 0000:00:05.0: reg 0x10: [io  0xc0a0-0xc0bf]
[    1.940346] pci 0000:00:06.0: [1af4:1005] type 00 class 0x00ff00
[    1.955058] pci 0000:00:06.0: reg 0x10: [io  0xc080-0xc09f]
[    1.965048] pci 0000:00:06.0: reg 0x14: [mem 0xc0002000-0xc000203f]
[    1.984774] ACPI: PCI: Interrupt link LNKA configured for IRQ 10
[    1.993175] ACPI: PCI: Interrupt link LNKB configured for IRQ 10
[    2.001231] ACPI: PCI: Interrupt link LNKC configured for IRQ 11
[    2.010172] ACPI: PCI: Interrupt link LNKD configured for IRQ 11
[    2.018110] ACPI: PCI: Interrupt link LNKS configured for IRQ 9
[    2.026273] iommu: Default domain type: Translated
[    2.031058] iommu: DMA domain TLB invalidation policy: lazy mode
[    2.037256] SCSI subsystem initialized
[    2.041144] ACPI: bus type USB registered
[    2.046106] usbcore: registered new interface driver usbfs
[    2.052098] usbcore: registered new interface driver hub
[    2.058092] usbcore: registered new device driver usb
[    2.063151] pps_core: LinuxPPS API ver. 1 registered
[    2.068061] pps_core: Software ver. 5.3.6 - Copyright 2005-2007 Rodolfo Giometti <giometti@linux.it>
[    2.078088] PTP clock support registered
[    2.083079] EDAC MC: Ver: 3.0.0
[    2.087054] Registered efivars operations
[    2.091510] NetLabel: Initializing
[    2.095058] NetLabel:  domain hash size = 128
[    2.100062] NetLabel:  protocols = UNLABELED CIPSOv4 CALIPSO
[    2.106112] NetLabel:  unlabeled traffic allowed by default
[    2.112063] PCI: Using ACPI for IRQ routing
[    2.116059] PCI: pci_cache_line_size set to 64 bytes
[    2.116161] e820: reserve RAM buffer [mem 0x00055000-0x0005ffff]
[    2.116165] e820: reserve RAM buffer [mem 0x00098000-0x0009ffff]
[    2.116167] e820: reserve RAM buffer [mem 0xbf8ed000-0xbfffffff]
[    2.116169] e820: reserve RAM buffer [mem 0xbffe0000-0xbfffffff]
[    2.116223] vgaarb: loaded
[    2.119324] clocksource: Switched to clocksource kvm-clock
[    2.125105] VFS: Disk quotas dquot_6.6.0
[    2.129448] VFS: Dquot-cache hash table entries: 512 (order 0, 4096 bytes)
[    2.136818] pnp: PnP ACPI init
[    2.140787] pnp: PnP ACPI: found 7 devices
[    2.153248] clocksource: acpi_pm: mask: 0xffffff max_cycles: 0xffffff, max_idle_ns: 2085701024 ns
[    2.162451] NET: Registered PF_INET protocol family
[    2.168025] IP idents hash table entries: 262144 (order: 9, 2097152 bytes, linear)
[    2.178881] tcp_listen_portaddr_hash hash table entries: 8192 (order: 5, 131072 bytes, linear)
[    2.187705] Table-perturb hash table entries: 65536 (order: 6, 262144 bytes, linear)
[    2.195795] TCP established hash table entries: 131072 (order: 8, 1048576 bytes, linear)
[    2.204910] TCP bind hash table entries: 65536 (order: 8, 1048576 bytes, linear)
[    2.212580] TCP: Hash tables configured (established 131072 bind 65536)
[    2.219462] MPTCP token hash table entries: 16384 (order: 6, 393216 bytes, linear)
[    2.227565] UDP hash table entries: 8192 (order: 6, 262144 bytes, linear)
[    2.234694] UDP-Lite hash table entries: 8192 (order: 6, 262144 bytes, linear)
[    2.242553] NET: Registered PF_UNIX/PF_LOCAL protocol family
[    2.248480] NET: Registered PF_XDP protocol family
[    2.253505] pci_bus 0000:00: resource 4 [io  0x0000-0x0cf7 window]
[    2.259826] pci_bus 0000:00: resource 5 [io  0x0d00-0xffff window]
[    2.266405] pci_bus 0000:00: resource 6 [mem 0x000a0000-0x000bffff window]
[    2.273433] pci_bus 0000:00: resource 7 [mem 0xc0000000-0xfebfefff window]
[    2.280817] pci 0000:00:00.0: Limiting direct PCI/PCI transfers
[    2.287165] PCI: CLS 0 bytes, default 64
[    2.291521] PCI-DMA: Using software bounce buffering for IO (SWIOTLB)
[    2.291683] Trying to unpack rootfs image as initramfs...
[    2.298146] software IO TLB: mapped [mem 0x00000000b2689000-0x00000000b6689000] (64MB)
[    2.298188] ACPI: bus type thunderbolt registered
[    2.318239] amd_uncore: 0 amd_df counters detected
[    2.323333] amd_uncore: 0 amd_l3 counters detected
[    2.329101] clocksource: tsc: mask: 0xffffffffffffffff max_cycles: 0x206eb2111f5, max_idle_ns: 440795222471 ns
[    2.339537] clocksource: Switched to clocksource tsc
[    2.348233] Initialise system trusted keyrings
[    2.352896] Key type blacklist registered
[    2.357331] workingset: timestamp_bits=36 max_order=22 bucket_order=0
[    2.367493] zbud: loaded
[    2.371285] integrity: Platform Keyring initialized
[    2.376318] integrity: Machine keyring initialized
[    2.385240] NET: Registered PF_ALG protocol family
[    2.390563] xor: automatically using best checksumming function   avx       
[    2.397744] Key type asymmetric registered
[    2.402097] Asymmetric key parser 'x509' registered
[    2.407250] Running certificate verification selftests
[    2.414653] Loaded X.509 cert 'Certificate verification self-testing key: f58703bb33ce1b73ee02eccdee5b8817518fe3db'
[    2.426013] Block layer SCSI generic (bsg) driver version 0.4 loaded (major 246)
[    2.434291] io scheduler mq-deadline registered
[    2.439113] io scheduler kyber registered
[    2.443339] io scheduler bfq registered
[    2.449905] atomic64_test: passed for x86-64 platform with CX8 and with SSE
[    2.457709] shpchp: Standard Hot Plug PCI Controller Driver version: 0.4
[    2.464781] input: Power Button as /devices/LNXSYSTM:00/LNXPWRBN:00/input/input0
[    2.472436] ACPI: button: Power Button [PWRF]
[    2.477118] input: Sleep Button as /devices/LNXSYSTM:00/LNXSLPBN:00/input/input1
[    2.484870] ACPI: button: Sleep Button [SLPF]
[    2.493683] ACPI: \_SB_.LNKC: Enabled at IRQ 11
[    2.498514] virtio-pci 0000:00:03.0: virtio_pci: leaving for legacy driver
[    2.514321] ACPI: \_SB_.LNKD: Enabled at IRQ 10
[    2.519184] virtio-pci 0000:00:04.0: virtio_pci: leaving for legacy driver
[    2.534816] ACPI: \_SB_.LNKA: Enabled at IRQ 10
[    2.539523] virtio-pci 0000:00:05.0: virtio_pci: leaving for legacy driver
[    2.554564] ACPI: \_SB_.LNKB: Enabled at IRQ 11
[    2.559451] virtio-pci 0000:00:06.0: virtio_pci: leaving for legacy driver
[    2.572283] Serial: 8250/16550 driver, 4 ports, IRQ sharing enabled
[    2.579272] 00:03: ttyS0 at I/O 0x3f8 (irq = 4, base_baud = 115200) is a 16550A
[    2.587012] 00:04: ttyS1 at I/O 0x2f8 (irq = 3, base_baud = 115200) is a 16550A
[    2.594770] 00:05: ttyS2 at I/O 0x3e8 (irq = 6, base_baud = 115200) is a 16550A
[    2.602662] 00:06: ttyS3 at I/O 0x2e8 (irq = 7, base_baud = 115200) is a 16550A
[    2.610636] Non-volatile memory driver v1.3
[    2.637290] tpm_tis MSFT0101:00: 2.0 TPM (device-id 0x9009, rev-id 0)
[    2.652885] rdac: device handler registered
[    2.657426] hp_sw: device handler registered
[    2.661948] emc: device handler registered
[    2.666495] alua: device handler registered
[    2.671437] usbcore: registered new interface driver usbserial_generic
[    2.678520] usbserial: USB Serial support registered for generic
[    2.684847] i8042: PNP: PS/2 Controller [PNP0303:KBD,PNP0f13:MOU] at 0x60,0x64 irq 1,12
[    2.693865] i8042: Warning: Keylock active
[    2.700989] serio: i8042 KBD port at 0x60,0x64 irq 1
[    2.706117] serio: i8042 AUX port at 0x60,0x64 irq 12
[    2.711864] mousedev: PS/2 mouse device common for all mice
[    2.718267] rtc_cmos 00:00: RTC can wake from S4
[    2.724586] rtc_cmos 00:00: registered as rtc0
[    2.729241] rtc_cmos 00:00: setting system clock to 2024-10-24T13:00:10 UTC (1729774810)
[    2.737947] rtc_cmos 00:00: alarms up to one day, 114 bytes nvram
[    2.744288] amd_pstate: the _CPC object is not present in SBIOS or ACPI disabled
[    2.752222] EFI Variables Facility v0.08 2004-May-17
[    2.765987] hid: raw HID events driver (C) Jiri Kosina
[    2.771453] usbcore: registered new interface driver usbhid
[    2.777523] usbhid: USB HID core driver
[    2.781625] drop_monitor: Initializing network drop monitor service
[    2.801666] Initializing XFRM netlink socket
[    2.806602] NET: Registered PF_INET6 protocol family
[    2.832480] Freeing initrd memory: 90584K
[    2.845189] Segment Routing with IPv6
[    2.849104] NET: Registered PF_PACKET protocol family
[    2.854482] mpls_gso: MPLS GSO support
[    2.859923] IPI shorthand broadcast: enabled
[    2.864425] AVX2 version of gcm_enc/dec engaged.
[    2.869463] AES CTR mode by8 optimization enabled
[    2.874792] sched_clock: Marking stable (1744798275, 1129810537)->(3341770188, -467161376)
[    2.884264] registered taskstats version 1
[    2.889666] Loading compiled-in X.509 certificates
[    2.895875] Loaded X.509 cert 'Red Hat Enterprise Linux kernel signing key: bf59b92082ebbf8169fdb411d1644fa32c4f10d8'
[    2.907522] Loaded X.509 cert 'Red Hat Enterprise Linux Driver Update Program (key 3): bf57f3e87362bc7229d9f465321773dfd1f77a80'
[    2.920157] input: AT Translated Set 2 keyboard as /devices/platform/i8042/serio0/input/input2
[    2.921218] Loaded X.509 cert 'Red Hat Enterprise Linux kpatch signing key: 4d38fd864ebe18c5f0b72e3852e2014c3a676fc8'
[    2.940561] Loaded X.509 cert 'RH-IMA-CA: Red Hat IMA CA: fb31825dd0e073685b264e3038963673f753959a'
[    2.949999] Loaded X.509 cert 'Nvidia GPU OOT signing 001: 55e1cef88193e60419f0b0ec379c49f77545acf0'
[    2.960258] zswap: loaded using pool lzo/zbud
[    2.965171] page_owner is disabled
[    2.968944] Key type big_key registered
[    2.973503] Key type trusted registered
[    2.982566] Key type encrypted registered
[    2.987735] integrity: Loading X.509 certificate: UEFI:db
[    2.994104] integrity: Loaded X.509 cert 'Microsoft Corporation UEFI CA 2011: 13adbf4309bd82709c8cd54f316ed522988a1bd4'
[    3.005126] integrity: Loading X.509 certificate: UEFI:db
[    3.010972] integrity: Loaded X.509 cert 'Microsoft Windows Production PCA 2011: a92902398e16c49778cd90f99e4f9ae17c55af53'
[    3.023573] integrity: Loading X.509 certificate: UEFI:MokListRT (MOKvar table)
[    3.031487] integrity: Loading X.509 certificate: UEFI:MokListRT (MOKvar table)
[    3.039438] integrity: Loaded X.509 cert 'Red Hat Secure Boot CA 5: cc6fa5e72868ba494e939bbd680b9144769a9f8f'
[    3.049722] integrity: Loading X.509 certificate: UEFI:MokListRT (MOKvar table)
[    3.057723] integrity: Loading X.509 certificate: UEFI:MokListRT (MOKvar table)
[    3.065854] integrity: Loaded X.509 cert 'Red Hat Secure Boot CA 8: e1c6c580aa1e21d585aad9bf20f3929e5ec1f08b'
[    3.076082] Loading compiled-in module X.509 certificates
[    3.082107] Loaded X.509 cert 'Red Hat Enterprise Linux kernel signing key: bf59b92082ebbf8169fdb411d1644fa32c4f10d8'
[    3.092942] ima: Allocated hash algorithm: sha256
[    3.122080] ima: No architecture policies found
[    3.126799] evm: Initialising EVM extended attributes:
[    3.132168] evm: security.selinux
[    3.135602] evm: security.SMACK64 (disabled)
[    3.140006] evm: security.SMACK64EXEC (disabled)
[    3.144795] evm: security.SMACK64TRANSMUTE (disabled)
[    3.149972] evm: security.SMACK64MMAP (disabled)
[    3.154971] evm: security.apparmor (disabled)
[    3.159619] evm: security.ima
[    3.162732] evm: security.capability
[    3.166550] evm: HMAC attrs: 0x1
[    3.340778] Freeing unused decrypted memory: 2028K
[    3.342348] Freeing unused kernel image (initmem) memory: 3892K
[    3.347127] Write protecting the kernel read-only data: 28672k
[    3.349198] Freeing unused kernel image (rodata/data gap) memory: 528K
[    3.404268] x86/mm: Checked W+X mappings: passed, no W+X pages found.
[    3.405673] Run /init as init process
[    3.406714]   with arguments:
[    3.406717]     /init
[    3.406719]   with environment:
[    3.406720]     HOME=/
[    3.406721]     TERM=linux
[    3.406723]     BOOT_IMAGE=(hd0,gpt3)/boot/ostree/rhcos-c6df9f54e97ea9a9502a6bf8c9d435cf8e8a2f2bbeb539920a76ae037d99f8f7/vmlinuz-5.14.0-427.42.1.el9_4.x86_64
[    3.406725]     ostree=/ostree/boot.0/rhcos/c6df9f54e97ea9a9502a6bf8c9d435cf8e8a2f2bbeb539920a76ae037d99f8f7/0
[    3.406726]     boot=UUID=1a69ab7f-5e69-4858-9a8c-c4c49182538d
[    3.429725] systemd[1]: systemd 252-32.el9_4.7 running in system mode (+PAM +AUDIT +SELINUX -APPARMOR +IMA +SMACK +SECCOMP +GCRYPT +GNUTLS +OPENSSL +ACL +BLKID +CURL +ELFUTILS -FIDO2 +IDN2 -IDN -IPTC +KMOD +LIBCRYPTSETUP +LIBFDISK +PCRE2 -PWQUALITY +P11KIT -QRENCODE +TPM2 +BZIP2 +LZ4 +XZ +ZLIB +ZSTD -BPF_FRAMEWORK +XKBCOMMON +UTMP +SYSVINIT default-hierarchy=unified)
[    3.435348] systemd[1]: Detected virtualization kvm.
[    3.436078] systemd[1]: Detected architecture x86-64.
[    3.436776] systemd[1]: Running in initrd.
[    3.443337] systemd[1]: No hostname configured, using default hostname.
[    3.444733] systemd[1]: Hostname set to <localhost>.
[    3.445629] systemd[1]: Initializing machine ID from VM UUID.
[    3.544759] systemd[1]: Queued start job for default target Initrd Default Target.
[    3.546316] systemd[1]: Started Forward Password Requests to Clevis Directory Watch.
[    3.552364] systemd[1]: Started Dispatch Password Requests to Console Directory Watch.
[    3.558233] systemd[1]: Reached target Local Encrypted Volumes (Pre).
[    3.563156] systemd[1]: Reached target Local Encrypted Volumes.
[    3.568162] systemd[1]: Reached target Ignition Subsequent Boot Disk Setup.
[    3.571118] systemd[1]: Reached target Subsequent (Not Ignition) boot complete.
[    3.576302] systemd[1]: Reached target Initrd /usr File System.
[    3.582293] systemd[1]: Reached target Path Units.
[    3.586363] systemd[1]: Reached target Slice Units.
[    3.591278] systemd[1]: Reached target Swaps.
[    3.596240] systemd[1]: Reached target Timer Units.
[    3.601445] systemd[1]: Listening on D-Bus System Message Bus Socket.
[    3.608390] input: ImExPS/2 Generic Explorer Mouse as /devices/platform/i8042/serio1/input/input4
[    3.610398] systemd[1]: Listening on Open-iSCSI iscsid Socket.
[    3.615307] systemd[1]: Listening on Open-iSCSI iscsiuio Socket.
[    3.621470] systemd[1]: Listening on Journal Socket (/dev/log).
[    3.627448] systemd[1]: Listening on Journal Socket.
[    3.632403] systemd[1]: Listening on udev Control Socket.
[    3.635257] systemd[1]: Listening on udev Kernel Socket.
[    3.637472] systemd[1]: Reached target Socket Units.
[    3.642217] systemd[1]: Check That Initrd Matches Kernel was skipped because of an unmet condition check (ConditionPathIsDirectory=!/usr/lib/modules/5.14.0-427.42.1.el9_4.x86_64).
[    3.655498] systemd[1]: Starting CoreOS: Touch /run/agetty.reload...
[    3.662500] systemd[1]: Starting Create List of Static Device Nodes...
[    3.668277] systemd[1]: Finish FIPS mode setup was skipped because of an unmet condition check (ConditionKernelCommandLine=fips=1).
[    3.672912] systemd[1]: Starting Journal Service...
[    3.678562] systemd[1]: Starting Load Kernel Modules...
[    3.684494] systemd[1]: Starting Create System Users...
[    3.691569] systemd[1]: Starting Setup Virtual Console...
[    3.697214] fuse: init (API version 7.36)
[    3.697226] systemd-sysusers[344]: Creating group 'nobody' with GID 65534.
[    3.698154] systemd[1]: Started Journal Service.
[    3.700160] systemd-modules-load[343]: Inserted module 'fuse'
[    3.701702] systemd-modules-load[343]: Module 'msr' is built in
[    3.707242] systemd[1]: Finished CoreOS: Touch /run/agetty.reload.
[    3.713807] systemd[1]: Finished Create List of Static Device Nodes.
[    3.719759] systemd[1]: Finished Load Kernel Modules.
[    3.724681] systemd[1]: Finished Setup Virtual Console.
[    3.729610] systemd[1]: dracut ask for additional cmdline parameters was skipped because no trigger condition checks were met.
[    3.740752] systemd[1]: Starting dracut cmdline hook...
[    3.746657] systemd[1]: Starting Apply Kernel Variables...
[    3.753327] systemd-sysusers[344]: Creating group 'sgx' with GID 999.
[    3.754709] systemd-sysusers[344]: Creating group 'users' with GID 100.
[    3.756310] dracut-cmdline[348]: dracut-418.94.202410230039-0 dracut-057-53.git20240104.el9
[    3.758063] systemd-sysusers[344]: Creating group 'root' with GID 998.
[    3.759360] dracut-cmdline[348]: Using kernel command line parameters:    BOOT_IMAGE=(hd0,gpt3)/boot/ostree/rhcos-c6df9f54e97ea9a9502a6bf8c9d435cf8e8a2f2bbeb539920a76ae037d99f8f7/vmlinuz-5.14.0-427.42.1.el9_4.x86_64 rw ostree=/ostree/boot.0/rhcos/c6df9f54e97ea9a9502a6bf8c9d435cf8e8a2f2bbeb539920a76ae037d99f8f7/0 ignition.platform.id=gcp console=tty0 console=ttyS0,115200n8 root=UUID=33108d6c-f487-41ed-9a70-a396fd4f7295 rw rootflags=prjquota boot=UUID=1a69ab7f-5e69-4858-9a8c-c4c49182538d systemd.unified_cgroup_hierarchy=1 cgroup_no_v1=all psi=0
[    3.766957] systemd[1]: Finished Apply Kernel Variables.
[    3.772769] systemd-sysusers[344]: Creating group 'dbus' with GID 81.
[    3.773986] systemd-sysusers[344]: Creating user 'dbus' (System Message Bus) with UID 81 and GID 81.
[    3.775621] systemd[1]: Finished Create System Users.
[    3.790599] systemd[1]: Starting Create Static Device Nodes in /dev...
[    3.797609] systemd[1]: Starting Create Volatile Files and Directories...
[    3.804018] systemd[1]: Finished Create Static Device Nodes in /dev.
[    3.809994] systemd[1]: Finished Create Volatile Files and Directories.
[    3.850659] Loading iSCSI transport class v2.0-870.
[    3.863709] iscsi: registered transport (tcp)
[    3.881675] Warning: Deprecated Driver is detected: qla4xxx will not be maintained in a future major release and may be disabled
[    3.891709] iscsi: registered transport (qla4xxx)
[    3.892576] QLogic iSCSI HBA Driver
[    3.901405] libcxgbi:libcxgbi_init_module: Chelsio iSCSI driver library libcxgbi v0.9.1-ko (Apr. 2015)
[    3.952990] Chelsio T4-T6 iSCSI Driver cxgb4i v0.9.5-ko (Apr. 2015)
[    3.954795] iscsi: registered transport (cxgb4i)
[    3.964242] cnic: QLogic cnicDriver v2.5.22 (July 20, 2015)
[    3.971198] QLogic NetXtreme II iSCSI Driver bnx2i v2.7.10.1 (Jul 16, 2014)
[    3.972372] iscsi: registered transport (bnx2i)
[    3.983936] iscsi: registered transport (be2iscsi)
[    3.985183] In beiscsi_module_init, tt=00000000f2476a3e
[    4.107412] systemd[1]: Finished dracut cmdline hook.
[    4.122687] systemd[1]: Starting dracut pre-udev hook...
[    4.155756] device-mapper: core: CONFIG_IMA_DISABLE_HTABLE is disabled. Duplicate IMA measurements will not be recorded in the IMA log.
[    4.157830] device-mapper: uevent: version 1.0.3
[    4.158764] device-mapper: ioctl: 4.48.0-ioctl (2023-03-01) initialised: dm-devel@redhat.com
[    4.189007] systemd[1]: Finished dracut pre-udev hook.
[    4.203573] systemd[1]: Starting Rule-based Manager for Device Events and Files...
[    4.217456] systemd-udevd[535]: Using default interface naming scheme 'rhel-9.0'.
[    4.222003] systemd[1]: Started Rule-based Manager for Device Events and Files.
[    4.229855] systemd[1]: Starting dracut pre-trigger hook...
[    4.244389] dracut-pre-trigger[546]: rd.md=0: removing MD RAID activation
[    4.277782] systemd[1]: Finished dracut pre-trigger hook.
[    4.298642] systemd[1]: Starting Coldplug All udev Devices...
[    4.372482] systemd[1]: sys-module-fuse.device: Failed to enqueue SYSTEMD_WANTS= job, ignoring: Unit sys-fs-fuse-connections.mount not found.
[    4.383255] systemd[1]: Finished Coldplug All udev Devices.
[    4.388413] systemd[1]: nm-initrd.service was skipped because of an unmet condition check (ConditionPathExists=/run/NetworkManager/initrd/neednet).
[    4.391590] systemd[1]: Reached target Network.
[    4.397299] systemd[1]: nm-wait-online-initrd.service was skipped because of an unmet condition check (ConditionPathExists=/run/NetworkManager/initrd/neednet).
[    4.405677] systemd[1]: Starting dracut initqueue hook...
[    4.412775] systemd[1]: Starting Wait for udev To Complete Device Initialization...
[    4.421604] udevadm[607]: systemd-udev-settle.service is deprecated. Please fix multipathd-configure.service not to pull it in.
[    4.450551] scsi host0: Virtio SCSI HBA
[    4.457128] scsi 0:0:1:0: Direct-Access     Google   PersistentDisk   1    PQ: 0 ANSI: 6
[    4.652666] scsi 0:0:1:0: Attached scsi generic sg0 type 0
[    4.652797] virtio_net virtio1 ens4: renamed from eth0
[    4.664532] sd 0:0:1:0: [sda] 419430400 512-byte logical blocks: (215 GB/200 GiB)
[    4.666112] sd 0:0:1:0: [sda] 4096-byte physical blocks
[    4.667293] sd 0:0:1:0: [sda] Write Protect is off
[    4.668514] sd 0:0:1:0: [sda] Mode Sense: 1f 00 00 08
[    4.668856] sd 0:0:1:0: [sda] Write cache: enabled, read cache: enabled, doesn't support DPO or FUA
[    4.678344]  sda: sda1 sda2 sda3 sda4
[    4.679675] sd 0:0:1:0: [sda] Attached SCSI disk
[    4.746580] systemd[1]: Finished Wait for udev To Complete Device Initialization.
[    4.757865] systemd[1]: Found device PersistentDisk root.
[    4.763809] systemd[1]: Finished dracut initqueue hook.
[    4.772672] systemd[1]: Reached target Initrd Root Device.
[    4.778634] systemd[1]: Reached target Preparation for Remote File Systems.
[    4.785428] systemd[1]: Reached target Remote Encrypted Volumes.
[    4.792434] systemd[1]: Reached target Remote File Systems.
[    4.806934] systemd[1]: Starting dracut pre-mount hook...
[    4.811428] systemd[1]: Device-Mapper Multipath Default Configuration was skipped because of an unmet condition check (ConditionKernelCommandLine=rd.multipath=default).
[    4.814503] systemd[1]: Starting Device-Mapper Multipath Device Controller...
[    4.822684] systemd[1]: Finished dracut pre-mount hook.
[    4.830833] multipathd[676]: --------start up--------
[    4.832293] multipathd[676]: read /etc/multipath.conf
[    4.833727] multipathd[676]: /etc/multipath.conf does not exist, blacklisting all devices.
[    4.835368] multipathd[676]: You can run "/sbin/mpathconf --enable" to create
[    4.838121] multipathd[676]: /etc/multipath.conf. See man mpathconf(8) for more details
[    4.840247] multipathd[676]: path checkers start up
[    4.841503] systemd[1]: Started Device-Mapper Multipath Device Controller.
[    4.843284] multipathd[676]: /etc/multipath.conf does not exist, blacklisting all devices.
[    4.845352] multipathd[676]: You can run "/sbin/mpathconf --enable" to create
[    4.846478] multipathd[676]: /etc/multipath.conf. See man mpathconf(8) for more details
[    4.851572] systemd[1]: Reached target Preparation for Local File Systems.
[    4.858454] systemd[1]: Reached target Local File Systems.
[    4.864416] systemd[1]: Reached target System Initialization.
[    4.871380] systemd[1]: Reached target Basic System.
[    4.876633] systemd[1]: Persist Osmet Files (ISO) was skipped because of an unmet condition check (ConditionKernelCommandLine=coreos.liveiso).
[    4.878931] systemd[1]: Acquire Live PXE rootfs Image was skipped because of an unmet condition check (ConditionPathExists=/run/ostree-live).
[    4.881551] systemd[1]: Persist Osmet Files (PXE) was skipped because of an unmet condition check (ConditionPathExists=/run/ostree-live).
[    4.891623] systemd[1]: Starting File System Check on /dev/disk/by-uuid/33108d6c-f487-41ed-9a70-a396fd4f7295...
[    4.918154] systemd-fsck[686]: /usr/sbin/fsck.xfs: XFS file system.
[    4.920582] systemd[1]: Finished File System Check on /dev/disk/by-uuid/33108d6c-f487-41ed-9a70-a396fd4f7295.
[    4.945475] systemd[1]: Mounting /sysroot...
[    5.223856] SGI XFS with ACLs, security attributes, scrub, quota, no debug enabled
[    5.230801] XFS (sda4): Mounting V5 Filesystem 33108d6c-f487-41ed-9a70-a396fd4f7295
[    5.578785] XFS (sda4): Ending clean mount
[    5.850294] systemd[1]: Mounted /sysroot.
[    5.867618] systemd[1]: Starting OSTree Prepare OS/...
[    5.879261] ostree-prepare-root[700]: Resolved OSTree target to: /sysroot/ostree/deploy/rhcos/deploy/7a0f2faf4018637dbc16b2b0bbda8c6ef04b8dd17268eb3020987d75538e680a.1
[    5.881778] ostree-prepare-root[700]: Found legacy sysroot.readonly flag, not configured in ostree/prepare-root.conf
[    5.883532] ostree-prepare-root[700]: sysroot.readonly configuration value: 1 (fs writable: 1)
[    5.885029] ostree-prepare-root[700]: composefs: No image present
[    5.885947] ostree-prepare-root[700]: Using legacy ostree bind mount for /
[    5.890539] systemd[1]: sysroot-ostree-deploy-rhcos-var.mount: Deactivated successfully.
[    5.892756] systemd[1]: sysroot.tmp-usr.mount: Deactivated successfully.
[    5.894330] systemd[1]: sysroot.tmp-etc.mount: Deactivated successfully.
[    5.895636] systemd[1]: sysroot.tmp.mount: Deactivated successfully.
[    5.897504] systemd[1]: Finished OSTree Prepare OS/.
[    5.900828] systemd[1]: Reached target Initrd Root File System.
[    5.906486] systemd[1]: CoreOS Propagate Multipath Configuration was skipped because of an unmet condition check (ConditionKernelCommandLine=rd.multipath=default).
[    5.919579] systemd[1]: Starting Mountpoints Configured in the Real Root...
[    5.934399] multipathd[676]: exit (signal)
[    5.935310] multipathd[676]: --------shut down-------
[    5.936615] systemd[1]: Stopping Device-Mapper Multipath Device Controller...
[    5.945164] systemd[1]: initrd-parse-etc.service: Deactivated successfully.
[    5.946579] systemd[1]: Finished Mountpoints Configured in the Real Root.
[    5.952669] systemd[1]: Reached target Initrd File Systems.
[    5.959356] systemd[1]: Reached target Initrd Default Target.
[    5.975747] systemd[1]: Starting dracut mount hook...
[    5.982797] systemd[1]: multipathd.service: Deactivated successfully.
[    5.983984] systemd[1]: Stopped Device-Mapper Multipath Device Controller.
[    5.996934] systemd[1]: Finished dracut mount hook.
[    6.011827] systemd[1]: Starting dracut pre-pivot and cleanup hook...
[    6.031490] dracut-pre-pivot[721]: 4.901231 | /etc/multipath.conf does not exist, blacklisting all devices.
[    6.038258] dracut-pre-pivot[721]: 4.901281 | You can run "/sbin/mpathconf --enable" to create
[    6.039889] dracut-pre-pivot[721]: 4.901285 | /etc/multipath.conf. See man mpathconf(8) for more details
[    6.051364] systemd[1]: Finished dracut pre-pivot and cleanup hook.
[    6.053397] systemd[1]: Workaround dracut FIPS unmounting /boot was skipped because of an unmet condition check (ConditionPathExists=/run/ostree-live).
[    6.056662] systemd[1]: Starting Cleaning Up and Shutting Down Daemons...
[    6.067339] systemd[1]: Stopped target Network.
[    6.072372] systemd[1]: Stopped target Remote Encrypted Volumes.
[    6.078373] systemd[1]: Stopped target Timer Units.
[    6.084347] systemd[1]: dbus.socket: Deactivated successfully.
[    6.085555] systemd[1]: Closed D-Bus System Message Bus Socket.
[    6.095139] systemd[1]: Unmount Live /var if Persistent /var Is Configured was skipped because of an unmet condition check (ConditionPathExists=/run/ostree-live).
[    6.098312] systemd[1]: dracut-pre-pivot.service: Deactivated successfully.
[    6.099539] systemd[1]: Stopped dracut pre-pivot and cleanup hook.
[    6.105711] systemd[1]: Stopped target Initrd Default Target.
[    6.110461] systemd[1]: Stopped target Basic System.
[    6.115353] systemd[1]: Stopped target Subsequent (Not Ignition) boot complete.
[    6.120350] systemd[1]: Stopped target Ignition Subsequent Boot Disk Setup.
[    6.125537] systemd[1]: Stopped target Initrd Root Device.
[    6.128007] systemd[1]: Stopped target Initrd /usr File System.
[    6.133492] systemd[1]: Stopped target Path Units.
[    6.138342] systemd[1]: Stopped target Remote File Systems.
[    6.144335] systemd[1]: Stopped target Preparation for Remote File Systems.
[    6.150501] systemd[1]: Stopped target Slice Units.
[    6.155564] systemd[1]: Stopped target Socket Units.
[    6.160516] systemd[1]: Stopped target System Initialization.
[    6.166481] systemd[1]: Stopped target Local File Systems.
[    6.171539] systemd[1]: Stopped target Preparation for Local File Systems.
[    6.177450] systemd[1]: Stopped target Swaps.
[    6.183484] systemd[1]: iscsid.socket: Deactivated successfully.
[    6.184932] systemd[1]: Closed Open-iSCSI iscsid Socket.
[    6.190609] systemd[1]: iscsiuio.socket: Deactivated successfully.
[    6.192295] systemd[1]: Closed Open-iSCSI iscsiuio Socket.
[    6.197573] systemd[1]: coreos-touch-run-agetty.service: Deactivated successfully.
[    6.199315] systemd[1]: Stopped CoreOS: Touch /run/agetty.reload.
[    6.204618] systemd[1]: dracut-mount.service: Deactivated successfully.
[    6.206476] systemd[1]: Stopped dracut mount hook.
[    6.211576] systemd[1]: dracut-pre-mount.service: Deactivated successfully.
[    6.213385] systemd[1]: Stopped dracut pre-mount hook.
[    6.218922] systemd[1]: Stopped target Local Encrypted Volumes.
[    6.223506] systemd[1]: systemd-ask-password-console.path: Deactivated successfully.
[    6.224841] systemd[1]: Stopped Dispatch Password Requests to Console Directory Watch.
[    6.230535] systemd[1]: Stopped target Local Encrypted Volumes (Pre).
[    6.235423] systemd[1]: clevis-luks-askpass.path: Deactivated successfully.
[    6.239547] systemd[1]: Stopped Forward Password Requests to Clevis Directory Watch.
[    6.246562] systemd[1]: dracut-initqueue.service: Deactivated successfully.
[    6.247905] systemd[1]: Stopped dracut initqueue hook.
[    6.250579] systemd[1]: Acquire Live PXE rootfs Image was skipped because of an unmet condition check (ConditionPathExists=/run/ostree-live).
[    6.253386] systemd[1]: systemd-sysctl.service: Deactivated successfully.
[    6.254481] systemd[1]: Stopped Apply Kernel Variables.
[    6.257546] systemd[1]: systemd-modules-load.service: Deactivated successfully.
[    6.258939] systemd[1]: Stopped Load Kernel Modules.
[    6.263542] systemd[1]: systemd-tmpfiles-setup.service: Deactivated successfully.
[    6.264989] systemd[1]: Stopped Create Volatile Files and Directories.
[    6.269151] systemd[1]: systemd-udev-settle.service: Deactivated successfully.
[    6.270578] systemd[1]: Stopped Wait for udev To Complete Device Initialization.
[    6.276540] systemd[1]: systemd-udev-trigger.service: Deactivated successfully.
[    6.278105] systemd[1]: Stopped Coldplug All udev Devices.
[    6.283565] systemd[1]: dracut-pre-trigger.service: Deactivated successfully.
[    6.284803] systemd[1]: Stopped dracut pre-trigger hook.
[    6.290628] systemd[1]: Stopping Rule-based Manager for Device Events and Files...
[    6.294381] systemd[1]: systemd-vconsole-setup.service: Deactivated successfully.
[    6.295885] systemd[1]: Stopped Setup Virtual Console.
[    6.303729] systemd[1]: initrd-cleanup.service: Deactivated successfully.
[    6.305250] systemd[1]: Finished Cleaning Up and Shutting Down Daemons.
[    6.311801] systemd[1]: systemd-udevd.service: Deactivated successfully.
[    6.313224] systemd[1]: Stopped Rule-based Manager for Device Events and Files.
[    6.320400] systemd[1]: systemd-udevd.service: Consumed 1.155s CPU time.
[    6.322305] systemd[1]: systemd-udevd-control.socket: Deactivated successfully.
[    6.323492] systemd[1]: Closed udev Control Socket.
[    6.328565] systemd[1]: systemd-udevd-kernel.socket: Deactivated successfully.
[    6.329928] systemd[1]: Closed udev Kernel Socket.
[    6.334350] systemd[1]: dracut-pre-udev.service: Deactivated successfully.
[    6.335451] systemd[1]: Stopped dracut pre-udev hook.
[    6.340319] systemd[1]: dracut-cmdline.service: Deactivated successfully.
[    6.341899] systemd[1]: Stopped dracut cmdline hook.
[    6.357504] systemd[1]: Starting Cleanup udev Database...
[    6.362419] systemd[1]: systemd-tmpfiles-setup-dev.service: Deactivated successfully.
[    6.363855] systemd[1]: Stopped Create Static Device Nodes in /dev.
[    6.370529] systemd[1]: kmod-static-nodes.service: Deactivated successfully.
[    6.372039] systemd[1]: Stopped Create List of Static Device Nodes.
[    6.377538] systemd[1]: systemd-sysusers.service: Deactivated successfully.
[    6.379407] systemd[1]: Stopped Create System Users.
[    6.385147] systemd[1]: initrd-udevadm-cleanup-db.service: Deactivated successfully.
[    6.386643] systemd[1]: Finished Cleanup udev Database.
[    6.392578] systemd[1]: Reached target Switch Root.
[    6.410597] systemd[1]: Starting Switch Root...
[    6.426073] systemd[1]: Switching root.
[    6.445200] systemd-journald[342]: Received SIGTERM from PID 1 (systemd).
[    6.656992] audit: type=1404 audit(1729774814.425:2): enforcing=1 old_enforcing=0 auid=4294967295 ses=4294967295 enabled=1 old-enabled=1 lsm=selinux res=1
[    6.721897] SELinux:  policy capability network_peer_controls=1
[    6.722992] SELinux:  policy capability open_perms=1
[    6.723990] SELinux:  policy capability extended_socket_class=1
[    6.725105] SELinux:  policy capability always_check_network=0
[    6.726452] SELinux:  policy capability cgroup_seclabel=1
[    6.727834] SELinux:  policy capability nnp_nosuid_transition=1
[    6.728972] SELinux:  policy capability genfs_seclabel_symlinks=1
[    6.782596] audit: type=1403 audit(1729774814.551:3): auid=4294967295 ses=4294967295 lsm=selinux res=1
[    6.787052] systemd[1]: Successfully loaded SELinux policy in 130.033ms.
[    6.881315] systemd[1]: Relabelled /dev, /dev/shm, /run, /sys/fs/cgroup in 28.409ms.
[    6.898032] systemd[1]: systemd 252-32.el9_4.7 running in system mode (+PAM +AUDIT +SELINUX -APPARMOR +IMA +SMACK +SECCOMP +GCRYPT +GNUTLS +OPENSSL +ACL +BLKID +CURL +ELFUTILS -FIDO2 +IDN2 -IDN -IPTC +KMOD +LIBCRYPTSETUP +LIBFDISK +PCRE2 -PWQUALITY +P11KIT -QRENCODE +TPM2 +BZIP2 +LZ4 +XZ +ZLIB +ZSTD -BPF_FRAMEWORK +XKBCOMMON +UTMP +SYSVINIT default-hierarchy=unified)
[    6.904325] systemd[1]: Detected virtualization kvm.
[    6.905148] systemd[1]: Detected architecture x86-64.
[    6.916228] systemd[1]: Hostname set to <ci-op-2fcpj5j6-f6035-2lklf-master-2>.
[    6.975325] systemd-rc-local-generator[748]: /etc/rc.d/rc.local is not marked executable, skipping.
[    6.982568] zram_generator::config[753]: No configuration found.
[    7.400067] systemd[1]: initrd-switch-root.service: Deactivated successfully.
[    7.401293] systemd[1]: Stopped Switch Root.
[    7.405569] systemd[1]: systemd-journald.service: Scheduled restart job, restart counter is at 1.
[    7.407858] systemd[1]: Created slice Slice /system/getty.
[    7.412657] systemd[1]: Created slice Slice /system/modprobe.
[    7.418031] systemd[1]: Created slice Slice /system/serial-getty.
[    7.423822] systemd[1]: Created slice Slice /system/sshd-keygen.
[    7.428972] systemd[1]: Created slice Slice /system/systemd-fsck.
[    7.434787] systemd[1]: Created slice User and Session Slice.
[    7.439453] systemd[1]: Started Forward Password Requests to Clevis Directory Watch.
[    7.444440] systemd[1]: Started Dispatch Password Requests to Console Directory Watch.
[    7.450488] systemd[1]: Started Forward Password Requests to Wall Directory Watch.
[    7.456756] systemd[1]: Set up automount Arbitrary Executable File Formats File System Automount Point.
[    7.462321] systemd[1]: Reached target Synchronize afterburn-sshkeys@.service template instances.
[    7.467207] systemd[1]: Reached target Local Encrypted Volumes (Pre).
[    7.472219] systemd[1]: Reached target Local Encrypted Volumes.
[    7.477160] systemd[1]: Stopped target Switch Root.
[    7.481143] systemd[1]: Stopped target Initrd File Systems.
[    7.486233] systemd[1]: Stopped target Initrd Root File System.
[    7.491203] systemd[1]: Reached target Local Integrity Protected Volumes.
[    7.496215] systemd[1]: Reached target Host and Network Name Lookups.
[    7.501259] systemd[1]: Reached target Remote Encrypted Volumes.
[    7.506259] systemd[1]: Reached target Remote File Systems.
[    7.511213] systemd[1]: Reached target Slice Units.
[    7.515173] systemd[1]: Reached target Swaps.
[    7.519344] systemd[1]: Reached target System Time Set.
[    7.525257] systemd[1]: Reached target Local Verity Protected Volumes.
[    7.532003] systemd[1]: Listening on Device-mapper event daemon FIFOs.
[    7.541172] systemd[1]: Listening on LVM2 poll daemon socket.
[    7.547402] systemd[1]: multipathd control socket was skipped because of an unmet condition check (ConditionPathExists=/etc/multipath.conf).
[    7.565730] systemd[1]: Listening on RPCbind Server Activation Socket.
[    7.572323] systemd[1]: Reached target RPC Port Mapper.
[    7.579828] systemd[1]: Listening on Process Core Dump Socket.
[    7.584385] systemd[1]: Listening on initctl Compatibility Named Pipe.
[    7.591181] systemd[1]: Listening on udev Control Socket.
[    7.595595] systemd[1]: Listening on udev Kernel Socket.
[    7.615373] systemd[1]: Mounting Huge Pages File System...
[    7.621910] systemd[1]: Mounting POSIX Message Queue File System...
[    7.628922] systemd[1]: Mounting Kernel Debug File System...
[    7.634929] systemd[1]: Mounting Kernel Trace File System...
[    7.642014] systemd[1]: Mounting Temporary Directory /tmp...
[    7.648109] systemd[1]: Starting CoreOS: Set printk To Level 4 (warn)...
[    7.653327] systemd[1]: Ignition (delete config) was skipped because of an unmet condition check (ConditionFirstBoot=true).
[    7.657694] systemd[1]: Starting Create List of Static Device Nodes...
[    7.663559] systemd[1]: Starting Monitoring of LVM2 mirrors, snapshots etc. using dmeventd or progress polling...
[    7.672970] systemd[1]: Starting Load Kernel Module configfs...
[    7.679901] systemd[1]: Starting Load Kernel Module drm...
[    7.685703] systemd[1]: Starting Load Kernel Module efi_pstore...
[    7.689938] systemd[1]: Starting Load Kernel Module fuse...
[    7.694230] systemd[1]: ostree-prepare-root.service: Deactivated successfully.
[    7.695610] systemd[1]: Stopped OSTree Prepare OS/.
[    7.700456] systemd[1]: systemd-fsck-root.service: Deactivated successfully.
[    7.702280] systemd[1]: Stopped File System Check on Root Device.
[    7.707358] systemd[1]: Stopped Journal Service.
[    7.721486] systemd[1]: Starting Journal Service...
[    7.728397] systemd[1]: Starting Load Kernel Modules...
[    7.735229] systemd[1]: Starting Generate network units from Kernel command line...
[    7.738620] ACPI: bus type drm_connector registered
[    7.740326] systemd[1]: TPM2 PCR Machine ID Measurement was skipped because of an unmet condition check (ConditionPathExists=/sys/firmware/efi/efivars/StubPcrKernelImage-4a67b082-0a4c-41cf-b6c7-440b29bb8c4f).
[    7.744981] systemd[1]: Starting Remount Root and Kernel File Systems...
[    7.751933] systemd[1]: Starting Coldplug All udev Devices...
[    7.758009] Warning: Unmaintained driver is detected: ip_tables
[    7.758962] systemd[1]: Mounted Huge Pages File System.
[    7.764568] systemd[1]: Started Journal Service.
[    8.509328] piix4_smbus 0000:00:01.3: SMBus base address uninitialized - upgrade BIOS or use force_addr=0xaddr
[    8.535142] input: PC Speaker as /devices/platform/pcspkr/input/input5
[    8.766506] systemd-journald[802]: Received client request to flush runtime journal.
[    8.955290] EXT4-fs (sda3): mounted filesystem 1a69ab7f-5e69-4858-9a8c-c4c49182538d ro with ordered data mode. Quota mode: none.
[   10.305279] openvswitch: Open vSwitch switching datapath
[   12.721413] device ovs-system entered promiscuous mode
[   12.724401] Timeout policy base is empty
[   12.724407] Failed to associated timeout policy `ovs_test_tp'
[   12.741533] device ens4 entered promiscuous mode
[   13.070688] device ens4 left promiscuous mode
[   13.071173] device ovs-system left promiscuous mode
[   13.078330] device ovs-system entered promiscuous mode
[   13.079613] No such timeout policy "ovs_test_tp"
[   13.079618] Failed to associated timeout policy `ovs_test_tp'
[   13.081017] device ens4 entered promiscuous mode
[   13.772546] device br-ex entered promiscuous mode
[   19.814913] Warning: Unmaintained driver is detected: nft_compat
[   31.729885] overlayfs: idmapped layers are currently not supported
[  160.599209] device br-int entered promiscuous mode
[  167.937763] device ovn-k8s-mp0 entered promiscuous mode
[  179.674951] device genev_sys_6081 entered promiscuous mode
[  203.216244] IPv6: ADDRCONF(NETDEV_CHANGE): eth0: link becomes ready
[  203.216301] IPv6: ADDRCONF(NETDEV_CHANGE): 91fe34f7413df61: link becomes ready
[  203.249506] device 91fe34f7413df61 entered promiscuous mode
[  203.285540] IPv6: ADDRCONF(NETDEV_CHANGE): 41ab50322315fbf: link becomes ready
[  203.316426] device 41ab50322315fbf entered promiscuous mode
[  204.032987] IPv6: ADDRCONF(NETDEV_CHANGE): 2ea88ea7d01ee78: link becomes ready
[  204.063419] device 2ea88ea7d01ee78 entered promiscuous mode
[  208.442358] IPv6: ADDRCONF(NETDEV_CHANGE): 1a8a1d856ae0e0e: link becomes ready
[  208.487566] device 1a8a1d856ae0e0e entered promiscuous mode
[  210.562672] IPv6: ADDRCONF(NETDEV_CHANGE): eth0: link becomes ready
[  210.562731] IPv6: ADDRCONF(NETDEV_CHANGE): 472ee3a9ac69459: link becomes ready
[  210.591511] device 472ee3a9ac69459 entered promiscuous mode
[  213.582010] IPv6: ADDRCONF(NETDEV_CHANGE): eth0: link becomes ready
[  213.582075] IPv6: ADDRCONF(NETDEV_CHANGE): b6ee5365fdae463: link becomes ready
[  213.611245] device b6ee5365fdae463 entered promiscuous mode
[  220.495218] IPv6: ADDRCONF(NETDEV_CHANGE): eth0: link becomes ready
[  220.495276] IPv6: ADDRCONF(NETDEV_CHANGE): 177e07789825336: link becomes ready
[  220.535192] device 177e07789825336 entered promiscuous mode
[  226.784211] systemd-rc-local-generator[7735]: /etc/rc.d/rc.local is not marked executable, skipping.
[  226.789093] zram_generator::config[7744]: No configuration found.
[  227.254426] IPv6: ADDRCONF(NETDEV_CHANGE): eth0: link becomes ready
[  227.254487] IPv6: ADDRCONF(NETDEV_CHANGE): 3bf30bac50567fc: link becomes ready
[  227.293440] device 3bf30bac50567fc entered promiscuous mode
[  232.087311] IPv6: ADDRCONF(NETDEV_CHANGE): eth0: link becomes ready
[  232.087357] IPv6: ADDRCONF(NETDEV_CHANGE): 96ec2e0d6852712: link becomes ready
[  232.117298] device 96ec2e0d6852712 entered promiscuous mode
[  243.508881] IPv6: ADDRCONF(NETDEV_CHANGE): eth0: link becomes ready
[  243.508960] IPv6: ADDRCONF(NETDEV_CHANGE): 40bf160cbd18944: link becomes ready
[  243.543358] device 40bf160cbd18944 entered promiscuous mode
[  248.656884] EXT4-fs (sda3): re-mounted 1a69ab7f-5e69-4858-9a8c-c4c49182538d r/w. Quota mode: none.
[  256.937974] device 177e07789825336 left promiscuous mode
[  258.354985] IPv6: ADDRCONF(NETDEV_CHANGE): eth0: link becomes ready
[  258.355043] IPv6: ADDRCONF(NETDEV_CHANGE): 35e208e15a48628: link becomes ready
[  258.395988] device 35e208e15a48628 entered promiscuous mode
[  259.126563] IPv6: ADDRCONF(NETDEV_CHANGE): 71e0613a7516fea: link becomes ready
[  259.173018] device 71e0613a7516fea entered promiscuous mode
[  293.506026] IPv6: ADDRCONF(NETDEV_CHANGE): eth0: link becomes ready
[  293.506088] IPv6: ADDRCONF(NETDEV_CHANGE): 30b2435e698d7c0: link becomes ready
[  293.548123] device 30b2435e698d7c0 entered promiscuous mode
[  316.408110] IPv6: ADDRCONF(NETDEV_CHANGE): eth0: link becomes ready
[  316.408174] IPv6: ADDRCONF(NETDEV_CHANGE): fd1480aa4b09a5a: link becomes ready
[  316.445626] device fd1480aa4b09a5a entered promiscuous mode
[  319.002816] IPv6: ADDRCONF(NETDEV_CHANGE): eth0: link becomes ready
[  319.002878] IPv6: ADDRCONF(NETDEV_CHANGE): a659a827d33ee83: link becomes ready
[  319.056673] device a659a827d33ee83 entered promiscuous mode
[  449.091084] IPv6: ADDRCONF(NETDEV_CHANGE): eth0: link becomes ready
[  449.091175] IPv6: ADDRCONF(NETDEV_CHANGE): f5505129f1162e7: link becomes ready
[  449.127918] device f5505129f1162e7 entered promiscuous mode
[  454.817042] device 3bf30bac50567fc left promiscuous mode
[  455.390729] IPv6: ADDRCONF(NETDEV_CHANGE): 4e6cd893d90f938: link becomes ready
[  455.433679] device 4e6cd893d90f938 entered promiscuous mode
[  465.229617] IPv6: ADDRCONF(NETDEV_CHANGE): eth0: link becomes ready
[  465.229670] IPv6: ADDRCONF(NETDEV_CHANGE): 73ff330252f7369: link becomes ready
[  465.265806] device 73ff330252f7369 entered promiscuous mode
[  466.629590] IPv6: ADDRCONF(NETDEV_CHANGE): eth0: link becomes ready
[  466.629648] IPv6: ADDRCONF(NETDEV_CHANGE): 011cc84d4220970: link becomes ready
[  466.663283] device 011cc84d4220970 entered promiscuous mode
[  513.942351] device a659a827d33ee83 left promiscuous mode
[  514.103872] IPv6: ADDRCONF(NETDEV_CHANGE): 04177089902d479: link becomes ready
[  514.152022] device 04177089902d479 entered promiscuous mode
[  514.192916] IPv6: ADDRCONF(NETDEV_CHANGE): 20e4a588412afcd: link becomes ready
[  514.192990] IPv6: ADDRCONF(NETDEV_CHANGE): 4d843cbeaf5dcee: link becomes ready
[  514.233372] device 20e4a588412afcd entered promiscuous mode
[  514.288281] device 4d843cbeaf5dcee entered promiscuous mode
[  521.599238] IPv6: ADDRCONF(NETDEV_CHANGE): eth0: link becomes ready
[  521.599291] IPv6: ADDRCONF(NETDEV_CHANGE): 2b43f077e51ffe8: link becomes ready
[  521.634938] device 2b43f077e51ffe8 entered promiscuous mode
[  532.089976] IPv6: ADDRCONF(NETDEV_CHANGE): eth0: link becomes ready
[  532.090030] IPv6: ADDRCONF(NETDEV_CHANGE): fef1c3a33e72d71: link becomes ready
[  532.128948] device fef1c3a33e72d71 entered promiscuous mode
[  588.400919] device 2b43f077e51ffe8 left promiscuous mode
[  595.432939] device fef1c3a33e72d71 left promiscuous mode
[  679.397658] device 73ff330252f7369 left promiscuous mode
[  681.059357] IPv6: ADDRCONF(NETDEV_CHANGE): eth0: link becomes ready
[  681.059421] IPv6: ADDRCONF(NETDEV_CHANGE): a2b11038b88fb5b: link becomes ready
[  681.095483] device a2b11038b88fb5b entered promiscuous mode
[  716.036084] IPv6: ADDRCONF(NETDEV_CHANGE): eth0: link becomes ready
[  716.036141] IPv6: ADDRCONF(NETDEV_CHANGE): fb3924a88998eba: link becomes ready
[  716.075862] device fb3924a88998eba entered promiscuous mode
[  721.964676] device fb3924a88998eba left promiscuous mode
[  729.023002] IPv6: ADDRCONF(NETDEV_CHANGE): eth0: link becomes ready
[  729.023058] IPv6: ADDRCONF(NETDEV_CHANGE): 88cafc1862f5374: link becomes ready
[  729.062501] device 88cafc1862f5374 entered promiscuous mode
[  735.616670] device 88cafc1862f5374 left promiscuous mode
[  836.261972] IPv6: ADDRCONF(NETDEV_CHANGE): eth0: link becomes ready
[  836.262030] IPv6: ADDRCONF(NETDEV_CHANGE): cc1585d2830b3cd: link becomes ready
[  836.300731] device cc1585d2830b3cd entered promiscuous mode
[  836.363448] IPv6: ADDRCONF(NETDEV_CHANGE): 747f2a83db9a5b8: link becomes ready
[  836.395054] device 747f2a83db9a5b8 entered promiscuous mode
[  836.606797] device cc1585d2830b3cd left promiscuous mode
[  836.704920] device 747f2a83db9a5b8 left promiscuous mode
[  839.947343] IPv6: ADDRCONF(NETDEV_CHANGE): eth0: link becomes ready
[  839.947402] IPv6: ADDRCONF(NETDEV_CHANGE): 649d402f2e64f1e: link becomes ready
[  839.951963] IPv6: ADDRCONF(NETDEV_CHANGE): af9dc049ce5616e: link becomes ready
[  839.994469] device 649d402f2e64f1e entered promiscuous mode
[  840.056820] device af9dc049ce5616e entered promiscuous mode
[  840.303579] device 649d402f2e64f1e left promiscuous mode
[  840.429216] device af9dc049ce5616e left promiscuous mode
[  854.265297] IPv6: ADDRCONF(NETDEV_CHANGE): eth0: link becomes ready
[  854.265363] IPv6: ADDRCONF(NETDEV_CHANGE): 13b83ecd75e4926: link becomes ready
[  854.297038] IPv6: ADDRCONF(NETDEV_CHANGE): 9544d71a6c8d3f7: link becomes ready
[  854.347966] device 13b83ecd75e4926 entered promiscuous mode
[  854.440543] device 9544d71a6c8d3f7 entered promiscuous mode
[  912.139065] device 4e6cd893d90f938 left promiscuous mode
[  940.181811] IPv6: ADDRCONF(NETDEV_CHANGE): eth0: link becomes ready
[  940.181866] IPv6: ADDRCONF(NETDEV_CHANGE): dc068a6813abfd5: link becomes ready
[  940.221077] device dc068a6813abfd5 entered promiscuous mode
[  940.275792] IPv6: ADDRCONF(NETDEV_CHANGE): 6565d83dd703f34: link becomes ready
[  940.303565] IPv6: ADDRCONF(NETDEV_CHANGE): dba096df9bfbba6: link becomes ready
[  940.315562] device 6565d83dd703f34 entered promiscuous mode
[  940.343749] IPv6: ADDRCONF(NETDEV_CHANGE): 1f867f0dc44879b: link becomes ready
[  940.380005] device dba096df9bfbba6 entered promiscuous mode
[  940.443941] device 1f867f0dc44879b entered promiscuous mode
[  940.546740] device dc068a6813abfd5 left promiscuous mode
[  940.642373] device 6565d83dd703f34 left promiscuous mode
[  940.836976] device dba096df9bfbba6 left promiscuous mode
[  940.844121] device 1f867f0dc44879b left promiscuous mode
[  942.397561] device 9544d71a6c8d3f7 left promiscuous mode
[  943.931286] device 13b83ecd75e4926 left promiscuous mode
[ 1004.207028] IPv6: ADDRCONF(NETDEV_CHANGE): 20b23e5282d0629: link becomes ready
[ 1004.208226] IPv6: ADDRCONF(NETDEV_CHANGE): eth0: link becomes ready
[ 1004.208280] IPv6: ADDRCONF(NETDEV_CHANGE): 10714aab117069f: link becomes ready
[ 1004.247065] device 20b23e5282d0629 entered promiscuous mode
[ 1004.305530] device 10714aab117069f entered promiscuous mode
[ 1005.222917] IPv6: ADDRCONF(NETDEV_CHANGE): eth0: link becomes ready
[ 1005.222979] IPv6: ADDRCONF(NETDEV_CHANGE): c9f8abfcb327e6b: link becomes ready
[ 1005.226762] IPv6: ADDRCONF(NETDEV_CHANGE): f53b08bf7392755: link becomes ready
[ 1005.250943] IPv6: ADDRCONF(NETDEV_CHANGE): 62822439b5492c6: link becomes ready
[ 1005.251947] IPv6: ADDRCONF(NETDEV_CHANGE): b083319ffe835b5: link becomes ready
[ 1005.278344] device f53b08bf7392755 entered promiscuous mode
[ 1005.278946] device c9f8abfcb327e6b entered promiscuous mode
[ 1005.392785] device b083319ffe835b5 entered promiscuous mode
[ 1005.393110] device 62822439b5492c6 entered promiscuous mode
[ 1039.731204] device 30b2435e698d7c0 left promiscuous mode
[ 1064.556627] device 20b23e5282d0629 left promiscuous mode
[ 1064.671679] device 10714aab117069f left promiscuous mode
[ 1065.466303] IPv6: ADDRCONF(NETDEV_CHANGE): 357bdbe378cf433: link becomes ready
[ 1065.466404] IPv6: ADDRCONF(NETDEV_CHANGE): 6ee102711772900: link becomes ready
[ 1065.514166] device 6ee102711772900 entered promiscuous mode
[ 1065.574263] device 357bdbe378cf433 entered promiscuous mode
[ 1065.782556] device f53b08bf7392755 left promiscuous mode
[ 1065.783233] device c9f8abfcb327e6b left promiscuous mode
[ 1065.783777] device b083319ffe835b5 left promiscuous mode
[ 1065.784045] device 62822439b5492c6 left promiscuous mode
[ 1066.481497] IPv6: ADDRCONF(NETDEV_CHANGE): 8fc34aa1764d944: link becomes ready
[ 1066.486852] IPv6: ADDRCONF(NETDEV_CHANGE): 6adfe2ef4ea5539: link becomes ready
[ 1066.486972] IPv6: ADDRCONF(NETDEV_CHANGE): f2d10249e7c2904: link becomes ready
[ 1066.493998] IPv6: ADDRCONF(NETDEV_CHANGE): a73086fa4451560: link becomes ready
[ 1066.541514] device 6adfe2ef4ea5539 entered promiscuous mode
[ 1066.595976] device a73086fa4451560 entered promiscuous mode
[ 1066.649806] device f2d10249e7c2904 entered promiscuous mode
[ 1066.650334] device 8fc34aa1764d944 entered promiscuous mode
[ 1125.841111] device 6ee102711772900 left promiscuous mode
[ 1126.096035] device 357bdbe378cf433 left promiscuous mode
[ 1126.760532] IPv6: ADDRCONF(NETDEV_CHANGE): c6305a9d250ad16: link becomes ready
[ 1126.765006] IPv6: ADDRCONF(NETDEV_CHANGE): e3bb85c7c2da9db: link becomes ready
[ 1126.804906] device c6305a9d250ad16 entered promiscuous mode
[ 1126.862362] device e3bb85c7c2da9db entered promiscuous mode
[ 1126.977045] device 6adfe2ef4ea5539 left promiscuous mode
[ 1127.090215] device f2d10249e7c2904 left promiscuous mode
[ 1127.096880] device 8fc34aa1764d944 left promiscuous mode
[ 1127.103710] device a73086fa4451560 left promiscuous mode
[ 1127.792433] IPv6: ADDRCONF(NETDEV_CHANGE): 22541d06e04f2cc: link becomes ready
[ 1127.794315] IPv6: ADDRCONF(NETDEV_CHANGE): 458f47b04dc4c32: link becomes ready
[ 1127.819728] IPv6: ADDRCONF(NETDEV_CHANGE): 024cea1b6f3dea4: link becomes ready
[ 1127.819879] IPv6: ADDRCONF(NETDEV_CHANGE): e21f1221ed47f6c: link becomes ready
[ 1127.856255] device 22541d06e04f2cc entered promiscuous mode
[ 1127.911266] device 458f47b04dc4c32 entered promiscuous mode
[ 1127.966632] device 024cea1b6f3dea4 entered promiscuous mode
[ 1127.967796] device e21f1221ed47f6c entered promiscuous mode
[ 1132.876885] device c6305a9d250ad16 left promiscuous mode
[ 1143.930117] device 20e4a588412afcd left promiscuous mode
[ 1145.029996] device e21f1221ed47f6c left promiscuous mode
[ 1165.002924] device 458f47b04dc4c32 left promiscuous mode
[ 1306.582567] IPv6: ADDRCONF(NETDEV_CHANGE): eth0: link becomes ready
[ 1306.582614] IPv6: ADDRCONF(NETDEV_CHANGE): 903cd8b64e6d95e: link becomes ready
[ 1306.620415] device 903cd8b64e6d95e entered promiscuous mode
[ 1306.693632] IPv6: ADDRCONF(NETDEV_CHANGE): c03ef8e1842ffb4: link becomes ready
[ 1306.731565] device c03ef8e1842ffb4 entered promiscuous mode
[ 1315.784604] IPv6: ADDRCONF(NETDEV_CHANGE): eth0: link becomes ready
[ 1315.784661] IPv6: ADDRCONF(NETDEV_CHANGE): 0a1bb8b28f70312: link becomes ready
[ 1315.829577] device 0a1bb8b28f70312 entered promiscuous mode
[ 1316.999737] IPv6: ADDRCONF(NETDEV_CHANGE): eth0: link becomes ready
[ 1316.999798] IPv6: ADDRCONF(NETDEV_CHANGE): faeef5487ffa98d: link becomes ready
[ 1317.042796] device faeef5487ffa98d entered promiscuous mode
[ 1317.768095] IPv6: ADDRCONF(NETDEV_CHANGE): 66808418d5ade20: link becomes ready
[ 1317.811741] device 66808418d5ade20 entered promiscuous mode
[ 1319.216677] device c03ef8e1842ffb4 left promiscuous mode
[ 1320.147749] IPv6: ADDRCONF(NETDEV_CHANGE): f649eccf093375c: link becomes ready
[ 1320.185892] device f649eccf093375c entered promiscuous mode
[ 1322.470831] IPv6: ADDRCONF(NETDEV_CHANGE): b8c187866973557: link becomes ready
[ 1322.515389] device b8c187866973557 entered promiscuous mode
[ 1325.480349] IPv6: ADDRCONF(NETDEV_CHANGE): eth0: link becomes ready
[ 1325.480404] IPv6: ADDRCONF(NETDEV_CHANGE): 4295e4d6dddda18: link becomes ready
[ 1325.530418] device 4295e4d6dddda18 entered promiscuous mode
[ 1338.376829] IPv6: ADDRCONF(NETDEV_CHANGE): eth0: link becomes ready
[ 1338.376908] IPv6: ADDRCONF(NETDEV_CHANGE): f37ee0d16d52eb5: link becomes ready
[ 1338.414684] device f37ee0d16d52eb5 entered promiscuous mode
[ 1344.786567] IPv6: ADDRCONF(NETDEV_CHANGE): eth0: link becomes ready
[ 1344.786626] IPv6: ADDRCONF(NETDEV_CHANGE): 1ea97b556451bbf: link becomes ready
[ 1344.827369] device 1ea97b556451bbf entered promiscuous mode
[ 1346.052988] device a2b11038b88fb5b left promiscuous mode
[ 1347.790984] IPv6: ADDRCONF(NETDEV_CHANGE): eth0: link becomes ready
[ 1347.791034] IPv6: ADDRCONF(NETDEV_CHANGE): 1758709121af986: link becomes ready
[ 1347.855103] device 1758709121af986 entered promiscuous mode
[ 1349.599269] device faeef5487ffa98d left promiscuous mode
[ 1361.488982] IPv6: ADDRCONF(NETDEV_CHANGE): eth0: link becomes ready
[ 1361.489035] IPv6: ADDRCONF(NETDEV_CHANGE): 67af67492b0083d: link becomes ready
[ 1361.531064] device 67af67492b0083d entered promiscuous mode
[ 1361.899744] device 903cd8b64e6d95e left promiscuous mode
[ 1364.018338] device 67af67492b0083d left promiscuous mode
[ 1370.784399] IPv6: ADDRCONF(NETDEV_CHANGE): eth0: link becomes ready
[ 1370.784452] IPv6: ADDRCONF(NETDEV_CHANGE): 6a6f6a1fbb24027: link becomes ready
[ 1370.822419] device 6a6f6a1fbb24027 entered promiscuous mode
[ 1389.292434] IPv6: ADDRCONF(NETDEV_CHANGE): 826db5e773a590e: link becomes ready
[ 1389.328737] device 826db5e773a590e entered promiscuous mode
[ 1392.226831] device 826db5e773a590e left promiscuous mode
[ 1393.200515] device f37ee0d16d52eb5 left promiscuous mode
[ 1499.881140] device 011cc84d4220970 left promiscuous mode
[ 1500.484675] IPv6: ADDRCONF(NETDEV_CHANGE): f049670b1e09d0e: link becomes ready
[ 1500.532885] device f049670b1e09d0e entered promiscuous mode
[ 1549.671595] device 1ea97b556451bbf left promiscuous mode
[ 1550.304047] IPv6: ADDRCONF(NETDEV_CHANGE): 4c945fa7de6717c: link becomes ready
[ 1550.345836] device 4c945fa7de6717c entered promiscuous mode
[ 1554.000209] IPv6: ADDRCONF(NETDEV_CHANGE): eth0: link becomes ready
[ 1554.000263] IPv6: ADDRCONF(NETDEV_CHANGE): 14eab4eef27e0cc: link becomes ready
[ 1554.079430] device 14eab4eef27e0cc entered promiscuous mode
[ 1554.262343] IPv6: ADDRCONF(NETDEV_CHANGE): 5ab12a48f9ae698: link becomes ready
[ 1554.319115] device 5ab12a48f9ae698 entered promiscuous mode
[ 1561.724474] device 66808418d5ade20 left promiscuous mode
[ 1562.343606] IPv6: ADDRCONF(NETDEV_CHANGE): 4855c9d6963fc06: link becomes ready
[ 1562.381758] device 4855c9d6963fc06 entered promiscuous mode
[ 1566.293171] device 14eab4eef27e0cc left promiscuous mode
[ 1574.400407] device 5ab12a48f9ae698 left promiscuous mode
[ 1610.334788] IPv6: ADDRCONF(NETDEV_CHANGE): eth0: link becomes ready
[ 1610.334848] IPv6: ADDRCONF(NETDEV_CHANGE): a2d52f5a745307d: link becomes ready
[ 1610.375770] device a2d52f5a745307d entered promiscuous mode
[ 1613.424922] device a2d52f5a745307d left promiscuous mode
[ 1625.585197] IPv6: ADDRCONF(NETDEV_CHANGE): eth0: link becomes ready
[ 1625.585247] IPv6: ADDRCONF(NETDEV_CHANGE): 99b5b3f8f3bb2d6: link becomes ready
[ 1625.627465] device 99b5b3f8f3bb2d6 entered promiscuous mode
[ 1628.512964] device 99b5b3f8f3bb2d6 left promiscuous mode
[ 1774.119129] device 4c945fa7de6717c left promiscuous mode
[ 1781.536065] IPv6: ADDRCONF(NETDEV_CHANGE): eth0: link becomes ready
[ 1781.536126] IPv6: ADDRCONF(NETDEV_CHANGE): b84dbee2ca34acb: link becomes ready
[ 1781.576493] device b84dbee2ca34acb entered promiscuous mode
[ 1781.888160] device b84dbee2ca34acb left promiscuous mode
[ 1784.804962] IPv6: ADDRCONF(NETDEV_CHANGE): eth0: link becomes ready
[ 1784.805017] IPv6: ADDRCONF(NETDEV_CHANGE): 90add04528b0706: link becomes ready
[ 1784.846173] device 90add04528b0706 entered promiscuous mode
[ 1785.158893] device 90add04528b0706 left promiscuous mode
[ 1802.698814] IPv6: ADDRCONF(NETDEV_CHANGE): eth0: link becomes ready
[ 1802.698867] IPv6: ADDRCONF(NETDEV_CHANGE): c1aa5533057c6da: link becomes ready
[ 1802.737369] device c1aa5533057c6da entered promiscuous mode
[ 1803.048911] device c1aa5533057c6da left promiscuous mode
[ 1814.757555] IPv6: ADDRCONF(NETDEV_CHANGE): eth0: link becomes ready
[ 1814.757659] IPv6: ADDRCONF(NETDEV_CHANGE): a1717c5902a63af: link becomes ready
[ 1814.807400] device a1717c5902a63af entered promiscuous mode
[ 1815.138528] device a1717c5902a63af left promiscuous mode
[ 1816.702386] IPv6: ADDRCONF(NETDEV_CHANGE): b615ee434f96584: link becomes ready
[ 1816.743552] device b615ee434f96584 entered promiscuous mode
[ 1817.070336] device b615ee434f96584 left promiscuous mode
[ 1817.966404] IPv6: ADDRCONF(NETDEV_CHANGE): 7e783bb2fec3ca6: link becomes ready
[ 1818.007133] device 7e783bb2fec3ca6 entered promiscuous mode
[ 1818.322567] device 7e783bb2fec3ca6 left promiscuous mode
[ 1830.717031] IPv6: ADDRCONF(NETDEV_CHANGE): eth0: link becomes ready
[ 1830.717088] IPv6: ADDRCONF(NETDEV_CHANGE): 707d40e61aa9540: link becomes ready
[ 1830.764137] device 707d40e61aa9540 entered promiscuous mode
[ 1831.077579] device 707d40e61aa9540 left promiscuous mode
[ 1831.874043] IPv6: ADDRCONF(NETDEV_CHANGE): 286abe150465963: link becomes ready
[ 1831.919658] device 286abe150465963 entered promiscuous mode
[ 1832.237802] device 286abe150465963 left promiscuous mode
[ 1834.704374] IPv6: ADDRCONF(NETDEV_CHANGE): eth0: link becomes ready
[ 1834.704437] IPv6: ADDRCONF(NETDEV_CHANGE): 1f8bd4f3a1ffc0f: link becomes ready
[ 1834.743460] device 1f8bd4f3a1ffc0f entered promiscuous mode
[ 1835.057745] IPv6: ADDRCONF(NETDEV_CHANGE): daf02ece2a8d47b: link becomes ready
[ 1835.120096] device 1f8bd4f3a1ffc0f left promiscuous mode
[ 1835.128776] device daf02ece2a8d47b entered promiscuous mode
[ 1835.450888] device daf02ece2a8d47b left promiscuous mode
[ 1848.696986] IPv6: ADDRCONF(NETDEV_CHANGE): eth0: link becomes ready
[ 1848.697042] IPv6: ADDRCONF(NETDEV_CHANGE): 42782a9a5fcbe85: link becomes ready
[ 1848.734607] device 42782a9a5fcbe85 entered promiscuous mode
[ 1849.043499] device 42782a9a5fcbe85 left promiscuous mode
[ 1849.696168] IPv6: ADDRCONF(NETDEV_CHANGE): fe9ba2731f25d83: link becomes ready
[ 1849.737683] device fe9ba2731f25d83 entered promiscuous mode
[ 1850.056693] device fe9ba2731f25d83 left promiscuous mode
[ 1852.546889] IPv6: ADDRCONF(NETDEV_CHANGE): eth0: link becomes ready
[ 1852.546947] IPv6: ADDRCONF(NETDEV_CHANGE): 4fe958be3b5d824: link becomes ready
[ 1852.590784] device 4fe958be3b5d824 entered promiscuous mode
[ 1855.667236] device 4fe958be3b5d824 left promiscuous mode
[ 1862.222266] IPv6: ADDRCONF(NETDEV_CHANGE): eth0: link becomes ready
[ 1862.222382] IPv6: ADDRCONF(NETDEV_CHANGE): 5fd247ab97cfbc6: link becomes ready
[ 1862.231224] IPv6: ADDRCONF(NETDEV_CHANGE): 1b66651322e3698: link becomes ready
[ 1862.268791] device 5fd247ab97cfbc6 entered promiscuous mode
[ 1862.288191] IPv6: ADDRCONF(NETDEV_CHANGE): 424919a52829e6b: link becomes ready
[ 1862.345969] device 1b66651322e3698 entered promiscuous mode
[ 1862.346380] device 424919a52829e6b entered promiscuous mode
[ 1879.916564] device 5fd247ab97cfbc6 left promiscuous mode
[ 1895.905929] device 1b66651322e3698 left promiscuous mode
[ 1907.983249] device e3bb85c7c2da9db left promiscuous mode
[ 1910.152210] IPv6: ADDRCONF(NETDEV_CHANGE): eth0: link becomes ready
[ 1910.152272] IPv6: ADDRCONF(NETDEV_CHANGE): ba26908e3f0f312: link becomes ready
[ 1910.193596] device ba26908e3f0f312 entered promiscuous mode
[ 1932.080112] IPv6: ADDRCONF(NETDEV_CHANGE): eth0: link becomes ready
[ 1932.080174] IPv6: ADDRCONF(NETDEV_CHANGE): be5b4de1618edb7: link becomes ready
[ 1932.125675] device be5b4de1618edb7 entered promiscuous mode
[ 1995.506724] device be5b4de1618edb7 left promiscuous mode
[ 2021.088382] IPv6: ADDRCONF(NETDEV_CHANGE): eth0: link becomes ready
[ 2021.088507] IPv6: ADDRCONF(NETDEV_CHANGE): 82482eb87a201b5: link becomes ready
[ 2021.134498] device 82482eb87a201b5 entered promiscuous mode
[ 2058.229265] IPv6: ADDRCONF(NETDEV_CHANGE): eth0: link becomes ready
[ 2058.229326] IPv6: ADDRCONF(NETDEV_CHANGE): dff48d0568380a1: link becomes ready
[ 2058.273180] device dff48d0568380a1 entered promiscuous mode
[ 2093.066992] device dff48d0568380a1 left promiscuous mode
[ 2136.314313] IPv6: ADDRCONF(NETDEV_CHANGE): eth0: link becomes ready
[ 2136.314367] IPv6: ADDRCONF(NETDEV_CHANGE): b6ff53cbf318096: link becomes ready
[ 2136.351436] device b6ff53cbf318096 entered promiscuous mode
[ 2165.303040] IPv6: ADDRCONF(NETDEV_CHANGE): eth0: link becomes ready
[ 2165.303096] IPv6: ADDRCONF(NETDEV_CHANGE): 85761235f0dd8c2: link becomes ready
[ 2165.346330] device 85761235f0dd8c2 entered promiscuous mode
[ 2176.649733] device b6ff53cbf318096 left promiscuous mode
[ 2177.854265] device 85761235f0dd8c2 left promiscuous mode
[ 2185.092089] IPv6: ADDRCONF(NETDEV_CHANGE): eth0: link becomes ready
[ 2185.092132] IPv6: ADDRCONF(NETDEV_CHANGE): eca30716558f090: link becomes ready
[ 2185.136076] device eca30716558f090 entered promiscuous mode
[ 2229.231704] IPv6: ADDRCONF(NETDEV_CHANGE): eth0: link becomes ready
[ 2229.231773] IPv6: ADDRCONF(NETDEV_CHANGE): aaf64561139a161: link becomes ready
[ 2229.335310] device aaf64561139a161 entered promiscuous mode
[ 2241.323013] device 6a6f6a1fbb24027 left promiscuous mode
[ 2241.970982] IPv6: ADDRCONF(NETDEV_CHANGE): 76a712e6eb63ef5: link becomes ready
[ 2242.015493] device 76a712e6eb63ef5 entered promiscuous mode
[ 2242.182731] device aaf64561139a161 left promiscuous mode
[ 2455.716470] IPv6: ADDRCONF(NETDEV_CHANGE): eth0: link becomes ready
[ 2455.716523] IPv6: ADDRCONF(NETDEV_CHANGE): 53a53416bdc1f9b: link becomes ready
[ 2455.760514] device 53a53416bdc1f9b entered promiscuous mode
[ 2476.426069] device 53a53416bdc1f9b left promiscuous mode
[ 2857.326110] device ba26908e3f0f312 left promiscuous mode
[ 2857.950817] IPv6: ADDRCONF(NETDEV_CHANGE): efca5f07cc31f36: link becomes ready
[ 2857.992568] device efca5f07cc31f36 entered promiscuous mode
[ 2862.242971] IPv6: ADDRCONF(NETDEV_CHANGE): eth0: link becomes ready
[ 2862.243026] IPv6: ADDRCONF(NETDEV_CHANGE): a0b3a16664c15e0: link becomes ready
[ 2862.287291] device a0b3a16664c15e0 entered promiscuous mode
[ 2865.375776] device a0b3a16664c15e0 left promiscuous mode
[ 2875.521202] IPv6: ADDRCONF(NETDEV_CHANGE): eth0: link becomes ready
[ 2875.521260] IPv6: ADDRCONF(NETDEV_CHANGE): 46759626b78cea5: link becomes ready
[ 2875.582105] device 46759626b78cea5 entered promiscuous mode
[ 2887.620347] device 46759626b78cea5 left promiscuous mode
[ 2906.656398] IPv6: ADDRCONF(NETDEV_CHANGE): 4d096a051bbde01: link becomes ready
[ 2906.695675] device 4d096a051bbde01 entered promiscuous mode
[ 2909.632004] device 4d096a051bbde01 left promiscuous mode
[ 2914.804457] device 76a712e6eb63ef5 left promiscuous mode
[ 2920.072968] IPv6: ADDRCONF(NETDEV_CHANGE): eth0: link becomes ready
[ 2920.073020] IPv6: ADDRCONF(NETDEV_CHANGE): 6a6b9da817afb3e: link becomes ready
[ 2920.112750] device 6a6b9da817afb3e entered promiscuous mode
[ 3069.175708] IPv6: ADDRCONF(NETDEV_CHANGE): eth0: link becomes ready
[ 3069.175761] IPv6: ADDRCONF(NETDEV_CHANGE): 9a17f336c3c7e33: link becomes ready
[ 3069.220417] device 9a17f336c3c7e33 entered promiscuous mode
[ 3082.670460] device 9a17f336c3c7e33 left promiscuous mode
[ 3132.194414] device efca5f07cc31f36 left promiscuous mode
[ 3132.898223] IPv6: ADDRCONF(NETDEV_CHANGE): c6bce93ff5f214b: link becomes ready
[ 3132.953855] device c6bce93ff5f214b entered promiscuous mode
[ 3322.965880] IPv6: ADDRCONF(NETDEV_CHANGE): eth0: link becomes ready
[ 3322.965944] IPv6: ADDRCONF(NETDEV_CHANGE): b5aa129bf849de5: link becomes ready
[ 3323.006576] device b5aa129bf849de5 entered promiscuous mode
[ 3363.141216] device b5aa129bf849de5 left promiscuous mode
[ 3433.999555] device 6a6b9da817afb3e left promiscuous mode
[ 3434.665783] IPv6: ADDRCONF(NETDEV_CHANGE): d436d1bf9d40a13: link becomes ready
[ 3434.710512] device d436d1bf9d40a13 entered promiscuous mode
[ 3532.572911] IPv6: ADDRCONF(NETDEV_CHANGE): eth0: link becomes ready
[ 3532.572969] IPv6: ADDRCONF(NETDEV_CHANGE): d5455b78cfcba5d: link becomes ready
[ 3532.617173] device d5455b78cfcba5d entered promiscuous mode
[ 3535.142219] device d5455b78cfcba5d left promiscuous mode
[ 3549.336145] IPv6: ADDRCONF(NETDEV_CHANGE): eth0: link becomes ready
[ 3549.336219] IPv6: ADDRCONF(NETDEV_CHANGE): cc7e64a9b4f2f79: link becomes ready
[ 3549.421049] device cc7e64a9b4f2f79 entered promiscuous mode
[ 3561.454861] device cc7e64a9b4f2f79 left promiscuous mode
[ 3670.560856] IPv6: ADDRCONF(NETDEV_CHANGE): eth0: link becomes ready
[ 3670.560938] IPv6: ADDRCONF(NETDEV_CHANGE): 1a7c0e7bf0a259a: link becomes ready
[ 3670.606093] device 1a7c0e7bf0a259a entered promiscuous mode
[ 3683.095404] device 1a7c0e7bf0a259a left promiscuous mode
[ 3920.940952] IPv6: ADDRCONF(NETDEV_CHANGE): eth0: link becomes ready
[ 3920.941182] IPv6: ADDRCONF(NETDEV_CHANGE): 78cd3f88e9fdbbb: link becomes ready
[ 3920.978972] device 78cd3f88e9fdbbb entered promiscuous mode
[ 3960.482179] device 78cd3f88e9fdbbb left promiscuous mode
[ 4069.145936] device 1758709121af986 left promiscuous mode
[ 4071.096480] IPv6: ADDRCONF(NETDEV_CHANGE): eth0: link becomes ready
[ 4071.096548] IPv6: ADDRCONF(NETDEV_CHANGE): 7baa5eb819f1312: link becomes ready
[ 4071.152036] device 7baa5eb819f1312 entered promiscuous mode
[ 4088.959888] device f049670b1e09d0e left promiscuous mode
[ 4090.812921] IPv6: ADDRCONF(NETDEV_CHANGE): eth0: link becomes ready
[ 4090.812967] IPv6: ADDRCONF(NETDEV_CHANGE): 3c4e4b4f8828963: link becomes ready
[ 4090.864154] device 3c4e4b4f8828963 entered promiscuous mode
[ 4094.842926] device 4855c9d6963fc06 left promiscuous mode
[ 4095.807890] IPv6: ADDRCONF(NETDEV_CHANGE): c1733b53621a162: link becomes ready
[ 4095.848960] device c1733b53621a162 entered promiscuous mode
[ 4106.494473] device 424919a52829e6b left promiscuous mode
[ 4107.135921] IPv6: ADDRCONF(NETDEV_CHANGE): 46b713080d7d8e7: link becomes ready
[ 4107.179437] device 46b713080d7d8e7 entered promiscuous mode
[ 4197.667813] device c6bce93ff5f214b left promiscuous mode
[ 4198.295406] IPv6: ADDRCONF(NETDEV_CHANGE): 88d8c7d9ca12cb2: link becomes ready
[ 4198.335912] device 88d8c7d9ca12cb2 entered promiscuous mode
[ 4223.025000] IPv6: ADDRCONF(NETDEV_CHANGE): eth0: link becomes ready
[ 4223.025053] IPv6: ADDRCONF(NETDEV_CHANGE): 4e9276ea9267d22: link becomes ready
[ 4223.067896] device 4e9276ea9267d22 entered promiscuous mode
[ 4226.026170] device 4e9276ea9267d22 left promiscuous mode
[ 4272.820714] IPv6: ADDRCONF(NETDEV_CHANGE): eth0: link becomes ready
[ 4272.820773] IPv6: ADDRCONF(NETDEV_CHANGE): 5d045efb324e00f: link becomes ready
[ 4272.868359] device 5d045efb324e00f entered promiscuous mode
[ 4275.308286] device 5d045efb324e00f left promiscuous mode
[ 4309.993647] IPv6: ADDRCONF(NETDEV_CHANGE): eth0: link becomes ready
[ 4309.993694] IPv6: ADDRCONF(NETDEV_CHANGE): 8e4bc6bac8b0055: link becomes ready
[ 4310.038312] device 8e4bc6bac8b0055 entered promiscuous mode
[ 4322.707785] device 8e4bc6bac8b0055 left promiscuous mode
[ 4468.414778] IPv6: ADDRCONF(NETDEV_CHANGE): eth0: link becomes ready
[ 4468.414862] IPv6: ADDRCONF(NETDEV_CHANGE): 68782c5ce7a521a: link becomes ready
[ 4468.473381] device 68782c5ce7a521a entered promiscuous mode
[ 4480.592880] device 68782c5ce7a521a left promiscuous mode
[ 4642.697375] IPv6: ADDRCONF(NETDEV_CHANGE): eth0: link becomes ready
[ 4642.697432] IPv6: ADDRCONF(NETDEV_CHANGE): 90cd864d7fbed07: link becomes ready
[ 4642.738316] device 90cd864d7fbed07 entered promiscuous mode
[ 4682.635370] device 90cd864d7fbed07 left promiscuous mode
[ 4981.358802] IPv6: ADDRCONF(NETDEV_CHANGE): eth0: link becomes ready
[ 4981.358853] IPv6: ADDRCONF(NETDEV_CHANGE): 72cbc43d6396dc4: link becomes ready
[ 4981.404802] device 72cbc43d6396dc4 entered promiscuous mode
[ 4993.718861] device 72cbc43d6396dc4 left promiscuous mode
[ 5091.386450] IPv6: ADDRCONF(NETDEV_CHANGE): eth0: link becomes ready
[ 5091.386518] IPv6: ADDRCONF(NETDEV_CHANGE): 1b580f1b0a37f1c: link becomes ready
[ 5091.448258] device 1b580f1b0a37f1c entered promiscuous mode
[ 5104.241873] device 1b580f1b0a37f1c left promiscuous mode
[ 5228.199461] IPv6: ADDRCONF(NETDEV_CHANGE): eth0: link becomes ready
[ 5228.199524] IPv6: ADDRCONF(NETDEV_CHANGE): 7eff32c9073d99e: link becomes ready
[ 5228.241101] device 7eff32c9073d99e entered promiscuous mode
[ 5230.829509] device 7eff32c9073d99e left promiscuous mode
[ 5614.030562] IPv6: ADDRCONF(NETDEV_CHANGE): eth0: link becomes ready
[ 5614.030629] IPv6: ADDRCONF(NETDEV_CHANGE): 121f1cab653a350: link becomes ready
[ 5614.075346] device 121f1cab653a350 entered promiscuous mode
[ 5636.296710] device 121f1cab653a350 left promiscuous mode
[ 5650.670671] IPv6: ADDRCONF(NETDEV_CHANGE): eth0: link becomes ready
[ 5650.670731] IPv6: ADDRCONF(NETDEV_CHANGE): ef2bac2914b7476: link becomes ready
[ 5650.717978] device ef2bac2914b7476 entered promiscuous mode
[ 5690.486873] device ef2bac2914b7476 left promiscuous mode
[ 5727.880080] IPv6: ADDRCONF(NETDEV_CHANGE): eth0: link becomes ready
[ 5727.880138] IPv6: ADDRCONF(NETDEV_CHANGE): 2a4472f8babcfe8: link becomes ready
[ 5727.951443] device 2a4472f8babcfe8 entered promiscuous mode
[ 5740.899218] device 2a4472f8babcfe8 left promiscuous mode
[ 6196.044897] device 88d8c7d9ca12cb2 left promiscuous mode
[ 6196.699851] IPv6: ADDRCONF(NETDEV_CHANGE): 317e8c1c4312de2: link becomes ready
[ 6196.742950] device 317e8c1c4312de2 entered promiscuous mode
[ 6208.300346] IPv6: ADDRCONF(NETDEV_CHANGE): eth0: link becomes ready
[ 6208.300399] IPv6: ADDRCONF(NETDEV_CHANGE): 22af8fad200a0da: link becomes ready
[ 6208.341703] device 22af8fad200a0da entered promiscuous mode
[ 6211.337117] device 22af8fad200a0da left promiscuous mode
[ 6218.753815] IPv6: ADDRCONF(NETDEV_CHANGE): eth0: link becomes ready
[ 6218.753863] IPv6: ADDRCONF(NETDEV_CHANGE): 18a0cf94133add3: link becomes ready
[ 6218.798570] device 18a0cf94133add3 entered promiscuous mode
[ 6229.859286] IPv6: ADDRCONF(NETDEV_CHANGE): eth0: link becomes ready
[ 6229.859361] IPv6: ADDRCONF(NETDEV_CHANGE): 729aee6d52119e4: link becomes ready
[ 6229.901901] device 729aee6d52119e4 entered promiscuous mode
