[    0.000000] Linux version 5.14.0-427.42.1.el9_4.x86_64 (mockbuild@x86-64-03.build.eng.rdu2.redhat.com) (gcc (GCC) 11.4.1 20231218 (Red Hat 11.4.1-3), GNU ld version 2.35.2-43.el9) #1 SMP PREEMPT_DYNAMIC Fri Oct 18 14:35:40 EDT 2024
[    0.000000] The list of certified hardware and cloud instances for Red Hat Enterprise Linux 9 can be viewed at the Red Hat Ecosystem Catalog, https://catalog.redhat.com.
[    0.000000] Command line: BOOT_IMAGE=(hd0,gpt3)/boot/ostree/rhcos-c6df9f54e97ea9a9502a6bf8c9d435cf8e8a2f2bbeb539920a76ae037d99f8f7/vmlinuz-5.14.0-427.42.1.el9_4.x86_64 rw ostree=/ostree/boot.0/rhcos/c6df9f54e97ea9a9502a6bf8c9d435cf8e8a2f2bbeb539920a76ae037d99f8f7/0 ignition.platform.id=gcp console=tty0 console=ttyS0,115200n8 root=UUID=2e42437c-ad02-4fdf-9da6-f089f2aafe10 rw rootflags=prjquota boot=UUID=816afeed-533b-4704-ba7d-cb99888ed315 systemd.unified_cgroup_hierarchy=1 cgroup_no_v1=all psi=0
[    0.000000] [Firmware Bug]: TSC doesn't count with P0 frequency!
[    0.000000] x86/fpu: Supporting XSAVE feature 0x001: 'x87 floating point registers'
[    0.000000] x86/fpu: Supporting XSAVE feature 0x002: 'SSE registers'
[    0.000000] x86/fpu: Supporting XSAVE feature 0x004: 'AVX registers'
[    0.000000] x86/fpu: xstate_offset[2]:  576, xstate_sizes[2]:  256
[    0.000000] x86/fpu: Enabled xstate features 0x7, context size is 832 bytes, using 'compacted' format.
[    0.000000] signal: max sigframe size: 1776
[    0.000000] BIOS-provided physical RAM map:
[    0.000000] BIOS-e820: [mem 0x0000000000000000-0x0000000000000fff] reserved
[    0.000000] BIOS-e820: [mem 0x0000000000001000-0x0000000000054fff] usable
[    0.000000] BIOS-e820: [mem 0x0000000000055000-0x000000000005ffff] reserved
[    0.000000] BIOS-e820: [mem 0x0000000000060000-0x0000000000097fff] usable
[    0.000000] BIOS-e820: [mem 0x0000000000098000-0x000000000009ffff] reserved
[    0.000000] BIOS-e820: [mem 0x0000000000100000-0x00000000bf8ecfff] usable
[    0.000000] BIOS-e820: [mem 0x00000000bf8ed000-0x00000000bfb6cfff] reserved
[    0.000000] BIOS-e820: [mem 0x00000000bfb6d000-0x00000000bfb7efff] ACPI data
[    0.000000] BIOS-e820: [mem 0x00000000bfb7f000-0x00000000bfbfefff] ACPI NVS
[    0.000000] BIOS-e820: [mem 0x00000000bfbff000-0x00000000bffdffff] usable
[    0.000000] BIOS-e820: [mem 0x00000000bffe0000-0x00000000bfffffff] reserved
[    0.000000] BIOS-e820: [mem 0x0000000100000000-0x000000043fffffff] usable
[    0.000000] NX (Execute Disable) protection: active
[    0.000000] efi: EFI v2.7 by EDK II
[    0.000000] efi: TPMFinalLog=0xbfbf7000 ACPI=0xbfb7e000 ACPI 2.0=0xbfb7e014 SMBIOS=0xbf9e8000 MOKvar=0xbf9e6000 RNG=0xbfb73018 TPMEventLog=0xbd31e018 
[    0.000000] secureboot: Secure boot disabled
[    0.000000] SMBIOS 2.4 present.
[    0.000000] DMI: Google Google Compute Engine/Google Compute Engine, BIOS Google 09/13/2024
[    0.000000] Hypervisor detected: KVM
[    0.000000] kvm-clock: Using msrs 4b564d01 and 4b564d00
[    0.000001] kvm-clock: using sched offset of 13765620209 cycles
[    0.000002] clocksource: kvm-clock: mask: 0xffffffffffffffff max_cycles: 0x1cd42e4dffb, max_idle_ns: 881590591483 ns
[    0.000005] tsc: Detected 2249.998 MHz processor
[    0.000070] e820: update [mem 0x00000000-0x00000fff] usable ==> reserved
[    0.000072] e820: remove [mem 0x000a0000-0x000fffff] usable
[    0.000076] last_pfn = 0x440000 max_arch_pfn = 0x400000000
[    0.000111] MTRR map: 3 entries (2 fixed + 1 variable; max 18), built from 8 variable MTRRs
[    0.000114] x86/PAT: Configuration [0-7]: WB  WC  UC- UC  WB  WP  UC- WT  
[    0.000167] last_pfn = 0xbffe0 max_arch_pfn = 0x400000000
[    0.003782] Using GB pages for direct mapping
[    0.004002] secureboot: Secure boot disabled
[    0.004002] RAMDISK: [mem 0xb6689000-0xbbefefff]
[    0.004008] ACPI: Early table checksum verification disabled
[    0.004010] ACPI: RSDP 0x00000000BFB7E014 000024 (v02 Google)
[    0.004014] ACPI: XSDT 0x00000000BFB7D0E8 00005C (v01 Google GOOGFACP 00000001      01000013)
[    0.004018] ACPI: FACP 0x00000000BFB78000 0000F4 (v02 Google GOOGFACP 00000001 GOOG 00000001)
[    0.004022] ACPI: DSDT 0x00000000BFB79000 001A64 (v01 Google GOOGDSDT 00000001 GOOG 00000001)
[    0.004025] ACPI: FACS 0x00000000BFBF2000 000040
[    0.004027] ACPI: SSDT 0x00000000BFB7C000 000316 (v02 GOOGLE Tpm2Tabl 00001000 INTL 20240322)
[    0.004029] ACPI: TPM2 0x00000000BFB7B000 000034 (v04 GOOGLE          00000001 GOOG 00000001)
[    0.004031] ACPI: SRAT 0x00000000BFB77000 000108 (v03 Google GOOGSRAT 00000001 GOOG 00000001)
[    0.004034] ACPI: APIC 0x00000000BFB76000 000096 (v05 Google GOOGAPIC 00000001 GOOG 00000001)
[    0.004036] ACPI: SSDT 0x00000000BFB75000 000B04 (v01 Google GOOGSSDT 00000001 GOOG 00000001)
[    0.004038] ACPI: WAET 0x00000000BFB74000 000028 (v01 Google GOOGWAET 00000001 GOOG 00000001)
[    0.004040] ACPI: Reserving FACP table memory at [mem 0xbfb78000-0xbfb780f3]
[    0.004041] ACPI: Reserving DSDT table memory at [mem 0xbfb79000-0xbfb7aa63]
[    0.004041] ACPI: Reserving FACS table memory at [mem 0xbfbf2000-0xbfbf203f]
[    0.004042] ACPI: Reserving SSDT table memory at [mem 0xbfb7c000-0xbfb7c315]
[    0.004043] ACPI: Reserving TPM2 table memory at [mem 0xbfb7b000-0xbfb7b033]
[    0.004043] ACPI: Reserving SRAT table memory at [mem 0xbfb77000-0xbfb77107]
[    0.004044] ACPI: Reserving APIC table memory at [mem 0xbfb76000-0xbfb76095]
[    0.004045] ACPI: Reserving SSDT table memory at [mem 0xbfb75000-0xbfb75b03]
[    0.004045] ACPI: Reserving WAET table memory at [mem 0xbfb74000-0xbfb74027]
[    0.004095] SRAT: PXM 0 -> APIC 0x00 -> Node 0
[    0.004096] SRAT: PXM 0 -> APIC 0x01 -> Node 0
[    0.004097] SRAT: PXM 0 -> APIC 0x02 -> Node 0
[    0.004097] SRAT: PXM 0 -> APIC 0x03 -> Node 0
[    0.004098] SRAT: PXM 0 -> APIC 0x04 -> Node 0
[    0.004099] SRAT: PXM 0 -> APIC 0x05 -> Node 0
[    0.004100] ACPI: SRAT: Node 0 PXM 0 [mem 0x00000000-0x0009ffff]
[    0.004101] ACPI: SRAT: Node 0 PXM 0 [mem 0x00100000-0xbfffffff]
[    0.004102] ACPI: SRAT: Node 0 PXM 0 [mem 0x100000000-0x43fffffff]
[    0.004105] NUMA: Node 0 [mem 0x00000000-0x0009ffff] + [mem 0x00100000-0xbfffffff] -> [mem 0x00000000-0xbfffffff]
[    0.004107] NUMA: Node 0 [mem 0x00000000-0xbfffffff] + [mem 0x100000000-0x43fffffff] -> [mem 0x00000000-0x43fffffff]
[    0.004117] NODE_DATA(0) allocated [mem 0x43ffd5000-0x43fffffff]
[    0.004534] Zone ranges:
[    0.004534]   DMA      [mem 0x0000000000001000-0x0000000000ffffff]
[    0.004536]   DMA32    [mem 0x0000000001000000-0x00000000ffffffff]
[    0.004537]   Normal   [mem 0x0000000100000000-0x000000043fffffff]
[    0.004538]   Device   empty
[    0.004538] Movable zone start for each node
[    0.004541] Early memory node ranges
[    0.004541]   node   0: [mem 0x0000000000001000-0x0000000000054fff]
[    0.004542]   node   0: [mem 0x0000000000060000-0x0000000000097fff]
[    0.004543]   node   0: [mem 0x0000000000100000-0x00000000bf8ecfff]
[    0.004544]   node   0: [mem 0x00000000bfbff000-0x00000000bffdffff]
[    0.004544]   node   0: [mem 0x0000000100000000-0x000000043fffffff]
[    0.004547] Initmem setup node 0 [mem 0x0000000000001000-0x000000043fffffff]
[    0.004707] On node 0, zone DMA: 1 pages in unavailable ranges
[    0.004709] On node 0, zone DMA: 11 pages in unavailable ranges
[    0.004743] On node 0, zone DMA: 104 pages in unavailable ranges
[    0.012224] On node 0, zone DMA32: 786 pages in unavailable ranges
[    0.012516] On node 0, zone Normal: 32 pages in unavailable ranges
[    0.012818] ACPI: PM-Timer IO Port: 0xb008
[    0.012828] ACPI: LAPIC_NMI (acpi_id[0xff] dfl dfl lint[0x1])
[    0.012874] IOAPIC[0]: apic_id 0, version 17, address 0xfec00000, GSI 0-23
[    0.012876] ACPI: INT_SRC_OVR (bus 0 bus_irq 5 global_irq 5 high level)
[    0.012878] ACPI: INT_SRC_OVR (bus 0 bus_irq 9 global_irq 9 high level)
[    0.012879] ACPI: INT_SRC_OVR (bus 0 bus_irq 10 global_irq 10 high level)
[    0.012880] ACPI: INT_SRC_OVR (bus 0 bus_irq 11 global_irq 11 high level)
[    0.012882] ACPI: Using ACPI (MADT) for SMP configuration information
[    0.012887] smpboot: Allowing 6 CPUs, 0 hotplug CPUs
[    0.012915] PM: hibernation: Registered nosave memory: [mem 0x00000000-0x00000fff]
[    0.012916] PM: hibernation: Registered nosave memory: [mem 0x00055000-0x0005ffff]
[    0.012917] PM: hibernation: Registered nosave memory: [mem 0x00098000-0x0009ffff]
[    0.012918] PM: hibernation: Registered nosave memory: [mem 0x000a0000-0x000fffff]
[    0.012919] PM: hibernation: Registered nosave memory: [mem 0xbf8ed000-0xbfb6cfff]
[    0.012919] PM: hibernation: Registered nosave memory: [mem 0xbfb6d000-0xbfb7efff]
[    0.012920] PM: hibernation: Registered nosave memory: [mem 0xbfb7f000-0xbfbfefff]
[    0.012921] PM: hibernation: Registered nosave memory: [mem 0xbffe0000-0xbfffffff]
[    0.012921] PM: hibernation: Registered nosave memory: [mem 0xc0000000-0xffffffff]
[    0.012922] [mem 0xc0000000-0xffffffff] available for PCI devices
[    0.012924] Booting paravirtualized kernel on KVM
[    0.012926] clocksource: refined-jiffies: mask: 0xffffffff max_cycles: 0xffffffff, max_idle_ns: 1910969940391419 ns
[    0.017016] setup_percpu: NR_CPUS:8192 nr_cpumask_bits:6 nr_cpu_ids:6 nr_node_ids:1
[    0.017283] percpu: Embedded 63 pages/cpu s221184 r8192 d28672 u262144
[    0.017287] pcpu-alloc: s221184 r8192 d28672 u262144 alloc=1*2097152
[    0.017290] pcpu-alloc: [0] 0 1 2 3 4 5 - - 
[    0.017315] kvm-guest: PV spinlocks enabled
[    0.017316] PV qspinlock hash table entries: 256 (order: 0, 4096 bytes, linear)
[    0.017323] Fallback order for Node 0: 0 
[    0.017327] Built 1 zonelists, mobility grouping on.  Total pages: 4125688
[    0.017327] Policy zone: Normal
[    0.017328] Kernel command line: BOOT_IMAGE=(hd0,gpt3)/boot/ostree/rhcos-c6df9f54e97ea9a9502a6bf8c9d435cf8e8a2f2bbeb539920a76ae037d99f8f7/vmlinuz-5.14.0-427.42.1.el9_4.x86_64 rw ostree=/ostree/boot.0/rhcos/c6df9f54e97ea9a9502a6bf8c9d435cf8e8a2f2bbeb539920a76ae037d99f8f7/0 ignition.platform.id=gcp console=tty0 console=ttyS0,115200n8 root=UUID=2e42437c-ad02-4fdf-9da6-f089f2aafe10 rw rootflags=prjquota boot=UUID=816afeed-533b-4704-ba7d-cb99888ed315 systemd.unified_cgroup_hierarchy=1 cgroup_no_v1=all psi=0
[    0.017458] Unknown kernel command line parameters "BOOT_IMAGE=(hd0,gpt3)/boot/ostree/rhcos-c6df9f54e97ea9a9502a6bf8c9d435cf8e8a2f2bbeb539920a76ae037d99f8f7/vmlinuz-5.14.0-427.42.1.el9_4.x86_64 ostree=/ostree/boot.0/rhcos/c6df9f54e97ea9a9502a6bf8c9d435cf8e8a2f2bbeb539920a76ae037d99f8f7/0 boot=UUID=816afeed-533b-4704-ba7d-cb99888ed315", will be passed to user space.
[    0.017488] random: crng init done
[    0.019119] Dentry cache hash table entries: 2097152 (order: 12, 16777216 bytes, linear)
[    0.019896] Inode-cache hash table entries: 1048576 (order: 11, 8388608 bytes, linear)
[    0.020124] mem auto-init: stack:off, heap alloc:off, heap free:off
[    0.020130] software IO TLB: area num 8.
[    0.041054] Memory: 3059712K/16773480K available (16384K kernel code, 5626K rwdata, 11760K rodata, 3892K init, 5956K bss, 553656K reserved, 0K cma-reserved)
[    0.041131] SLUB: HWalign=64, Order=0-3, MinObjects=0, CPUs=6, Nodes=1
[    0.041139] ftrace: allocating 46896 entries in 184 pages
[    0.061365] ftrace: allocated 184 pages with 4 groups
[    0.062080] Dynamic Preempt: voluntary
[    0.062287] rcu: Preemptible hierarchical RCU implementation.
[    0.062289] rcu: 	RCU restricting CPUs from NR_CPUS=8192 to nr_cpu_ids=6.
[    0.062290] 	Trampoline variant of Tasks RCU enabled.
[    0.062291] 	Rude variant of Tasks RCU enabled.
[    0.062291] 	Tracing variant of Tasks RCU enabled.
[    0.062292] rcu: RCU calculated value of scheduler-enlistment delay is 100 jiffies.
[    0.062293] rcu: Adjusting geometry for rcu_fanout_leaf=16, nr_cpu_ids=6
[    0.065519] NR_IRQS: 524544, nr_irqs: 472, preallocated irqs: 16
[    0.065714] rcu: srcu_init: Setting srcu_struct sizes based on contention.
[    0.065790] kfence: initialized - using 2097152 bytes for 255 objects at 0x(____ptrval____)-0x(____ptrval____)
[    0.065816] Console: colour dummy device 80x25
[    0.065988] printk: console [tty0] enabled
[    0.222856] printk: console [ttyS0] enabled
[    0.223500] ACPI: Core revision 20221020
[    0.224174] APIC: Switch to symmetric I/O mode setup
[    0.225264] x2apic enabled
[    0.230451] Switched APIC routing to physical x2apic.
[    0.235849] ..TIMER: vector=0x30 apic1=0 pin1=0 apic2=-1 pin2=-1
[    0.237209] clocksource: tsc-early: mask: 0xffffffffffffffff max_cycles: 0x206eb2111f5, max_idle_ns: 440795222471 ns
[    0.238645] Calibrating delay loop (skipped) preset value.. 4499.99 BogoMIPS (lpj=2249998)
[    0.239645] pid_max: default: 32768 minimum: 301
[    0.248839] LSM: initializing lsm=lockdown,capability,yama,integrity,selinux,bpf
[    0.249651] Yama: becoming mindful.
[    0.250324] SELinux:  Initializing.
[    0.250672] LSM support for eBPF active
[    0.251875] Mount-cache hash table entries: 32768 (order: 6, 262144 bytes, linear)
[    0.252655] Mountpoint-cache hash table entries: 32768 (order: 6, 262144 bytes, linear)
[    0.253776] Disabling cpuset control group subsystem in v1 mounts
[    0.254649] Disabling cpu control group subsystem in v1 mounts
[    0.255645] Disabling cpuacct control group subsystem in v1 mounts
[    0.256646] Disabling io control group subsystem in v1 mounts
[    0.257653] Disabling memory control group subsystem in v1 mounts
[    0.258475] Disabling devices control group subsystem in v1 mounts
[    0.258645] Disabling freezer control group subsystem in v1 mounts
[    0.259644] Disabling net_cls control group subsystem in v1 mounts
[    0.260648] Disabling perf_event control group subsystem in v1 mounts
[    0.261643] Disabling net_prio control group subsystem in v1 mounts
[    0.262645] Disabling hugetlb control group subsystem in v1 mounts
[    0.263644] Disabling pids control group subsystem in v1 mounts
[    0.264644] Disabling rdma control group subsystem in v1 mounts
[    0.265438] Disabling misc control group subsystem in v1 mounts
[    0.265754] x86/cpu: User Mode Instruction Prevention (UMIP) activated
[    0.266818] Last level iTLB entries: 4KB 1024, 2MB 1024, 4MB 512
[    0.267643] Last level dTLB entries: 4KB 2048, 2MB 2048, 4MB 1024, 1GB 0
[    0.268648] Spectre V1 : Mitigation: usercopy/swapgs barriers and __user pointer sanitization
[    0.269645] Spectre V2 : Mitigation: Retpolines
[    0.270643] Spectre V2 : Spectre v2 / SpectreRSB mitigation: Filling RSB on context switch
[    0.271643] Spectre V2 : Spectre v2 / SpectreRSB : Filling RSB on VMEXIT
[    0.272643] Spectre V2 : Enabling Speculation Barrier for firmware calls
[    0.273643] RETBleed: Mitigation: untrained return thunk
[    0.274644] Spectre V2 : mitigation: Enabling conditional Indirect Branch Prediction Barrier
[    0.275643] Spectre V2 : Selecting STIBP always-on mode to complement retbleed mitigation
[    0.276643] Spectre V2 : User space: Mitigation: STIBP always-on protection
[    0.277644] Speculative Store Bypass: Mitigation: Speculative Store Bypass disabled via prctl
[    0.278644] Speculative Return Stack Overflow: Mitigation: Safe RET
[    0.299130] Freeing SMP alternatives memory: 36K
[    0.402018] smpboot: CPU0: AMD EPYC 7B12 (family: 0x17, model: 0x31, stepping: 0x0)
[    0.402873] cblist_init_generic: Setting adjustable number of callback queues.
[    0.403642] cblist_init_generic: Setting shift to 3 and lim to 1.
[    0.404667] cblist_init_generic: Setting shift to 3 and lim to 1.
[    0.405668] cblist_init_generic: Setting shift to 3 and lim to 1.
[    0.406662] Performance Events: PMU not available due to virtualization, using software events only.
[    0.408714] rcu: Hierarchical SRCU implementation.
[    0.409645] rcu: 	Max phase no-delay instances is 400.
[    0.413128] NMI watchdog: Perf NMI watchdog permanently disabled
[    0.413773] smp: Bringing up secondary CPUs ...
[    0.414792] x86: Booting SMP configuration:
[    0.415381] .... node  #0, CPUs:      #1 #2 #3
[    0.417853] Spectre V2 : Update user space SMT mitigation: STIBP always-on
[    0.419789]  #4 #5
[    0.421162] smp: Brought up 1 node, 6 CPUs
[    0.422281] smpboot: Max logical packages: 1
[    0.422645] smpboot: Total of 6 processors activated (26999.97 BogoMIPS)
[    0.452973] node 0 deferred pages initialised in 28ms
[    0.454700] devtmpfs: initialized
[    0.455329] x86/mm: Memory block size: 128MB
[    0.458311] ACPI: PM: Registering ACPI NVS region [mem 0xbfb7f000-0xbfbfefff] (524288 bytes)
[    0.458744] clocksource: jiffies: mask: 0xffffffff max_cycles: 0xffffffff, max_idle_ns: 1911260446275000 ns
[    0.459653] futex hash table entries: 2048 (order: 5, 131072 bytes, linear)
[    0.461721] pinctrl core: initialized pinctrl subsystem
[    0.463516] NET: Registered PF_NETLINK/PF_ROUTE protocol family
[    0.463916] DMA: preallocated 2048 KiB GFP_KERNEL pool for atomic allocations
[    0.464654] DMA: preallocated 2048 KiB GFP_KERNEL|GFP_DMA pool for atomic allocations
[    0.465655] DMA: preallocated 2048 KiB GFP_KERNEL|GFP_DMA32 pool for atomic allocations
[    0.466663] audit: initializing netlink subsys (disabled)
[    0.467675] audit: type=2000 audit(1729774729.484:1): state=initialized audit_enabled=0 res=1
[    0.467788] thermal_sys: Registered thermal governor 'fair_share'
[    0.468649] thermal_sys: Registered thermal governor 'step_wise'
[    0.469646] thermal_sys: Registered thermal governor 'user_space'
[    0.470661] cpuidle: using governor menu
[    0.472934] acpiphp: ACPI Hot Plug PCI Controller Driver version: 0.5
[    0.473951] PCI: Using configuration type 1 for base access
[    0.474646] PCI: Using configuration type 1 for extended access
[    0.478976] kprobes: kprobe jump-optimization is enabled. All kprobes are optimized if possible.
[    0.480685] HugeTLB: registered 1.00 GiB page size, pre-allocated 0 pages
[    0.481651] HugeTLB: 16380 KiB vmemmap can be freed for a 1.00 GiB page
[    0.482647] HugeTLB: registered 2.00 MiB page size, pre-allocated 0 pages
[    0.483647] HugeTLB: 28 KiB vmemmap can be freed for a 2.00 MiB page
[    0.484722] cryptd: max_cpu_qlen set to 1000
[    0.485757] ACPI: Added _OSI(Module Device)
[    0.486663] ACPI: Added _OSI(Processor Device)
[    0.487275] ACPI: Added _OSI(3.0 _SCP Extensions)
[    0.487646] ACPI: Added _OSI(Processor Aggregator Device)
[    0.488647] ACPI: Added _OSI(Linux-Dell-Video)
[    0.489647] ACPI: Added _OSI(Linux-Lenovo-NV-HDMI-Audio)
[    0.490439] ACPI: Added _OSI(Linux-HPI-Hybrid-Graphics)
[    0.493478] ACPI: 3 ACPI AML tables successfully acquired and loaded
[    0.496519] ACPI: Interpreter enabled
[    0.496669] ACPI: PM: (supports S0 S3 S4 S5)
[    0.497646] ACPI: Using IOAPIC for interrupt routing
[    0.498884] PCI: Using host bridge windows from ACPI; if necessary, use "pci=nocrs" and report a bug
[    0.499648] PCI: Ignoring E820 reservations for host bridge windows
[    0.500881] ACPI: Enabled 16 GPEs in block 00 to 0F
[    0.505988] ACPI: PCI Root Bridge [PCI0] (domain 0000 [bus 00-ff])
[    0.506652] acpi PNP0A03:00: _OSC: OS supports [ExtendedConfig ASPM ClockPM Segments MSI EDR HPX-Type3]
[    0.509495] PCI host bridge to bus 0000:00
[    0.509647] pci_bus 0000:00: root bus resource [io  0x0000-0x0cf7 window]
[    0.510646] pci_bus 0000:00: root bus resource [io  0x0d00-0xffff window]
[    0.511646] pci_bus 0000:00: root bus resource [mem 0x000a0000-0x000bffff window]
[    0.512647] pci_bus 0000:00: root bus resource [mem 0xc0000000-0xfebfefff window]
[    0.513647] pci_bus 0000:00: root bus resource [bus 00-ff]
[    0.514794] pci 0000:00:00.0: [8086:1237] type 00 class 0x060000
[    0.518015] pci 0000:00:01.0: [8086:7110] type 00 class 0x060100
[    0.536962] pci 0000:00:01.3: [8086:7113] type 00 class 0x068000
[    0.554692] pci 0000:00:01.3: quirk: [io  0xb000-0xb03f] claimed by PIIX4 ACPI
[    0.556738] pci 0000:00:03.0: [1af4:1004] type 00 class 0x000000
[    0.562647] pci 0000:00:03.0: reg 0x10: [io  0xc040-0xc07f]
[    0.568647] pci 0000:00:03.0: reg 0x14: [mem 0xc0001000-0xc000107f]
[    0.581045] pci 0000:00:04.0: [1af4:1000] type 00 class 0x020000
[    0.587646] pci 0000:00:04.0: reg 0x10: [io  0xc000-0xc03f]
[    0.592647] pci 0000:00:04.0: reg 0x14: [mem 0xc0000000-0xc00000ff]
[    0.604955] pci 0000:00:05.0: [1af4:1002] type 00 class 0x00ff00
[    0.612648] pci 0000:00:05.0: reg 0x10: [io  0xc0a0-0xc0bf]
[    0.626996] pci 0000:00:06.0: [1af4:1005] type 00 class 0x00ff00
[    0.634651] pci 0000:00:06.0: reg 0x10: [io  0xc080-0xc09f]
[    0.639649] pci 0000:00:06.0: reg 0x14: [mem 0xc0002000-0xc000203f]
[    0.652930] ACPI: PCI: Interrupt link LNKA configured for IRQ 10
[    0.654772] ACPI: PCI: Interrupt link LNKB configured for IRQ 10
[    0.656727] ACPI: PCI: Interrupt link LNKC configured for IRQ 11
[    0.658731] ACPI: PCI: Interrupt link LNKD configured for IRQ 11
[    0.660685] ACPI: PCI: Interrupt link LNKS configured for IRQ 9
[    0.662686] iommu: Default domain type: Translated
[    0.663353] iommu: DMA domain TLB invalidation policy: lazy mode
[    0.663779] SCSI subsystem initialized
[    0.664681] ACPI: bus type USB registered
[    0.665675] usbcore: registered new interface driver usbfs
[    0.666662] usbcore: registered new interface driver hub
[    0.667657] usbcore: registered new device driver usb
[    0.668695] pps_core: LinuxPPS API ver. 1 registered
[    0.669645] pps_core: Software ver. 5.3.6 - Copyright 2005-2007 Rodolfo Giometti <giometti@linux.it>
[    0.670653] PTP clock support registered
[    0.671653] EDAC MC: Ver: 3.0.0
[    0.672646] Registered efivars operations
[    0.673756] NetLabel: Initializing
[    0.674292] NetLabel:  domain hash size = 128
[    0.674645] NetLabel:  protocols = UNLABELED CIPSOv4 CALIPSO
[    0.675674] NetLabel:  unlabeled traffic allowed by default
[    0.676646] PCI: Using ACPI for IRQ routing
[    0.677333] PCI: pci_cache_line_size set to 64 bytes
[    0.677425] e820: reserve RAM buffer [mem 0x00055000-0x0005ffff]
[    0.677428] e820: reserve RAM buffer [mem 0x00098000-0x0009ffff]
[    0.677430] e820: reserve RAM buffer [mem 0xbf8ed000-0xbfffffff]
[    0.677432] e820: reserve RAM buffer [mem 0xbffe0000-0xbfffffff]
[    0.677462] vgaarb: loaded
[    0.677907] clocksource: Switched to clocksource kvm-clock
[    0.678870] VFS: Disk quotas dquot_6.6.0
[    0.679913] VFS: Dquot-cache hash table entries: 512 (order 0, 4096 bytes)
[    0.681542] pnp: PnP ACPI init
[    0.683109] pnp: PnP ACPI: found 7 devices
[    0.694464] clocksource: acpi_pm: mask: 0xffffff max_cycles: 0xffffff, max_idle_ns: 2085701024 ns
[    0.695963] NET: Registered PF_INET protocol family
[    0.696996] IP idents hash table entries: 262144 (order: 9, 2097152 bytes, linear)
[    0.700806] tcp_listen_portaddr_hash hash table entries: 8192 (order: 5, 131072 bytes, linear)
[    0.702197] Table-perturb hash table entries: 65536 (order: 6, 262144 bytes, linear)
[    0.703338] TCP established hash table entries: 131072 (order: 8, 1048576 bytes, linear)
[    0.704863] TCP bind hash table entries: 65536 (order: 8, 1048576 bytes, linear)
[    0.706314] TCP: Hash tables configured (established 131072 bind 65536)
[    0.707398] MPTCP token hash table entries: 16384 (order: 6, 393216 bytes, linear)
[    0.708606] UDP hash table entries: 8192 (order: 6, 262144 bytes, linear)
[    0.709804] UDP-Lite hash table entries: 8192 (order: 6, 262144 bytes, linear)
[    0.711136] NET: Registered PF_UNIX/PF_LOCAL protocol family
[    0.712329] NET: Registered PF_XDP protocol family
[    0.713582] pci_bus 0000:00: resource 4 [io  0x0000-0x0cf7 window]
[    0.714745] pci_bus 0000:00: resource 5 [io  0x0d00-0xffff window]
[    0.715622] pci_bus 0000:00: resource 6 [mem 0x000a0000-0x000bffff window]
[    0.716578] pci_bus 0000:00: resource 7 [mem 0xc0000000-0xfebfefff window]
[    0.717623] pci 0000:00:00.0: Limiting direct PCI/PCI transfers
[    0.718878] PCI: CLS 0 bytes, default 64
[    0.719484] PCI-DMA: Using software bounce buffering for IO (SWIOTLB)
[    0.719613] Trying to unpack rootfs image as initramfs...
[    0.720414] software IO TLB: mapped [mem 0x00000000b2689000-0x00000000b6689000] (64MB)
[    0.720657] ACPI: bus type thunderbolt registered
[    0.724203] amd_uncore: 0 amd_df counters detected
[    0.725046] amd_uncore: 0 amd_l3 counters detected
[    0.725983] clocksource: tsc: mask: 0xffffffffffffffff max_cycles: 0x206eb2111f5, max_idle_ns: 440795222471 ns
[    0.727798] clocksource: Switched to clocksource tsc
[    0.731484] Initialise system trusted keyrings
[    0.732247] Key type blacklist registered
[    0.732935] workingset: timestamp_bits=36 max_order=22 bucket_order=0
[    0.737426] zbud: loaded
[    0.738790] integrity: Platform Keyring initialized
[    0.739775] integrity: Machine keyring initialized
[    0.744093] NET: Registered PF_ALG protocol family
[    0.744791] xor: automatically using best checksumming function   avx       
[    0.746155] Key type asymmetric registered
[    0.746809] Asymmetric key parser 'x509' registered
[    0.747873] Running certificate verification selftests
[    0.750452] Loaded X.509 cert 'Certificate verification self-testing key: f58703bb33ce1b73ee02eccdee5b8817518fe3db'
[    0.752708] Block layer SCSI generic (bsg) driver version 0.4 loaded (major 246)
[    0.754023] io scheduler mq-deadline registered
[    0.754837] io scheduler kyber registered
[    0.755784] io scheduler bfq registered
[    0.758771] atomic64_test: passed for x86-64 platform with CX8 and with SSE
[    0.760166] shpchp: Standard Hot Plug PCI Controller Driver version: 0.4
[    0.761352] input: Power Button as /devices/LNXSYSTM:00/LNXPWRBN:00/input/input0
[    0.762585] ACPI: button: Power Button [PWRF]
[    0.763321] input: Sleep Button as /devices/LNXSYSTM:00/LNXSLPBN:00/input/input1
[    0.764429] ACPI: button: Sleep Button [SLPF]
[    0.768270] ACPI: \_SB_.LNKC: Enabled at IRQ 11
[    0.769124] virtio-pci 0000:00:03.0: virtio_pci: leaving for legacy driver
[    0.774758] ACPI: \_SB_.LNKD: Enabled at IRQ 10
[    0.775517] virtio-pci 0000:00:04.0: virtio_pci: leaving for legacy driver
[    0.782627] ACPI: \_SB_.LNKA: Enabled at IRQ 10
[    0.783687] virtio-pci 0000:00:05.0: virtio_pci: leaving for legacy driver
[    0.789914] ACPI: \_SB_.LNKB: Enabled at IRQ 11
[    0.790950] virtio-pci 0000:00:06.0: virtio_pci: leaving for legacy driver
[    0.795180] Serial: 8250/16550 driver, 4 ports, IRQ sharing enabled
[    0.796250] 00:03: ttyS0 at I/O 0x3f8 (irq = 4, base_baud = 115200) is a 16550A
[    0.797481] 00:04: ttyS1 at I/O 0x2f8 (irq = 3, base_baud = 115200) is a 16550A
[    0.798771] 00:05: ttyS2 at I/O 0x3e8 (irq = 6, base_baud = 115200) is a 16550A
[    0.800052] 00:06: ttyS3 at I/O 0x2e8 (irq = 7, base_baud = 115200) is a 16550A
[    0.801529] Non-volatile memory driver v1.3
[    0.814710] tpm_tis MSFT0101:00: 2.0 TPM (device-id 0x9009, rev-id 0)
[    0.824438] rdac: device handler registered
[    0.825336] hp_sw: device handler registered
[    0.826029] emc: device handler registered
[    0.826871] alua: device handler registered
[    0.828167] usbcore: registered new interface driver usbserial_generic
[    0.829179] usbserial: USB Serial support registered for generic
[    0.830182] i8042: PNP: PS/2 Controller [PNP0303:KBD,PNP0f13:MOU] at 0x60,0x64 irq 1,12
[    0.831527] i8042: Warning: Keylock active
[    0.833691] serio: i8042 KBD port at 0x60,0x64 irq 1
[    0.834425] serio: i8042 AUX port at 0x60,0x64 irq 12
[    0.835390] mousedev: PS/2 mouse device common for all mice
[    0.836435] rtc_cmos 00:00: RTC can wake from S4
[    0.837989] rtc_cmos 00:00: registered as rtc0
[    0.838900] rtc_cmos 00:00: setting system clock to 2024-10-24T12:58:50 UTC (1729774730)
[    0.840109] rtc_cmos 00:00: alarms up to one day, 114 bytes nvram
[    0.841051] amd_pstate: the _CPC object is not present in SBIOS or ACPI disabled
[    0.842350] EFI Variables Facility v0.08 2004-May-17
[    0.848441] hid: raw HID events driver (C) Jiri Kosina
[    0.849247] usbcore: registered new interface driver usbhid
[    0.850374] usbhid: USB HID core driver
[    0.850987] drop_monitor: Initializing network drop monitor service
[    0.864616] Initializing XFRM netlink socket
[    0.865514] NET: Registered PF_INET6 protocol family
[    1.041337] input: AT Translated Set 2 keyboard as /devices/platform/i8042/serio0/input/input2
[    1.189475] Freeing initrd memory: 90584K
[    1.197573] Segment Routing with IPv6
[    1.198517] NET: Registered PF_PACKET protocol family
[    1.199367] mpls_gso: MPLS GSO support
[    1.201287] IPI shorthand broadcast: enabled
[    1.202545] AVX2 version of gcm_enc/dec engaged.
[    1.203460] AES CTR mode by8 optimization enabled
[    1.204230] sched_clock: Marking stable (1036204075, 167921077)->(1266674217, -62549065)
[    1.205864] registered taskstats version 1
[    1.207234] Loading compiled-in X.509 certificates
[    1.208851] Loaded X.509 cert 'Red Hat Enterprise Linux kernel signing key: bf59b92082ebbf8169fdb411d1644fa32c4f10d8'
[    1.210652] Loaded X.509 cert 'Red Hat Enterprise Linux Driver Update Program (key 3): bf57f3e87362bc7229d9f465321773dfd1f77a80'
[    1.212788] Loaded X.509 cert 'Red Hat Enterprise Linux kpatch signing key: 4d38fd864ebe18c5f0b72e3852e2014c3a676fc8'
[    1.214787] Loaded X.509 cert 'RH-IMA-CA: Red Hat IMA CA: fb31825dd0e073685b264e3038963673f753959a'
[    1.216255] Loaded X.509 cert 'Nvidia GPU OOT signing 001: 55e1cef88193e60419f0b0ec379c49f77545acf0'
[    1.218410] zswap: loaded using pool lzo/zbud
[    1.219446] page_owner is disabled
[    1.220341] Key type big_key registered
[    1.221522] Key type trusted registered
[    1.227541] Key type encrypted registered
[    1.228791] integrity: Loading X.509 certificate: UEFI:db
[    1.229757] integrity: Loaded X.509 cert 'Microsoft Corporation UEFI CA 2011: 13adbf4309bd82709c8cd54f316ed522988a1bd4'
[    1.231354] integrity: Loading X.509 certificate: UEFI:db
[    1.232236] integrity: Loaded X.509 cert 'Microsoft Windows Production PCA 2011: a92902398e16c49778cd90f99e4f9ae17c55af53'
[    1.235206] integrity: Loading X.509 certificate: UEFI:MokListRT (MOKvar table)
[    1.236499] integrity: Loading X.509 certificate: UEFI:MokListRT (MOKvar table)
[    1.237667] integrity: Loaded X.509 cert 'Red Hat Secure Boot CA 5: cc6fa5e72868ba494e939bbd680b9144769a9f8f'
[    1.239071] integrity: Loading X.509 certificate: UEFI:MokListRT (MOKvar table)
[    1.240825] integrity: Loading X.509 certificate: UEFI:MokListRT (MOKvar table)
[    1.242561] integrity: Loaded X.509 cert 'Red Hat Secure Boot CA 8: e1c6c580aa1e21d585aad9bf20f3929e5ec1f08b'
[    1.244183] Loading compiled-in module X.509 certificates
[    1.245297] Loaded X.509 cert 'Red Hat Enterprise Linux kernel signing key: bf59b92082ebbf8169fdb411d1644fa32c4f10d8'
[    1.247011] ima: Allocated hash algorithm: sha256
[    1.272740] ima: No architecture policies found
[    1.273503] evm: Initialising EVM extended attributes:
[    1.274355] evm: security.selinux
[    1.274874] evm: security.SMACK64 (disabled)
[    1.275470] evm: security.SMACK64EXEC (disabled)
[    1.276161] evm: security.SMACK64TRANSMUTE (disabled)
[    1.276965] evm: security.SMACK64MMAP (disabled)
[    1.277656] evm: security.apparmor (disabled)
[    1.278350] evm: security.ima
[    1.278809] evm: security.capability
[    1.279327] evm: HMAC attrs: 0x1
[    1.555692] Freeing unused decrypted memory: 2028K
[    1.561178] Freeing unused kernel image (initmem) memory: 3892K
[    1.568723] Write protecting the kernel read-only data: 28672k
[    1.575229] Freeing unused kernel image (rodata/data gap) memory: 528K
[    1.635391] x86/mm: Checked W+X mappings: passed, no W+X pages found.
[    1.641969] Run /init as init process
[    1.645741]   with arguments:
[    1.645744]     /init
[    1.645745]   with environment:
[    1.645747]     HOME=/
[    1.645748]     TERM=linux
[    1.645750]     BOOT_IMAGE=(hd0,gpt3)/boot/ostree/rhcos-c6df9f54e97ea9a9502a6bf8c9d435cf8e8a2f2bbeb539920a76ae037d99f8f7/vmlinuz-5.14.0-427.42.1.el9_4.x86_64
[    1.645751]     ostree=/ostree/boot.0/rhcos/c6df9f54e97ea9a9502a6bf8c9d435cf8e8a2f2bbeb539920a76ae037d99f8f7/0
[    1.645753]     boot=UUID=816afeed-533b-4704-ba7d-cb99888ed315
[    1.663709] systemd[1]: systemd 252-32.el9_4.7 running in system mode (+PAM +AUDIT +SELINUX -APPARMOR +IMA +SMACK +SECCOMP +GCRYPT +GNUTLS +OPENSSL +ACL +BLKID +CURL +ELFUTILS -FIDO2 +IDN2 -IDN -IPTC +KMOD +LIBCRYPTSETUP +LIBFDISK +PCRE2 -PWQUALITY +P11KIT -QRENCODE +TPM2 +BZIP2 +LZ4 +XZ +ZLIB +ZSTD -BPF_FRAMEWORK +XKBCOMMON +UTMP +SYSVINIT default-hierarchy=unified)
[    1.690001] input: ImExPS/2 Generic Explorer Mouse as /devices/platform/i8042/serio1/input/input4
[    1.696788] systemd[1]: Detected virtualization kvm.
[    1.710578] systemd[1]: Detected architecture x86-64.
[    1.715762] systemd[1]: Running in initrd.
[    1.732864] systemd[1]: No hostname configured, using default hostname.
[    1.739796] systemd[1]: Hostname set to <localhost>.
[    1.745017] systemd[1]: Initializing machine ID from VM UUID.
[    1.836626] systemd[1]: Queued start job for default target Initrd Default Target.
[    1.844835] systemd[1]: Started Forward Password Requests to Clevis Directory Watch.
[    1.862928] systemd[1]: Started Dispatch Password Requests to Console Directory Watch.
[    1.880804] systemd[1]: Reached target Local Encrypted Volumes (Pre).
[    1.895789] systemd[1]: Reached target Local Encrypted Volumes.
[    1.909820] systemd[1]: Reached target Ignition Subsequent Boot Disk Setup.
[    1.926818] systemd[1]: Reached target Subsequent (Not Ignition) boot complete.
[    1.943796] systemd[1]: Reached target Initrd /usr File System.
[    1.957846] systemd[1]: Reached target Path Units.
[    1.969815] systemd[1]: Reached target Slice Units.
[    1.981823] systemd[1]: Reached target Swaps.
[    1.993837] systemd[1]: Reached target Timer Units.
[    2.005949] systemd[1]: Listening on D-Bus System Message Bus Socket.
[    2.020892] systemd[1]: Listening on Open-iSCSI iscsid Socket.
[    2.036075] systemd[1]: Listening on Open-iSCSI iscsiuio Socket.
[    2.050978] systemd[1]: Listening on Journal Socket (/dev/log).
[    2.066045] systemd[1]: Listening on Journal Socket.
[    2.077952] systemd[1]: Listening on udev Control Socket.
[    2.091961] systemd[1]: Listening on udev Kernel Socket.
[    2.105775] systemd[1]: Reached target Socket Units.
[    2.117830] systemd[1]: Check That Initrd Matches Kernel was skipped because of an unmet condition check (ConditionPathIsDirectory=!/usr/lib/modules/5.14.0-427.42.1.el9_4.x86_64).
[    2.147027] systemd[1]: Starting CoreOS: Touch /run/agetty.reload...
[    2.171948] systemd[1]: Starting Create List of Static Device Nodes...
[    2.186874] systemd[1]: Finish FIPS mode setup was skipped because of an unmet condition check (ConditionKernelCommandLine=fips=1).
[    2.200864] systemd[1]: Starting Journal Service...
[    2.213817] systemd[1]: Starting Load Kernel Modules...
[    2.231719] fuse: init (API version 7.36)
[    2.238920] systemd[1]: Starting Create System Users...
[    2.238978] systemd-modules-load[342]: Inserted module 'fuse'
[    2.250482] systemd-modules-load[342]: Module 'msr' is built in
[    2.258187] systemd-sysusers[343]: Creating group 'nobody' with GID 65534.
[    2.272089] systemd[1]: Starting Setup Virtual Console...
[    2.285993] systemd[1]: Started Journal Service.
[    2.298762] systemd[1]: Finished CoreOS: Touch /run/agetty.reload.
[    2.313272] systemd[1]: Finished Create List of Static Device Nodes.
[    2.328211] systemd[1]: Finished Load Kernel Modules.
[    2.341382] systemd[1]: Finished Setup Virtual Console.
[    2.355509] systemd[1]: dracut ask for additional cmdline parameters was skipped because no trigger condition checks were met.
[    2.381272] systemd[1]: Starting dracut cmdline hook...
[    2.392387] dracut-cmdline[347]: dracut-418.94.202410230039-0 dracut-057-53.git20240104.el9
[    2.400956] dracut-cmdline[347]: Using kernel command line parameters:    BOOT_IMAGE=(hd0,gpt3)/boot/ostree/rhcos-c6df9f54e97ea9a9502a6bf8c9d435cf8e8a2f2bbeb539920a76ae037d99f8f7/vmlinuz-5.14.0-427.42.1.el9_4.x86_64 rw ostree=/ostree/boot.0/rhcos/c6df9f54e97ea9a9502a6bf8c9d435cf8e8a2f2bbeb539920a76ae037d99f8f7/0 ignition.platform.id=gcp console=tty0 console=ttyS0,115200n8 root=UUID=2e42437c-ad02-4fdf-9da6-f089f2aafe10 rw rootflags=prjquota boot=UUID=816afeed-533b-4704-ba7d-cb99888ed315 systemd.unified_cgroup_hierarchy=1 cgroup_no_v1=all psi=0
[    2.449402] systemd[1]: Starting Apply Kernel Variables...
[    2.462784] systemd[1]: Finished Apply Kernel Variables.
[    2.470708] Loading iSCSI transport class v2.0-870.
[    2.483022] systemd-sysusers[343]: Creating group 'sgx' with GID 999.
[    2.489799] systemd-sysusers[343]: Creating group 'users' with GID 100.
[    2.496787] systemd-sysusers[343]: Creating group 'root' with GID 998.
[    2.504728] systemd-sysusers[343]: Creating group 'dbus' with GID 81.
[    2.512790] systemd-sysusers[343]: Creating user 'dbus' (System Message Bus) with UID 81 and GID 81.
[    2.523587] systemd[1]: Finished Create System Users.
[    2.530374] iscsi: registered transport (tcp)
[    2.553364] Warning: Deprecated Driver is detected: qla4xxx will not be maintained in a future major release and may be disabled
[    2.554199] systemd[1]: Starting Create Static Device Nodes in /dev...
[    2.574253] iscsi: registered transport (qla4xxx)
[    2.579601] QLogic iSCSI HBA Driver
[    2.589933] systemd[1]: Starting Create Volatile Files and Directories...
[    2.597611] libcxgbi:libcxgbi_init_module: Chelsio iSCSI driver library libcxgbi v0.9.1-ko (Apr. 2015)
[    2.616681] systemd[1]: Finished Create Static Device Nodes in /dev.
[    2.632320] systemd[1]: Finished Create Volatile Files and Directories.
[    2.660325] Chelsio T4-T6 iSCSI Driver cxgb4i v0.9.5-ko (Apr. 2015)
[    2.666842] iscsi: registered transport (cxgb4i)
[    2.681440] cnic: QLogic cnicDriver v2.5.22 (July 20, 2015)
[    2.693274] QLogic NetXtreme II iSCSI Driver bnx2i v2.7.10.1 (Jul 16, 2014)
[    2.700445] iscsi: registered transport (bnx2i)
[    2.715857] iscsi: registered transport (be2iscsi)
[    2.720890] In beiscsi_module_init, tt=00000000d4be9b3f
[    2.829788] systemd[1]: Finished dracut cmdline hook.
[    2.855300] systemd[1]: Starting dracut pre-udev hook...
[    2.886436] device-mapper: core: CONFIG_IMA_DISABLE_HTABLE is disabled. Duplicate IMA measurements will not be recorded in the IMA log.
[    2.898879] device-mapper: uevent: version 1.0.3
[    2.903821] device-mapper: ioctl: 4.48.0-ioctl (2023-03-01) initialised: dm-devel@redhat.com
[    2.937242] systemd[1]: Finished dracut pre-udev hook.
[    2.961211] systemd[1]: Starting Rule-based Manager for Device Events and Files...
[    2.982100] systemd-udevd[533]: Using default interface naming scheme 'rhel-9.0'.
[    2.990551] systemd[1]: Started Rule-based Manager for Device Events and Files.
[    3.009434] systemd[1]: Starting dracut pre-trigger hook...
[    3.021866] dracut-pre-trigger[544]: rd.md=0: removing MD RAID activation
[    3.051803] systemd[1]: Finished dracut pre-trigger hook.
[    3.075230] systemd[1]: Starting Coldplug All udev Devices...
[    3.147286] systemd[1]: sys-module-fuse.device: Failed to enqueue SYSTEMD_WANTS= job, ignoring: Unit sys-fs-fuse-connections.mount not found.
[    3.160456] systemd[1]: Finished Coldplug All udev Devices.
[    3.177391] systemd[1]: nm-initrd.service was skipped because of an unmet condition check (ConditionPathExists=/run/NetworkManager/initrd/neednet).
[    3.177458] systemd[1]: Reached target Network.
[    3.208418] systemd[1]: nm-wait-online-initrd.service was skipped because of an unmet condition check (ConditionPathExists=/run/NetworkManager/initrd/neednet).
[    3.214231] scsi host0: Virtio SCSI HBA
[    3.233729] scsi 0:0:1:0: Direct-Access     Google   PersistentDisk   1    PQ: 0 ANSI: 6
[    3.242059] systemd[1]: Starting dracut initqueue hook...
[    3.312443] systemd[1]: Starting Wait for udev To Complete Device Initialization...
[    3.347376] virtio_net virtio1 ens4: renamed from eth0
[    3.353455] scsi 0:0:1:0: Attached scsi generic sg0 type 0
[    3.362092] udevadm[625]: systemd-udev-settle.service is deprecated. Please fix multipathd-configure.service not to pull it in.
[    3.375060] sd 0:0:1:0: [sda] 419430400 512-byte logical blocks: (215 GB/200 GiB)
[    3.382718] sd 0:0:1:0: [sda] 4096-byte physical blocks
[    3.388195] sd 0:0:1:0: [sda] Write Protect is off
[    3.393178] sd 0:0:1:0: [sda] Mode Sense: 1f 00 00 08
[    3.393442] sd 0:0:1:0: [sda] Write cache: enabled, read cache: enabled, doesn't support DPO or FUA
[    3.407718]  sda: sda1 sda2 sda3 sda4
[    3.412007] sd 0:0:1:0: [sda] Attached SCSI disk
[    3.468119] systemd[1]: Found device PersistentDisk root.
[    3.482249] systemd[1]: Finished dracut initqueue hook.
[    3.496263] systemd[1]: Finished Wait for udev To Complete Device Initialization.
[    3.520983] systemd[1]: Reached target Initrd Root Device.
[    3.535004] systemd[1]: Reached target Preparation for Remote File Systems.
[    3.552037] systemd[1]: Reached target Remote Encrypted Volumes.
[    3.566896] systemd[1]: Reached target Remote File Systems.
[    3.591185] systemd[1]: Starting dracut pre-mount hook...
[    3.603890] systemd[1]: Device-Mapper Multipath Default Configuration was skipped because of an unmet condition check (ConditionKernelCommandLine=rd.multipath=default).
[    3.619274] systemd[1]: Starting Device-Mapper Multipath Device Controller...
[    3.635391] systemd[1]: Finished dracut pre-mount hook.
[    3.665362] multipathd[672]: --------start up--------
[    3.670633] multipathd[672]: read /etc/multipath.conf
[    3.675936] multipathd[672]: /etc/multipath.conf does not exist, blacklisting all devices.
[    3.685768] multipathd[672]: You can run "/sbin/mpathconf --enable" to create
[    3.694704] multipathd[672]: /etc/multipath.conf. See man mpathconf(8) for more details
[    3.704287] multipathd[672]: path checkers start up
[    3.710700] multipathd[672]: /etc/multipath.conf does not exist, blacklisting all devices.
[    3.720469] multipathd[672]: You can run "/sbin/mpathconf --enable" to create
[    3.728144] multipathd[672]: /etc/multipath.conf. See man mpathconf(8) for more details
[    3.736416] systemd[1]: Started Device-Mapper Multipath Device Controller.
[    3.743569] systemd[1]: Reached target Preparation for Local File Systems.
[    3.759909] systemd[1]: Reached target Local File Systems.
[    3.773929] systemd[1]: Reached target System Initialization.
[    3.787947] systemd[1]: Reached target Basic System.
[    3.800115] systemd[1]: Persist Osmet Files (ISO) was skipped because of an unmet condition check (ConditionKernelCommandLine=coreos.liveiso).
[    3.813183] systemd[1]: Acquire Live PXE rootfs Image was skipped because of an unmet condition check (ConditionPathExists=/run/ostree-live).
[    3.826130] systemd[1]: Persist Osmet Files (PXE) was skipped because of an unmet condition check (ConditionPathExists=/run/ostree-live).
[    3.844059] systemd[1]: Starting File System Check on /dev/disk/by-uuid/2e42437c-ad02-4fdf-9da6-f089f2aafe10...
[    3.867764] systemd-fsck[682]: /usr/sbin/fsck.xfs: XFS file system.
[    3.875374] systemd[1]: Finished File System Check on /dev/disk/by-uuid/2e42437c-ad02-4fdf-9da6-f089f2aafe10.
[    3.908037] systemd[1]: Mounting /sysroot...
[    4.166740] SGI XFS with ACLs, security attributes, scrub, quota, no debug enabled
[    4.180114] XFS (sda4): Mounting V5 Filesystem 2e42437c-ad02-4fdf-9da6-f089f2aafe10
[    4.376903] XFS (sda4): Ending clean mount
[    4.543899] systemd[1]: Mounted /sysroot.
[    4.564357] systemd[1]: Starting OSTree Prepare OS/...
[    4.571788] ostree-prepare-root[696]: Resolved OSTree target to: /sysroot/ostree/deploy/rhcos/deploy/0e9ea25a3b322b8f8e3ad529bf33deb9a8cab20ac7ec96253cc5803bea0bb2c9.1
[    4.587881] ostree-prepare-root[696]: Found legacy sysroot.readonly flag, not configured in ostree/prepare-root.conf
[    4.599802] ostree-prepare-root[696]: sysroot.readonly configuration value: 1 (fs writable: 1)
[    4.608991] ostree-prepare-root[696]: composefs: No image present
[    4.615340] ostree-prepare-root[696]: Using legacy ostree bind mount for /
[    4.615397] systemd[1]: Finished OSTree Prepare OS/.
[    4.635322] systemd[1]: Reached target Initrd Root File System.
[    4.649955] systemd[1]: CoreOS Propagate Multipath Configuration was skipped because of an unmet condition check (ConditionKernelCommandLine=rd.multipath=default).
[    4.667112] systemd[1]: Starting Mountpoints Configured in the Real Root...
[    4.690988] multipathd[672]: exit (signal)
[    4.696523] multipathd[672]: --------shut down-------
[    4.703056] systemd[1]: Stopping Device-Mapper Multipath Device Controller...
[    4.716436] systemd[1]: multipathd.service: Deactivated successfully.
[    4.723093] systemd[1]: Stopped Device-Mapper Multipath Device Controller.
[    4.741442] systemd[1]: initrd-parse-etc.service: Deactivated successfully.
[    4.748684] systemd[1]: Finished Mountpoints Configured in the Real Root.
[    4.766126] systemd[1]: Reached target Initrd File Systems.
[    4.780087] systemd[1]: Reached target Initrd Default Target.
[    4.805194] systemd[1]: Starting dracut mount hook...
[    4.820104] systemd[1]: Finished dracut mount hook.
[    4.848246] systemd[1]: Starting dracut pre-pivot and cleanup hook...
[    4.864524] dracut-pre-pivot[716]: 4.696271 | /etc/multipath.conf does not exist, blacklisting all devices.
[    4.874623] dracut-pre-pivot[716]: 4.696301 | You can run "/sbin/mpathconf --enable" to create
[    4.912796] dracut-pre-pivot[716]: 4.696305 | /etc/multipath.conf. See man mpathconf(8) for more details
[    4.940983] systemd[1]: Finished dracut pre-pivot and cleanup hook.
[    4.948852] systemd[1]: Workaround dracut FIPS unmounting /boot was skipped because of an unmet condition check (ConditionPathExists=/run/ostree-live).
[    4.963829] systemd[1]: Starting Cleaning Up and Shutting Down Daemons...
[    4.972083] systemd[1]: Stopped target Network.
[    4.977862] systemd[1]: Stopped target Remote Encrypted Volumes.
[    4.993219] systemd[1]: Stopped target Timer Units.
[    5.005033] systemd[1]: dbus.socket: Deactivated successfully.
[    5.011190] systemd[1]: Closed D-Bus System Message Bus Socket.
[    5.028504] systemd[1]: Unmount Live /var if Persistent /var Is Configured was skipped because of an unmet condition check (ConditionPathExists=/run/ostree-live).
[    5.043317] systemd[1]: dracut-pre-pivot.service: Deactivated successfully.
[    5.050597] systemd[1]: Stopped dracut pre-pivot and cleanup hook.
[    5.066268] systemd[1]: Stopped target Initrd Default Target.
[    5.081027] systemd[1]: Stopped target Basic System.
[    5.093141] systemd[1]: Stopped target Subsequent (Not Ignition) boot complete.
[    5.110110] systemd[1]: Stopped target Ignition Subsequent Boot Disk Setup.
[    5.127032] systemd[1]: Stopped target Initrd Root Device.
[    5.141171] systemd[1]: Stopped target Initrd /usr File System.
[    5.155996] systemd[1]: Stopped target Path Units.
[    5.167961] systemd[1]: Stopped target Remote File Systems.
[    5.181970] systemd[1]: Stopped target Preparation for Remote File Systems.
[    5.198993] systemd[1]: Stopped target Slice Units.
[    5.210931] systemd[1]: Stopped target Socket Units.
[    5.223157] systemd[1]: Stopped target System Initialization.
[    5.238118] systemd[1]: Stopped target Local File Systems.
[    5.251996] systemd[1]: Stopped target Preparation for Local File Systems.
[    5.269001] systemd[1]: Stopped target Swaps.
[    5.281083] systemd[1]: iscsid.socket: Deactivated successfully.
[    5.281166] systemd[1]: Closed Open-iSCSI iscsid Socket.
[    5.301045] systemd[1]: iscsiuio.socket: Deactivated successfully.
[    5.307476] systemd[1]: Closed Open-iSCSI iscsiuio Socket.
[    5.322052] systemd[1]: coreos-touch-run-agetty.service: Deactivated successfully.
[    5.329885] systemd[1]: Stopped CoreOS: Touch /run/agetty.reload.
[    5.345058] systemd[1]: dracut-mount.service: Deactivated successfully.
[    5.352008] systemd[1]: Stopped dracut mount hook.
[    5.364160] systemd[1]: dracut-pre-mount.service: Deactivated successfully.
[    5.371393] systemd[1]: Stopped dracut pre-mount hook.
[    5.385195] systemd[1]: Stopped target Local Encrypted Volumes.
[    5.400051] systemd[1]: systemd-ask-password-console.path: Deactivated successfully.
[    5.408137] systemd[1]: Stopped Dispatch Password Requests to Console Directory Watch.
[    5.426112] systemd[1]: Stopped target Local Encrypted Volumes (Pre).
[    5.441026] systemd[1]: clevis-luks-askpass.path: Deactivated successfully.
[    5.448311] systemd[1]: Stopped Forward Password Requests to Clevis Directory Watch.
[    5.466009] systemd[1]: dracut-initqueue.service: Deactivated successfully.
[    5.473209] systemd[1]: Stopped dracut initqueue hook.
[    5.487158] systemd[1]: Acquire Live PXE rootfs Image was skipped because of an unmet condition check (ConditionPathExists=/run/ostree-live).
[    5.500107] systemd[1]: systemd-sysctl.service: Deactivated successfully.
[    5.507165] systemd[1]: Stopped Apply Kernel Variables.
[    5.521218] systemd[1]: systemd-modules-load.service: Deactivated successfully.
[    5.528761] systemd[1]: Stopped Load Kernel Modules.
[    5.541168] systemd[1]: systemd-tmpfiles-setup.service: Deactivated successfully.
[    5.549306] systemd[1]: Stopped Create Volatile Files and Directories.
[    5.566278] systemd[1]: systemd-udev-settle.service: Deactivated successfully.
[    5.573879] systemd[1]: Stopped Wait for udev To Complete Device Initialization.
[    5.591099] systemd[1]: systemd-udev-trigger.service: Deactivated successfully.
[    5.598716] systemd[1]: Stopped Coldplug All udev Devices.
[    5.613147] systemd[1]: dracut-pre-trigger.service: Deactivated successfully.
[    5.620584] systemd[1]: Stopped dracut pre-trigger hook.
[    5.635427] systemd[1]: Stopping Rule-based Manager for Device Events and Files...
[    5.652956] systemd[1]: systemd-vconsole-setup.service: Deactivated successfully.
[    5.660901] systemd[1]: Stopped Setup Virtual Console.
[    5.677920] systemd[1]: run-credentials-systemd\x2dtmpfiles\x2dsetup.service.mount: Deactivated successfully.
[    5.688078] systemd[1]: run-credentials-systemd\x2dsysctl.service.mount: Deactivated successfully.
[    5.697496] systemd[1]: systemd-udevd.service: Deactivated successfully.
[    5.705677] systemd[1]: Stopped Rule-based Manager for Device Events and Files.
[    5.722830] systemd[1]: systemd-udevd-control.socket: Deactivated successfully.
[    5.730581] systemd[1]: Closed udev Control Socket.
[    5.743015] systemd[1]: systemd-udevd-kernel.socket: Deactivated successfully.
[    5.750484] systemd[1]: Closed udev Kernel Socket.
[    5.762953] systemd[1]: dracut-pre-udev.service: Deactivated successfully.
[    5.770104] systemd[1]: Stopped dracut pre-udev hook.
[    5.783082] systemd[1]: dracut-cmdline.service: Deactivated successfully.
[    5.790130] systemd[1]: Stopped dracut cmdline hook.
[    5.812081] systemd[1]: Starting Cleanup udev Database...
[    5.824940] systemd[1]: systemd-tmpfiles-setup-dev.service: Deactivated successfully.
[    5.833060] systemd[1]: Stopped Create Static Device Nodes in /dev.
[    5.848100] systemd[1]: kmod-static-nodes.service: Deactivated successfully.
[    5.855420] systemd[1]: Stopped Create List of Static Device Nodes.
[    5.870037] systemd[1]: systemd-sysusers.service: Deactivated successfully.
[    5.877236] systemd[1]: Stopped Create System Users.
[    5.891173] systemd[1]: run-credentials-systemd\x2dtmpfiles\x2dsetup\x2ddev.service.mount: Deactivated successfully.
[    5.901957] systemd[1]: run-credentials-systemd\x2dsysusers.service.mount: Deactivated successfully.
[    5.911397] systemd[1]: initrd-cleanup.service: Deactivated successfully.
[    5.919727] systemd[1]: Finished Cleaning Up and Shutting Down Daemons.
[    5.935511] systemd[1]: initrd-udevadm-cleanup-db.service: Deactivated successfully.
[    5.943548] systemd[1]: Finished Cleanup udev Database.
[    5.958845] systemd[1]: Reached target Switch Root.
[    5.983192] systemd[1]: Starting Switch Root...
[    6.005306] systemd[1]: Switching root.
[    6.013079] systemd-journald[341]: Received SIGTERM from PID 1 (systemd).
[    6.148173] audit: type=1404 audit(1729774735.807:2): enforcing=1 old_enforcing=0 auid=4294967295 ses=4294967295 enabled=1 old-enabled=1 lsm=selinux res=1
[    6.213835] SELinux:  policy capability network_peer_controls=1
[    6.220104] SELinux:  policy capability open_perms=1
[    6.225208] SELinux:  policy capability extended_socket_class=1
[    6.231270] SELinux:  policy capability always_check_network=0
[    6.237239] SELinux:  policy capability cgroup_seclabel=1
[    6.242782] SELinux:  policy capability nnp_nosuid_transition=1
[    6.248815] SELinux:  policy capability genfs_seclabel_symlinks=1
[    6.305446] audit: type=1403 audit(1729774735.964:3): auid=4294967295 ses=4294967295 lsm=selinux res=1
[    6.318477] systemd[1]: Successfully loaded SELinux policy in 170.239ms.
[    6.390484] systemd[1]: Relabelled /dev, /dev/shm, /run, /sys/fs/cgroup in 26.776ms.
[    6.406133] systemd[1]: systemd 252-32.el9_4.7 running in system mode (+PAM +AUDIT +SELINUX -APPARMOR +IMA +SMACK +SECCOMP +GCRYPT +GNUTLS +OPENSSL +ACL +BLKID +CURL +ELFUTILS -FIDO2 +IDN2 -IDN -IPTC +KMOD +LIBCRYPTSETUP +LIBFDISK +PCRE2 -PWQUALITY +P11KIT -QRENCODE +TPM2 +BZIP2 +LZ4 +XZ +ZLIB +ZSTD -BPF_FRAMEWORK +XKBCOMMON +UTMP +SYSVINIT default-hierarchy=unified)
[    6.439038] systemd[1]: Detected virtualization kvm.
[    6.444167] systemd[1]: Detected architecture x86-64.
[    6.460889] systemd[1]: Hostname set to <ci-op-2fcpj5j6-f6035-2lklf-master-1>.
[    6.510272] systemd-rc-local-generator[743]: /etc/rc.d/rc.local is not marked executable, skipping.
[    6.523492] zram_generator::config[748]: No configuration found.
[    6.832900] systemd[1]: initrd-switch-root.service: Deactivated successfully.
[    6.840579] systemd[1]: Stopped Switch Root.
[    6.853301] systemd[1]: systemd-journald.service: Scheduled restart job, restart counter is at 1.
[    6.863010] systemd[1]: Created slice Slice /system/getty.
[    6.878263] systemd[1]: Created slice Slice /system/modprobe.
[    6.894553] systemd[1]: Created slice Slice /system/serial-getty.
[    6.910507] systemd[1]: Created slice Slice /system/sshd-keygen.
[    6.925417] systemd[1]: Created slice Slice /system/systemd-fsck.
[    6.941360] systemd[1]: Created slice User and Session Slice.
[    6.956134] systemd[1]: Started Forward Password Requests to Clevis Directory Watch.
[    6.974019] systemd[1]: Started Dispatch Password Requests to Console Directory Watch.
[    6.991964] systemd[1]: Started Forward Password Requests to Wall Directory Watch.
[    7.010139] systemd[1]: Set up automount Arbitrary Executable File Formats File System Automount Point.
[    7.029834] systemd[1]: Reached target Synchronize afterburn-sshkeys@.service template instances.
[    7.048788] systemd[1]: Reached target Local Encrypted Volumes (Pre).
[    7.063818] systemd[1]: Reached target Local Encrypted Volumes.
[    7.078816] systemd[1]: Stopped target Switch Root.
[    7.090768] systemd[1]: Stopped target Initrd File Systems.
[    7.104735] systemd[1]: Stopped target Initrd Root File System.
[    7.119828] systemd[1]: Reached target Local Integrity Protected Volumes.
[    7.136823] systemd[1]: Reached target Host and Network Name Lookups.
[    7.151770] systemd[1]: Reached target Remote Encrypted Volumes.
[    7.166756] systemd[1]: Reached target Remote File Systems.
[    7.180844] systemd[1]: Reached target Slice Units.
[    7.192779] systemd[1]: Reached target Swaps.
[    7.204757] systemd[1]: Reached target System Time Set.
[    7.218785] systemd[1]: Reached target Local Verity Protected Volumes.
[    7.236454] systemd[1]: Listening on Device-mapper event daemon FIFOs.
[    7.254906] systemd[1]: Listening on LVM2 poll daemon socket.
[    7.269918] systemd[1]: multipathd control socket was skipped because of an unmet condition check (ConditionPathExists=/etc/multipath.conf).
[    7.301519] systemd[1]: Listening on RPCbind Server Activation Socket.
[    7.318843] systemd[1]: Reached target RPC Port Mapper.
[    7.335259] systemd[1]: Listening on Process Core Dump Socket.
[    7.350174] systemd[1]: Listening on initctl Compatibility Named Pipe.
[    7.367890] systemd[1]: Listening on udev Control Socket.
[    7.382369] systemd[1]: Listening on udev Kernel Socket.
[    7.402970] systemd[1]: Mounting Huge Pages File System...
[    7.417446] systemd[1]: Mounting POSIX Message Queue File System...
[    7.434395] systemd[1]: Mounting Kernel Debug File System...
[    7.457797] systemd[1]: Mounting Kernel Trace File System...
[    7.473197] systemd[1]: Mounting Temporary Directory /tmp...
[    7.487516] systemd[1]: Starting CoreOS: Set printk To Level 4 (warn)...
[    7.502985] systemd[1]: Ignition (delete config) was skipped because of an unmet condition check (ConditionFirstBoot=true).
[    7.526011] systemd[1]: Starting Create List of Static Device Nodes...
[    7.542431] systemd[1]: Starting Monitoring of LVM2 mirrors, snapshots etc. using dmeventd or progress polling...
[    7.564461] systemd[1]: Starting Load Kernel Module configfs...
[    7.589028] systemd[1]: Starting Load Kernel Module drm...
[    7.603701] systemd[1]: Starting Load Kernel Module efi_pstore...
[    7.619369] systemd[1]: Starting Load Kernel Module fuse...
[    7.631779] systemd[1]: ostree-prepare-root.service: Deactivated successfully.
[    7.639248] systemd[1]: Stopped OSTree Prepare OS/.
[    7.645455] ACPI: bus type drm_connector registered
[    7.656026] systemd[1]: systemd-fsck-root.service: Deactivated successfully.
[    7.663343] systemd[1]: Stopped File System Check on Root Device.
[    7.677851] systemd[1]: Stopped Journal Service.
[    7.689747] systemd[1]: systemd-journald.service: Consumed 1.531s CPU time.
[    7.710089] systemd[1]: Starting Journal Service...
[    7.725017] systemd[1]: Starting Load Kernel Modules...
[    7.739388] systemd[1]: Starting Generate network units from Kernel command line...
[    7.741569] Warning: Unmaintained driver is detected: ip_tables
[    7.763882] systemd[1]: TPM2 PCR Machine ID Measurement was skipped because of an unmet condition check (ConditionPathExists=/sys/firmware/efi/efivars/StubPcrKernelImage-4a67b082-0a4c-41cf-b6c7-440b29bb8c4f).
[    7.795921] systemd[1]: Starting Remount Root and Kernel File Systems...
[    7.812405] systemd[1]: Starting Coldplug All udev Devices...
[    7.829324] systemd[1]: Started Journal Service.
[    8.592517] piix4_smbus 0000:00:01.3: SMBus base address uninitialized - upgrade BIOS or use force_addr=0xaddr
[    8.602775] input: PC Speaker as /devices/platform/pcspkr/input/input5
[    8.812742] systemd-journald[797]: Received client request to flush runtime journal.
[    8.970393] EXT4-fs (sda3): mounted filesystem 816afeed-533b-4704-ba7d-cb99888ed315 ro with ordered data mode. Quota mode: none.
[   10.318502] openvswitch: Open vSwitch switching datapath
[   12.590663] device ovs-system entered promiscuous mode
[   12.593056] Timeout policy base is empty
[   12.593063] Failed to associated timeout policy `ovs_test_tp'
[   12.608809] device ens4 entered promiscuous mode
[   12.901620] device ens4 left promiscuous mode
[   12.902023] device ovs-system left promiscuous mode
[   12.913063] device ovs-system entered promiscuous mode
[   12.914083] No such timeout policy "ovs_test_tp"
[   12.914087] Failed to associated timeout policy `ovs_test_tp'
[   12.915069] device ens4 entered promiscuous mode
[   13.504930] device br-ex entered promiscuous mode
[   22.606350] Warning: Unmaintained driver is detected: nft_compat
[   34.634110] overlayfs: idmapped layers are currently not supported
[  234.612924] device br-int entered promiscuous mode
[  240.806265] device ovn-k8s-mp0 entered promiscuous mode
[  255.279058] device genev_sys_6081 entered promiscuous mode
[  268.255336] IPv6: ADDRCONF(NETDEV_CHANGE): eth0: link becomes ready
[  268.255418] IPv6: ADDRCONF(NETDEV_CHANGE): fa1c4ae6f7eb439: link becomes ready
[  268.295889] device fa1c4ae6f7eb439 entered promiscuous mode
[  268.332164] IPv6: ADDRCONF(NETDEV_CHANGE): a6725208b5cf8dc: link becomes ready
[  268.344636] IPv6: ADDRCONF(NETDEV_CHANGE): 416eb5f0671f795: link becomes ready
[  268.376576] IPv6: ADDRCONF(NETDEV_CHANGE): fb55c2356f9d34c: link becomes ready
[  268.379401] device 416eb5f0671f795 entered promiscuous mode
[  268.395096] device a6725208b5cf8dc entered promiscuous mode
[  268.423481] IPv6: ADDRCONF(NETDEV_CHANGE): 6479680ce0a3a1e: link becomes ready
[  268.430182] IPv6: ADDRCONF(NETDEV_CHANGE): 0575c549c665f15: link becomes ready
[  268.443466] device fb55c2356f9d34c entered promiscuous mode
[  268.473217] IPv6: ADDRCONF(NETDEV_CHANGE): d88007b6448c24a: link becomes ready
[  268.489850] device 0575c549c665f15 entered promiscuous mode
[  268.511410] device 6479680ce0a3a1e entered promiscuous mode
[  268.531466] IPv6: ADDRCONF(NETDEV_CHANGE): 918f39a620dc0a2: link becomes ready
[  268.534102] device d88007b6448c24a entered promiscuous mode
[  268.583580] device 918f39a620dc0a2 entered promiscuous mode
[  268.625569] IPv6: ADDRCONF(NETDEV_CHANGE): c9066c3aedba8d2: link becomes ready
[  268.656736] device c9066c3aedba8d2 entered promiscuous mode
[  268.725684] IPv6: ADDRCONF(NETDEV_CHANGE): 4b9d0618f322a1a: link becomes ready
[  268.756431] device 4b9d0618f322a1a entered promiscuous mode
[  268.803057] IPv6: ADDRCONF(NETDEV_CHANGE): 80f79ffc811fff5: link becomes ready
[  268.827266] IPv6: ADDRCONF(NETDEV_CHANGE): 60d6af8882e57e0: link becomes ready
[  268.851816] device 80f79ffc811fff5 entered promiscuous mode
[  268.860245] IPv6: ADDRCONF(NETDEV_CHANGE): e0c84ee7c4e7db5: link becomes ready
[  268.887876] IPv6: ADDRCONF(NETDEV_CHANGE): e4f6fc3cd8b1e49: link becomes ready
[  268.890170] device 60d6af8882e57e0 entered promiscuous mode
[  268.920622] device e0c84ee7c4e7db5 entered promiscuous mode
[  268.940694] device e4f6fc3cd8b1e49 entered promiscuous mode
[  280.572830] IPv6: ADDRCONF(NETDEV_CHANGE): eth0: link becomes ready
[  280.572886] IPv6: ADDRCONF(NETDEV_CHANGE): cdbb9adcee7075d: link becomes ready
[  280.643098] device cdbb9adcee7075d entered promiscuous mode
[  286.688279] IPv6: ADDRCONF(NETDEV_CHANGE): eth0: link becomes ready
[  286.688330] IPv6: ADDRCONF(NETDEV_CHANGE): 7499da7240a6d43: link becomes ready
[  286.718878] device 7499da7240a6d43 entered promiscuous mode
[  292.574333] IPv6: ADDRCONF(NETDEV_CHANGE): eth0: link becomes ready
[  292.574413] IPv6: ADDRCONF(NETDEV_CHANGE): 37ea75754f67b8e: link becomes ready
[  292.608838] device 37ea75754f67b8e entered promiscuous mode
[  299.615773] IPv6: ADDRCONF(NETDEV_CHANGE): dca3c2168c55e38: link becomes ready
[  299.615864] IPv6: ADDRCONF(NETDEV_CHANGE): eth0: link becomes ready
[  299.615890] IPv6: ADDRCONF(NETDEV_CHANGE): 6b63e5f9b18dcb7: link becomes ready
[  299.661600] device 6b63e5f9b18dcb7 entered promiscuous mode
[  299.693180] device dca3c2168c55e38 entered promiscuous mode
[  299.739359] IPv6: ADDRCONF(NETDEV_CHANGE): 4864bf23bab9313: link becomes ready
[  299.788791] device 4864bf23bab9313 entered promiscuous mode
[  299.789646] IPv6: ADDRCONF(NETDEV_CHANGE): a847804a4c08556: link becomes ready
[  299.851198] device a847804a4c08556 entered promiscuous mode
[  299.857216] IPv6: ADDRCONF(NETDEV_CHANGE): c22402b4c659f11: link becomes ready
[  299.885958] IPv6: ADDRCONF(NETDEV_CHANGE): 29856b9b383b3c8: link becomes ready
[  299.901830] device c22402b4c659f11 entered promiscuous mode
[  299.950011] device 29856b9b383b3c8 entered promiscuous mode
[  299.951918] IPv6: ADDRCONF(NETDEV_CHANGE): 59657b7198ff575: link becomes ready
[  299.987024] IPv6: ADDRCONF(NETDEV_CHANGE): 066f3a99b661f88: link becomes ready
[  300.029486] device 59657b7198ff575 entered promiscuous mode
[  300.057030] IPv6: ADDRCONF(NETDEV_CHANGE): 4d2b9d46111bfa8: link becomes ready
[  300.108312] device 066f3a99b661f88 entered promiscuous mode
[  300.113926] IPv6: ADDRCONF(NETDEV_CHANGE): 40d21a56cf6efc2: link becomes ready
[  300.170575] device 4d2b9d46111bfa8 entered promiscuous mode
[  300.213168] device 40d21a56cf6efc2 entered promiscuous mode
[  305.118353] zram_generator::config[9834]: No configuration found.
[  305.121830] systemd-rc-local-generator[9828]: /etc/rc.d/rc.local is not marked executable, skipping.
[  306.271276] IPv6: ADDRCONF(NETDEV_CHANGE): eth0: link becomes ready
[  306.271316] IPv6: ADDRCONF(NETDEV_CHANGE): ae31b16b2595474: link becomes ready
[  306.302608] device ae31b16b2595474 entered promiscuous mode
[  317.335744] EXT4-fs (sda3): re-mounted 816afeed-533b-4704-ba7d-cb99888ed315 r/w. Quota mode: none.
[  320.300187] IPv6: ADDRCONF(NETDEV_CHANGE): eth0: link becomes ready
[  320.300243] IPv6: ADDRCONF(NETDEV_CHANGE): e84821abbb2aacb: link becomes ready
[  320.336234] device e84821abbb2aacb entered promiscuous mode
[  324.193334] IPv6: ADDRCONF(NETDEV_CHANGE): eth0: link becomes ready
[  324.193385] IPv6: ADDRCONF(NETDEV_CHANGE): 5145b910c0b296c: link becomes ready
[  324.221365] device 5145b910c0b296c entered promiscuous mode
[  325.378145] IPv6: ADDRCONF(NETDEV_CHANGE): eth0: link becomes ready
[  325.378197] IPv6: ADDRCONF(NETDEV_CHANGE): ec0018613c75477: link becomes ready
[  325.408181] device ec0018613c75477 entered promiscuous mode
[  331.784319] IPv6: ADDRCONF(NETDEV_CHANGE): eth0: link becomes ready
[  331.784375] IPv6: ADDRCONF(NETDEV_CHANGE): 6a51bbde67dc431: link becomes ready
[  331.814360] IPv6: ADDRCONF(NETDEV_CHANGE): f4f279a5e1158c6: link becomes ready
[  331.826825] device 6a51bbde67dc431 entered promiscuous mode
[  331.843722] IPv6: ADDRCONF(NETDEV_CHANGE): 26241ff26a66dc4: link becomes ready
[  331.882859] device f4f279a5e1158c6 entered promiscuous mode
[  331.890424] IPv6: ADDRCONF(NETDEV_CHANGE): 1b8193c13586d69: link becomes ready
[  331.915955] device 26241ff26a66dc4 entered promiscuous mode
[  331.947862] device 1b8193c13586d69 entered promiscuous mode
[  332.025194] IPv6: ADDRCONF(NETDEV_CHANGE): d2659492c2ba663: link becomes ready
[  332.044973] IPv6: ADDRCONF(NETDEV_CHANGE): 33aba628b3f3b05: link becomes ready
[  332.065306] device d2659492c2ba663 entered promiscuous mode
[  332.100901] IPv6: ADDRCONF(NETDEV_CHANGE): 97b05b314a62321: link becomes ready
[  332.108703] device 33aba628b3f3b05 entered promiscuous mode
[  332.152855] device 97b05b314a62321 entered promiscuous mode
[  332.239308] IPv6: ADDRCONF(NETDEV_CHANGE): 2f497cf8531bec5: link becomes ready
[  332.274545] device 2f497cf8531bec5 entered promiscuous mode
[  337.678219] IPv6: ADDRCONF(NETDEV_CHANGE): eth0: link becomes ready
[  337.678321] IPv6: ADDRCONF(NETDEV_CHANGE): 6b9be0593737d2e: link becomes ready
[  337.709904] device 6b9be0593737d2e entered promiscuous mode
[  363.784157] virtio_balloon virtio2: Out of puff! Can't get 1 pages
[  367.381914] device ae31b16b2595474 left promiscuous mode
[  368.654502] IPv6: ADDRCONF(NETDEV_CHANGE): eth0: link becomes ready
[  368.654611] IPv6: ADDRCONF(NETDEV_CHANGE): a434f9274e68915: link becomes ready
[  368.695227] device a434f9274e68915 entered promiscuous mode
[  387.656361] device 1b8193c13586d69 left promiscuous mode
[  394.845275] IPv6: ADDRCONF(NETDEV_CHANGE): eth0: link becomes ready
[  394.845324] IPv6: ADDRCONF(NETDEV_CHANGE): 8b0162dc01ce4d1: link becomes ready
[  394.894037] device 8b0162dc01ce4d1 entered promiscuous mode
[  395.955046] IPv6: ADDRCONF(NETDEV_CHANGE): eth0: link becomes ready
[  395.955120] IPv6: ADDRCONF(NETDEV_CHANGE): 9b8673fb1b2e5c7: link becomes ready
[  396.001548] device 9b8673fb1b2e5c7 entered promiscuous mode
[  398.911331] IPv6: ADDRCONF(NETDEV_CHANGE): eth0: link becomes ready
[  398.911392] IPv6: ADDRCONF(NETDEV_CHANGE): bce2f103bcbfcda: link becomes ready
[  398.948472] device bce2f103bcbfcda entered promiscuous mode
[  426.143979] device 26241ff26a66dc4 left promiscuous mode
[  433.812054] device e84821abbb2aacb left promiscuous mode
[  437.721606] IPv6: ADDRCONF(NETDEV_CHANGE): eth0: link becomes ready
[  437.721661] IPv6: ADDRCONF(NETDEV_CHANGE): 485a664f23c4927: link becomes ready
[  437.756970] device 485a664f23c4927 entered promiscuous mode
[  468.915384] IPv6: ADDRCONF(NETDEV_CHANGE): eth0: link becomes ready
[  468.915425] IPv6: ADDRCONF(NETDEV_CHANGE): 9d6ec6d7200a757: link becomes ready
[  468.949050] device 9d6ec6d7200a757 entered promiscuous mode
[  469.470132] device a434f9274e68915 left promiscuous mode
[  471.750984] IPv6: ADDRCONF(NETDEV_CHANGE): eth0: link becomes ready
[  471.751039] IPv6: ADDRCONF(NETDEV_CHANGE): 8286533ea689bc1: link becomes ready
[  471.789286] device 8286533ea689bc1 entered promiscuous mode
[  480.861360] IPv6: ADDRCONF(NETDEV_CHANGE): eth0: link becomes ready
[  480.861412] IPv6: ADDRCONF(NETDEV_CHANGE): e75d09862e8c7a2: link becomes ready
[  480.903039] device e75d09862e8c7a2 entered promiscuous mode
[  491.721038] IPv6: ADDRCONF(NETDEV_CHANGE): eth0: link becomes ready
[  491.721089] IPv6: ADDRCONF(NETDEV_CHANGE): ff5fe2127f0b2c6: link becomes ready
[  491.759666] device ff5fe2127f0b2c6 entered promiscuous mode
[  493.666986] IPv6: ADDRCONF(NETDEV_CHANGE): eth0: link becomes ready
[  493.667052] IPv6: ADDRCONF(NETDEV_CHANGE): 6c778c6c537f2ab: link becomes ready
[  493.705065] device 6c778c6c537f2ab entered promiscuous mode
[  499.927398] device 9d6ec6d7200a757 left promiscuous mode
[  511.763088] device e75d09862e8c7a2 left promiscuous mode
[  527.539557] IPv6: ADDRCONF(NETDEV_CHANGE): eth0: link becomes ready
[  527.539617] IPv6: ADDRCONF(NETDEV_CHANGE): cbf5144da80021c: link becomes ready
[  527.578355] device cbf5144da80021c entered promiscuous mode
[  536.272754] device ff5fe2127f0b2c6 left promiscuous mode
[  543.212856] IPv6: ADDRCONF(NETDEV_CHANGE): eth0: link becomes ready
[  543.212927] IPv6: ADDRCONF(NETDEV_CHANGE): 293933e43fa51bb: link becomes ready
[  543.256948] device 293933e43fa51bb entered promiscuous mode
[  543.687597] IPv6: ADDRCONF(NETDEV_CHANGE): 99dee7ab48e4eef: link becomes ready
[  543.724554] device 99dee7ab48e4eef entered promiscuous mode
[  546.345923] device 6c778c6c537f2ab left promiscuous mode
[  551.183352] device 485a664f23c4927 left promiscuous mode
[  592.221014] device 9b8673fb1b2e5c7 left promiscuous mode
[  592.338863] device bce2f103bcbfcda left promiscuous mode
[  593.262223] IPv6: ADDRCONF(NETDEV_CHANGE): 26c11b83876d0b9: link becomes ready
[  593.303987] device 26c11b83876d0b9 entered promiscuous mode
[  593.377195] IPv6: ADDRCONF(NETDEV_CHANGE): eth0: link becomes ready
[  593.377282] IPv6: ADDRCONF(NETDEV_CHANGE): 7e9c14b71a7f952: link becomes ready
[  593.425404] device 7e9c14b71a7f952 entered promiscuous mode
[  593.479171] IPv6: ADDRCONF(NETDEV_CHANGE): b3e5eb21076638d: link becomes ready
[  593.515351] device b3e5eb21076638d entered promiscuous mode
[  757.856102] device 99dee7ab48e4eef left promiscuous mode
[  759.492267] IPv6: ADDRCONF(NETDEV_CHANGE): eth0: link becomes ready
[  759.492309] IPv6: ADDRCONF(NETDEV_CHANGE): edc1d0b1a20a2cd: link becomes ready
[  759.522920] device edc1d0b1a20a2cd entered promiscuous mode
[  760.964766] device 7e9c14b71a7f952 left promiscuous mode
[  762.511667] IPv6: ADDRCONF(NETDEV_CHANGE): eth0: link becomes ready
[  762.511726] IPv6: ADDRCONF(NETDEV_CHANGE): 36bc33ef2a151df: link becomes ready
[  762.547314] device 36bc33ef2a151df entered promiscuous mode
[  791.690718] IPv6: ADDRCONF(NETDEV_CHANGE): eth0: link becomes ready
[  791.690779] IPv6: ADDRCONF(NETDEV_CHANGE): d166de239747dbf: link becomes ready
[  791.731034] device d166de239747dbf entered promiscuous mode
[  794.725233] device d166de239747dbf left promiscuous mode
[  992.910619] IPv6: ADDRCONF(NETDEV_CHANGE): eth0: link becomes ready
[  992.910679] IPv6: ADDRCONF(NETDEV_CHANGE): 427b0cb5594d04f: link becomes ready
[  992.954703] device 427b0cb5594d04f entered promiscuous mode
[  995.780071] device 427b0cb5594d04f left promiscuous mode
[ 1217.537352] zram_generator::config[38178]: No configuration found.
[ 1217.546142] systemd-rc-local-generator[38171]: /etc/rc.d/rc.local is not marked executable, skipping.
[ 1218.476655] zram_generator::config[38257]: No configuration found.
[ 1218.478535] systemd-rc-local-generator[38242]: /etc/rc.d/rc.local is not marked executable, skipping.
[ 1219.493875] systemd-rc-local-generator[38320]: /etc/rc.d/rc.local is not marked executable, skipping.
[ 1219.501147] zram_generator::config[38325]: No configuration found.
[ 1220.492407] zram_generator::config[38386]: No configuration found.
[ 1220.497684] systemd-rc-local-generator[38378]: /etc/rc.d/rc.local is not marked executable, skipping.
[ 1221.446837] systemd-rc-local-generator[38438]: /etc/rc.d/rc.local is not marked executable, skipping.
[ 1221.447118] zram_generator::config[38449]: No configuration found.
[ 1222.385618] zram_generator::config[38501]: No configuration found.
[ 1222.388403] systemd-rc-local-generator[38493]: /etc/rc.d/rc.local is not marked executable, skipping.
[ 1223.356297] zram_generator::config[38683]: No configuration found.
[ 1223.358153] systemd-rc-local-generator[38677]: /etc/rc.d/rc.local is not marked executable, skipping.
[ 1224.347784] zram_generator::config[38737]: No configuration found.
[ 1224.352504] systemd-rc-local-generator[38722]: /etc/rc.d/rc.local is not marked executable, skipping.
[ 1225.314544] systemd-rc-local-generator[38787]: /etc/rc.d/rc.local is not marked executable, skipping.
[ 1225.316782] zram_generator::config[38796]: No configuration found.
[ 1226.234998] zram_generator::config[38855]: No configuration found.
[ 1226.237940] systemd-rc-local-generator[38847]: /etc/rc.d/rc.local is not marked executable, skipping.
[ 1227.163802] systemd-rc-local-generator[38910]: /etc/rc.d/rc.local is not marked executable, skipping.
[ 1227.164091] zram_generator::config[38917]: No configuration found.
[ 1228.078038] zram_generator::config[38971]: No configuration found.
[ 1228.083165] systemd-rc-local-generator[38961]: /etc/rc.d/rc.local is not marked executable, skipping.
[ 1229.087999] zram_generator::config[39168]: No configuration found.
[ 1229.100502] systemd-rc-local-generator[39159]: /etc/rc.d/rc.local is not marked executable, skipping.
[ 1230.116904] systemd-rc-local-generator[39221]: /etc/rc.d/rc.local is not marked executable, skipping.
[ 1230.117227] zram_generator::config[39231]: No configuration found.
[ 1231.081036] zram_generator::config[39286]: No configuration found.
[ 1231.081799] systemd-rc-local-generator[39279]: /etc/rc.d/rc.local is not marked executable, skipping.
[ 1232.039975] zram_generator::config[39340]: No configuration found.
[ 1232.044743] systemd-rc-local-generator[39328]: /etc/rc.d/rc.local is not marked executable, skipping.
[ 1232.959988] zram_generator::config[39397]: No configuration found.
[ 1232.965240] systemd-rc-local-generator[39392]: /etc/rc.d/rc.local is not marked executable, skipping.
[ 1233.914894] zram_generator::config[39455]: No configuration found.
[ 1233.921464] systemd-rc-local-generator[39447]: /etc/rc.d/rc.local is not marked executable, skipping.
[ 1234.830011] systemd-rc-local-generator[39506]: /etc/rc.d/rc.local is not marked executable, skipping.
[ 1234.832370] zram_generator::config[39517]: No configuration found.
[ 1280.068730] device 8286533ea689bc1 left promiscuous mode
[ 1385.055577] IPv6: ADDRCONF(NETDEV_CHANGE): eth0: link becomes ready
[ 1385.055639] IPv6: ADDRCONF(NETDEV_CHANGE): cb539b03aa76da2: link becomes ready
[ 1385.096607] device cb539b03aa76da2 entered promiscuous mode
[ 1396.178938] IPv6: ADDRCONF(NETDEV_CHANGE): eth0: link becomes ready
[ 1396.178990] IPv6: ADDRCONF(NETDEV_CHANGE): 64a84c6cdb1822d: link becomes ready
[ 1396.215677] device 64a84c6cdb1822d entered promiscuous mode
[ 1423.244337] IPv6: ADDRCONF(NETDEV_CHANGE): 4bfcb21ab0d9cb4: link becomes ready
[ 1423.286130] device 4bfcb21ab0d9cb4 entered promiscuous mode
[ 1425.500181] device edc1d0b1a20a2cd left promiscuous mode
[ 1428.060485] IPv6: ADDRCONF(NETDEV_CHANGE): eth0: link becomes ready
[ 1428.060536] IPv6: ADDRCONF(NETDEV_CHANGE): acb6d8c08a99880: link becomes ready
[ 1428.101465] device acb6d8c08a99880 entered promiscuous mode
[ 1428.726632] device 26c11b83876d0b9 left promiscuous mode
[ 1430.233721] IPv6: ADDRCONF(NETDEV_CHANGE): eth0: link becomes ready
[ 1430.233776] IPv6: ADDRCONF(NETDEV_CHANGE): bbe8dd119ca7f5c: link becomes ready
[ 1430.269761] device bbe8dd119ca7f5c entered promiscuous mode
[ 1435.344874] IPv6: ADDRCONF(NETDEV_CHANGE): eth0: link becomes ready
[ 1435.344933] IPv6: ADDRCONF(NETDEV_CHANGE): c9511576f44a739: link becomes ready
[ 1435.388020] device c9511576f44a739 entered promiscuous mode
[ 1437.858199] device 2f497cf8531bec5 left promiscuous mode
[ 1438.298041] device c9511576f44a739 left promiscuous mode
[ 1455.385184] device 4bfcb21ab0d9cb4 left promiscuous mode
[ 1457.233069] IPv6: ADDRCONF(NETDEV_CHANGE): eth0: link becomes ready
[ 1457.233116] IPv6: ADDRCONF(NETDEV_CHANGE): 16f80c3823315ae: link becomes ready
[ 1457.267493] device 16f80c3823315ae entered promiscuous mode
[ 1464.741300] IPv6: ADDRCONF(NETDEV_CHANGE): eth0: link becomes ready
[ 1464.741343] IPv6: ADDRCONF(NETDEV_CHANGE): 13c7d639d1e4e91: link becomes ready
[ 1464.790853] device 13c7d639d1e4e91 entered promiscuous mode
[ 1467.463623] device 13c7d639d1e4e91 left promiscuous mode
[ 1474.850031] IPv6: ADDRCONF(NETDEV_CHANGE): eth0: link becomes ready
[ 1474.850106] IPv6: ADDRCONF(NETDEV_CHANGE): 2baeefd46a4337c: link becomes ready
[ 1474.884011] device 2baeefd46a4337c entered promiscuous mode
[ 1537.802934] device 2baeefd46a4337c left promiscuous mode
[ 1628.161405] device 16f80c3823315ae left promiscuous mode
[ 1629.243528] IPv6: ADDRCONF(NETDEV_CHANGE): 3b6d5f67390d52b: link becomes ready
[ 1629.285094] device 3b6d5f67390d52b entered promiscuous mode
[ 1629.407786] IPv6: ADDRCONF(NETDEV_CHANGE): 37bc02fca9a3056: link becomes ready
[ 1629.448338] device 37bc02fca9a3056 entered promiscuous mode
[ 1631.360756] IPv6: ADDRCONF(NETDEV_CHANGE): eth0: link becomes ready
[ 1631.360805] IPv6: ADDRCONF(NETDEV_CHANGE): f782a9718bc40b2: link becomes ready
[ 1631.398793] device f782a9718bc40b2 entered promiscuous mode
[ 1662.575098] device 37bc02fca9a3056 left promiscuous mode
[ 1662.720231] device 3b6d5f67390d52b left promiscuous mode
[ 1667.039885] device 64a84c6cdb1822d left promiscuous mode
[ 1668.585613] IPv6: ADDRCONF(NETDEV_CHANGE): eth0: link becomes ready
[ 1668.585671] IPv6: ADDRCONF(NETDEV_CHANGE): 746789a88afa6a9: link becomes ready
[ 1668.625919] device 746789a88afa6a9 entered promiscuous mode
[ 1671.395757] IPv6: ADDRCONF(NETDEV_CHANGE): 45ddadc365d5208: link becomes ready
[ 1671.433107] device 45ddadc365d5208 entered promiscuous mode
[ 1685.579181] IPv6: ADDRCONF(NETDEV_CHANGE): eth0: link becomes ready
[ 1685.579274] IPv6: ADDRCONF(NETDEV_CHANGE): fd5070081503e53: link becomes ready
[ 1685.620559] device fd5070081503e53 entered promiscuous mode
[ 1686.004221] IPv6: ADDRCONF(NETDEV_CHANGE): 4cfaa3197b950fa: link becomes ready
[ 1686.054585] device 4cfaa3197b950fa entered promiscuous mode
[ 1687.897743] IPv6: ADDRCONF(NETDEV_CHANGE): eth0: link becomes ready
[ 1687.897803] IPv6: ADDRCONF(NETDEV_CHANGE): 6bc27a018fa40c7: link becomes ready
[ 1687.937292] device 6bc27a018fa40c7 entered promiscuous mode
[ 1688.735569] device 4cfaa3197b950fa left promiscuous mode
[ 1700.448341] IPv6: ADDRCONF(NETDEV_CHANGE): eth0: link becomes ready
[ 1700.448401] IPv6: ADDRCONF(NETDEV_CHANGE): bc39d7f773a598a: link becomes ready
[ 1700.488818] device bc39d7f773a598a entered promiscuous mode
[ 1702.851565] device bc39d7f773a598a left promiscuous mode
[ 1748.132852] device fd5070081503e53 left promiscuous mode
[ 1751.143253] device 6bc27a018fa40c7 left promiscuous mode
[ 1874.506923] IPv6: ADDRCONF(NETDEV_CHANGE): eth0: link becomes ready
[ 1874.506974] IPv6: ADDRCONF(NETDEV_CHANGE): dfc281f21b35c0c: link becomes ready
[ 1874.549654] device dfc281f21b35c0c entered promiscuous mode
[ 1887.780310] IPv6: ADDRCONF(NETDEV_CHANGE): eth0: link becomes ready
[ 1887.780367] IPv6: ADDRCONF(NETDEV_CHANGE): 3e649a0bd72fe69: link becomes ready
[ 1887.817668] device 3e649a0bd72fe69 entered promiscuous mode
[ 1889.931116] device 3e649a0bd72fe69 left promiscuous mode
[ 1909.063792] device dfc281f21b35c0c left promiscuous mode
[ 1910.170788] IPv6: ADDRCONF(NETDEV_CHANGE): eth0: link becomes ready
[ 1910.170839] IPv6: ADDRCONF(NETDEV_CHANGE): 4a3c975617de7b8: link becomes ready
[ 1910.213169] device 4a3c975617de7b8 entered promiscuous mode
[ 1918.757388] device cb539b03aa76da2 left promiscuous mode
[ 1928.586399] IPv6: ADDRCONF(NETDEV_CHANGE): eth0: link becomes ready
[ 1928.586495] IPv6: ADDRCONF(NETDEV_CHANGE): 2adc0c4531b2e40: link becomes ready
[ 1928.628498] device 2adc0c4531b2e40 entered promiscuous mode
[ 1943.264521] device 4a3c975617de7b8 left promiscuous mode
[ 1976.460826] device f782a9718bc40b2 left promiscuous mode
[ 1976.770114] device 36bc33ef2a151df left promiscuous mode
[ 1977.607000] IPv6: ADDRCONF(NETDEV_CHANGE): cb9249a3eecd32a: link becomes ready
[ 1977.649259] device cb9249a3eecd32a entered promiscuous mode
[ 2120.432141] IPv6: ADDRCONF(NETDEV_CHANGE): eth0: link becomes ready
[ 2120.432189] IPv6: ADDRCONF(NETDEV_CHANGE): e2a7f7db5c5b88d: link becomes ready
[ 2120.474852] device e2a7f7db5c5b88d entered promiscuous mode
[ 2160.617400] device e2a7f7db5c5b88d left promiscuous mode
[ 2168.607922] IPv6: ADDRCONF(NETDEV_CHANGE): eth0: link becomes ready
[ 2168.607975] IPv6: ADDRCONF(NETDEV_CHANGE): c989f709fc4cd33: link becomes ready
[ 2168.652486] device c989f709fc4cd33 entered promiscuous mode
[ 2193.574778] IPv6: ADDRCONF(NETDEV_CHANGE): eth0: link becomes ready
[ 2193.574931] IPv6: ADDRCONF(NETDEV_CHANGE): 61f8346aeef1ce4: link becomes ready
[ 2193.669449] device 61f8346aeef1ce4 entered promiscuous mode
[ 2228.020620] device 61f8346aeef1ce4 left promiscuous mode
[ 2806.159859] virtio_balloon virtio2: Out of puff! Can't get 1 pages
[ 2934.118548] IPv6: ADDRCONF(NETDEV_CHANGE): eth0: link becomes ready
[ 2934.118596] IPv6: ADDRCONF(NETDEV_CHANGE): 5cc9d427616b238: link becomes ready
[ 2934.159974] device 5cc9d427616b238 entered promiscuous mode
[ 2937.031062] device 5cc9d427616b238 left promiscuous mode
[ 2980.302217] IPv6: ADDRCONF(NETDEV_CHANGE): eth0: link becomes ready
[ 2980.302273] IPv6: ADDRCONF(NETDEV_CHANGE): ad2d1b0407bb96a: link becomes ready
[ 2980.341168] device ad2d1b0407bb96a entered promiscuous mode
[ 2983.317937] device ad2d1b0407bb96a left promiscuous mode
[ 3054.190617] device 2adc0c4531b2e40 left promiscuous mode
[ 3062.588766] IPv6: ADDRCONF(NETDEV_CHANGE): eth0: link becomes ready
[ 3062.588818] IPv6: ADDRCONF(NETDEV_CHANGE): dafeb9fcbac6764: link becomes ready
[ 3062.635172] device dafeb9fcbac6764 entered promiscuous mode
[ 3151.802113] device dafeb9fcbac6764 left promiscuous mode
[ 3152.424989] IPv6: ADDRCONF(NETDEV_CHANGE): 0d5eef59e4b175b: link becomes ready
[ 3152.463150] device 0d5eef59e4b175b entered promiscuous mode
[ 3211.013177] IPv6: ADDRCONF(NETDEV_CHANGE): eth0: link becomes ready
[ 3211.013250] IPv6: ADDRCONF(NETDEV_CHANGE): d3bf71453d4b23c: link becomes ready
[ 3211.056056] device d3bf71453d4b23c entered promiscuous mode
[ 3235.401451] device cb9249a3eecd32a left promiscuous mode
[ 3236.010078] IPv6: ADDRCONF(NETDEV_CHANGE): 1fc22dcfc02b107: link becomes ready
[ 3236.052346] device 1fc22dcfc02b107 entered promiscuous mode
[ 3250.963949] device d3bf71453d4b23c left promiscuous mode
[ 3325.122955] device 1fc22dcfc02b107 left promiscuous mode
[ 3327.791804] IPv6: ADDRCONF(NETDEV_CHANGE): eth0: link becomes ready
[ 3327.791868] IPv6: ADDRCONF(NETDEV_CHANGE): 566b5c10ddaa084: link becomes ready
[ 3327.887949] device 566b5c10ddaa084 entered promiscuous mode
[ 3606.047377] IPv6: ADDRCONF(NETDEV_CHANGE): eth0: link becomes ready
[ 3606.047436] IPv6: ADDRCONF(NETDEV_CHANGE): 9290d2f8595a144: link becomes ready
[ 3606.088109] device 9290d2f8595a144 entered promiscuous mode
[ 3609.139885] device 9290d2f8595a144 left promiscuous mode
[ 3827.177126] IPv6: ADDRCONF(NETDEV_CHANGE): eth0: link becomes ready
[ 3827.177179] IPv6: ADDRCONF(NETDEV_CHANGE): 8ec7400120649a0: link becomes ready
[ 3827.219299] device 8ec7400120649a0 entered promiscuous mode
[ 3866.831105] device 8ec7400120649a0 left promiscuous mode
[ 4149.291249] IPv6: ADDRCONF(NETDEV_CHANGE): eth0: link becomes ready
[ 4149.291334] IPv6: ADDRCONF(NETDEV_CHANGE): 548d2acafeed485: link becomes ready
[ 4149.358518] device 548d2acafeed485 entered promiscuous mode
[ 4154.092701] device bbe8dd119ca7f5c left promiscuous mode
[ 4156.257163] IPv6: ADDRCONF(NETDEV_CHANGE): eth0: link becomes ready
[ 4156.257219] IPv6: ADDRCONF(NETDEV_CHANGE): 11e86376e73e435: link becomes ready
[ 4156.311510] device 11e86376e73e435 entered promiscuous mode
[ 4170.958837] device acb6d8c08a99880 left promiscuous mode
[ 4172.268918] IPv6: ADDRCONF(NETDEV_CHANGE): eth0: link becomes ready
[ 4172.268992] IPv6: ADDRCONF(NETDEV_CHANGE): 04f222abd617160: link becomes ready
[ 4172.312746] device 04f222abd617160 entered promiscuous mode
[ 4201.047534] device 45ddadc365d5208 left promiscuous mode
[ 4202.276866] IPv6: ADDRCONF(NETDEV_CHANGE): eth0: link becomes ready
[ 4202.276926] IPv6: ADDRCONF(NETDEV_CHANGE): 39266cbaa7f7127: link becomes ready
[ 4202.324410] device 39266cbaa7f7127 entered promiscuous mode
[ 4212.343154] device 548d2acafeed485 left promiscuous mode
[ 4295.084036] IPv6: ADDRCONF(NETDEV_CHANGE): eth0: link becomes ready
[ 4295.084084] IPv6: ADDRCONF(NETDEV_CHANGE): b1df83d4dc1c061: link becomes ready
[ 4295.130100] device b1df83d4dc1c061 entered promiscuous mode
[ 4297.608901] device b1df83d4dc1c061 left promiscuous mode
[ 4344.913958] IPv6: ADDRCONF(NETDEV_CHANGE): eth0: link becomes ready
[ 4344.914013] IPv6: ADDRCONF(NETDEV_CHANGE): 0612276c1de1825: link becomes ready
[ 4344.954007] device 0612276c1de1825 entered promiscuous mode
[ 4347.939964] device 0612276c1de1825 left promiscuous mode
[ 4545.282863] IPv6: ADDRCONF(NETDEV_CHANGE): eth0: link becomes ready
[ 4545.282931] IPv6: ADDRCONF(NETDEV_CHANGE): 0bff92aabe85641: link becomes ready
[ 4545.328581] device 0bff92aabe85641 entered promiscuous mode
[ 4585.486568] device 0bff92aabe85641 left promiscuous mode
[ 5301.905755] IPv6: ADDRCONF(NETDEV_CHANGE): 78284a899a4258b: link becomes ready
[ 5301.955790] device 78284a899a4258b entered promiscuous mode
[ 5304.569680] device 78284a899a4258b left promiscuous mode
[ 5527.405495] IPv6: ADDRCONF(NETDEV_CHANGE): 8e9e5eb004cc26b: link becomes ready
[ 5527.449925] device 8e9e5eb004cc26b entered promiscuous mode
[ 5567.394878] device 8e9e5eb004cc26b left promiscuous mode
[ 6281.185919] IPv6: ADDRCONF(NETDEV_CHANGE): eth0: link becomes ready
[ 6281.185985] IPv6: ADDRCONF(NETDEV_CHANGE): bcf4369cd5dc24e: link becomes ready
[ 6281.225575] device bcf4369cd5dc24e entered promiscuous mode
[ 6283.713110] device 39266cbaa7f7127 left promiscuous mode
[ 6284.110922] device bcf4369cd5dc24e left promiscuous mode
[ 6285.641597] IPv6: ADDRCONF(NETDEV_CHANGE): 8b737f4a686fd60: link becomes ready
[ 6285.683206] device 8b737f4a686fd60 entered promiscuous mode
[ 6297.184819] IPv6: ADDRCONF(NETDEV_CHANGE): eth0: link becomes ready
[ 6297.184885] IPv6: ADDRCONF(NETDEV_CHANGE): 0d21ced271d9005: link becomes ready
[ 6297.231705] device 0d21ced271d9005 entered promiscuous mode
